==============================================================
Vitis HLS - High-Level Synthesis from C, C++ and OpenCL v2022.2 (64-bit)
Tool Version Limit: 2019.12
Copyright 1986-2022 Xilinx, Inc. All Rights Reserved.
==============================================================
==============================================================
Vitis HLS - High-Level Synthesis from C, C++ and OpenCL v2022.2 (64-bit)
Tool Version Limit: 2019.12
Copyright 1986-2022 Xilinx, Inc. All Rights Reserved.
==============================================================
INFO: [SYN 201-201] Setting up clock 'default' with a period of 10ns.
INFO: [HLS 200-1611] Setting target device to 'xc7z020-clg400-1'
INFO: [HLS 200-1505] Using flow_target 'vivado'
INFO: [HLS 200-1510] Running: set_part xc7z020clg400-1 
INFO: [HLS 200-1510] Running: create_clock -period 10 -name default 
INFO: [HLS 200-1510] Running: csynth_design 
INFO: [HLS 200-111] Finished File checks and directory preparation: CPU user time: 0.01 seconds. CPU system time: 0.02 seconds. Elapsed time: 10.03 seconds; current allocated memory: 202.793 MB.
INFO: [HLS 200-10] Analyzing design file 'HLS/conv2d.cpp' ... 
INFO: [HLS 200-111] Finished Source Code Analysis and Preprocessing: CPU user time: 4.89 seconds. CPU system time: 0.61 seconds. Elapsed time: 6.94 seconds; current allocated memory: 202.793 MB.
INFO: [HLS 200-777] Using interface defaults for 'Vivado' flow target.
INFO: [HLS 214-178] Inlining function 'FXP_Mult(int, int, unsigned int)' into 'Conv2D_HW(int*, int*, int*, unsigned int, unsigned int, unsigned int, unsigned int, unsigned int, unsigned int)' (HLS/conv2d.cpp:7:0)
INFO: [HLS 214-115] Multiple burst writes of variable length and bit width 32 in loop 'VITIS_LOOP_22_3'(HLS/conv2d.cpp:22:24) has been inferred on bundle 'gmem'. These burst requests might be further partitioned into multiple requests during RTL generation, based on max_read_burst_length or max_write_burst_length settings. (HLS/conv2d.cpp:22:24)
INFO: [HLS 200-111] Finished Compiling Optimization and Transform: CPU user time: 3.95 seconds. CPU system time: 0.49 seconds. Elapsed time: 5.37 seconds; current allocated memory: 204.035 MB.
INFO: [HLS 200-111] Finished Checking Pragmas: CPU user time: 0 seconds. CPU system time: 0 seconds. Elapsed time: 0 seconds; current allocated memory: 204.035 MB.
INFO: [HLS 200-10] Starting code transformations ...
INFO: [HLS 200-111] Finished Standard Transforms: CPU user time: 0.03 seconds. CPU system time: 0 seconds. Elapsed time: 0.16 seconds; current allocated memory: 204.672 MB.
INFO: [HLS 200-10] Checking synthesizability ...
INFO: [HLS 200-111] Finished Checking Synthesizability: CPU user time: 0.02 seconds. CPU system time: 0.01 seconds. Elapsed time: 0.03 seconds; current allocated memory: 204.719 MB.
INFO: [XFORM 203-510] Pipelining loop 'VITIS_LOOP_27_6' (HLS/conv2d.cpp:23) in function 'Conv2D_HW' automatically.
INFO: [HLS 200-111] Finished Loop, function and other optimizations: CPU user time: 0.08 seconds. CPU system time: 0.01 seconds. Elapsed time: 0.1 seconds; current allocated memory: 226.738 MB.
INFO: [XFORM 203-541] Flattening a loop nest 'VITIS_LOOP_26_5' (HLS/conv2d.cpp:23:14) in function 'Conv2D_HW'.
INFO: [XFORM 203-541] Flattening a loop nest 'VITIS_LOOP_25_4' (HLS/conv2d.cpp:23:14) in function 'Conv2D_HW'.
WARNING: [HLS 200-960] Cannot flatten loop 'VITIS_LOOP_22_3' (HLS/conv2d.cpp:22:38) in function 'Conv2D_HW' the outer loop is not a perfect loop because there is nontrivial logic in the loop latch.
WARNING: [HLS 200-960] Cannot flatten loop 'VITIS_LOOP_21_2' (HLS/conv2d.cpp:21:36) in function 'Conv2D_HW' the outer loop is not a perfect loop because there is nontrivial logic in the loop latch.
INFO: [XFORM 203-541] Flattening a loop nest 'VITIS_LOOP_20_1' (HLS/conv2d.cpp:20:33) in function 'Conv2D_HW'.
INFO: [HLS 200-111] Finished Architecture Synthesis: CPU user time: 0.08 seconds. CPU system time: 0 seconds. Elapsed time: 0.08 seconds; current allocated memory: 227.602 MB.
INFO: [HLS 200-10] Starting hardware synthesis ...
INFO: [HLS 200-10] Synthesizing 'Conv2D_HW' ...
INFO: [HLS 200-10] ----------------------------------------------------------------
INFO: [HLS 200-42] -- Implementing module 'Conv2D_HW_Pipeline_VITIS_LOOP_25_4_VITIS_LOOP_26_5_VITIS_LOOP_27_6' 
INFO: [HLS 200-10] ----------------------------------------------------------------
INFO: [SCHED 204-11] Starting scheduling ...
INFO: [SCHED 204-61] Pipelining loop 'VITIS_LOOP_25_4_VITIS_LOOP_26_5_VITIS_LOOP_27_6'.
WARNING: [HLS 200-885] The II Violation in module 'Conv2D_HW_Pipeline_VITIS_LOOP_25_4_VITIS_LOOP_26_5_VITIS_LOOP_27_6' (loop 'VITIS_LOOP_25_4_VITIS_LOOP_26_5_VITIS_LOOP_27_6'): Unable to schedule bus request operation ('pixelValue_req', HLS/conv2d.cpp:31) on port 'gmem' (HLS/conv2d.cpp:31) due to limited memory ports (II = 1). Please consider using a memory core with more ports or partitioning the array.
INFO: [SCHED 204-61] Discarding stage scheduling solution.
INFO: [HLS 200-1470] Pipelining result : Target II = NA, Final II = 2, Depth = 20, loop 'VITIS_LOOP_25_4_VITIS_LOOP_26_5_VITIS_LOOP_27_6'
INFO: [SCHED 204-11] Finished scheduling.
INFO: [HLS 200-111] Finished Scheduling: CPU user time: 0.23 seconds. CPU system time: 0.03 seconds. Elapsed time: 0.32 seconds; current allocated memory: 230.578 MB.
INFO: [BIND 205-100] Starting micro-architecture generation ...
INFO: [BIND 205-101] Performing variable lifetime analysis.
INFO: [BIND 205-101] Exploring resource sharing.
INFO: [BIND 205-101] Binding ...
INFO: [BIND 205-100] Finished micro-architecture generation.
INFO: [HLS 200-111] Finished Binding: CPU user time: 0.2 seconds. CPU system time: 0 seconds. Elapsed time: 0.21 seconds; current allocated memory: 230.578 MB.
INFO: [HLS 200-10] ----------------------------------------------------------------
INFO: [HLS 200-42] -- Implementing module 'Conv2D_HW' 
INFO: [HLS 200-10] ----------------------------------------------------------------
INFO: [SCHED 204-11] Starting scheduling ...
INFO: [SCHED 204-11] Finished scheduling.
INFO: [HLS 200-111] Finished Scheduling: CPU user time: 0.31 seconds. CPU system time: 0 seconds. Elapsed time: 0.31 seconds; current allocated memory: 230.754 MB.
INFO: [BIND 205-100] Starting micro-architecture generation ...
INFO: [BIND 205-101] Performing variable lifetime analysis.
INFO: [BIND 205-101] Exploring resource sharing.
INFO: [BIND 205-101] Binding ...
INFO: [BIND 205-100] Finished micro-architecture generation.
INFO: [HLS 200-111] Finished Binding: CPU user time: 0.23 seconds. CPU system time: 0 seconds. Elapsed time: 0.23 seconds; current allocated memory: 230.754 MB.
INFO: [HLS 200-10] ----------------------------------------------------------------
INFO: [HLS 200-10] -- Generating RTL for module 'Conv2D_HW_Pipeline_VITIS_LOOP_25_4_VITIS_LOOP_26_5_VITIS_LOOP_27_6' 
INFO: [HLS 200-10] ----------------------------------------------------------------
INFO: [HLS 200-1030] Apply Unified Pipeline Control on module 'Conv2D_HW_Pipeline_VITIS_LOOP_25_4_VITIS_LOOP_26_5_VITIS_LOOP_27_6' pipeline 'VITIS_LOOP_25_4_VITIS_LOOP_26_5_VITIS_LOOP_27_6' pipeline type 'loop pipeline'
INFO: [RTGEN 206-100] Generating core module 'mul_32s_32s_32_2_1': 10 instance(s).
INFO: [RTGEN 206-100] Generating core module 'mul_32s_32s_52_2_1': 1 instance(s).
INFO: [RTGEN 206-100] Finished creating RTL model for 'Conv2D_HW_Pipeline_VITIS_LOOP_25_4_VITIS_LOOP_26_5_VITIS_LOOP_27_6'.
INFO: [HLS 200-111] Finished Creating RTL model: CPU user time: 0.31 seconds. CPU system time: 0.01 seconds. Elapsed time: 0.34 seconds; current allocated memory: 231.656 MB.
INFO: [HLS 200-10] ----------------------------------------------------------------
INFO: [HLS 200-10] -- Generating RTL for module 'Conv2D_HW' 
INFO: [HLS 200-10] ----------------------------------------------------------------
WARNING: [RTGEN 206-101] Design contains AXI ports. Reset is fixed to synchronous and active low.
INFO: [RTGEN 206-500] Setting interface mode on port 'Conv2D_HW/gmem' to 'm_axi'.
INFO: [RTGEN 206-500] Setting interface mode on port 'Conv2D_HW/input_r' to 's_axilite & ap_none'.
INFO: [RTGEN 206-500] Setting interface mode on port 'Conv2D_HW/output_r' to 's_axilite & ap_none'.
INFO: [RTGEN 206-500] Setting interface mode on port 'Conv2D_HW/coeffs' to 's_axilite & ap_none'.
INFO: [RTGEN 206-500] Setting interface mode on port 'Conv2D_HW/numChannels' to 's_axilite & ap_none'.
INFO: [RTGEN 206-500] Setting interface mode on port 'Conv2D_HW/numFilters' to 's_axilite & ap_none'.
INFO: [RTGEN 206-500] Setting interface mode on port 'Conv2D_HW/inputWidth' to 's_axilite & ap_none'.
INFO: [RTGEN 206-500] Setting interface mode on port 'Conv2D_HW/inputHeight' to 's_axilite & ap_none'.
==============================================================
Vitis HLS - High-Level Synthesis from C, C++ and OpenCL v2022.2 (64-bit)
Tool Version Limit: 2019.12
Copyright 1986-2022 Xilinx, Inc. All Rights Reserved.
==============================================================
