INFO: [HLS 200-10] Running '/scrap/users/Xilinx2022.2/Vitis_HLS/2022.2/bin/unwrapped/lnx64.o/vitis_hls'
INFO: [HLS 200-10] For user 'plogoz' on host 'diskless' (Linux_x86_64 version 5.15.0-60-generic) on Fri Mar 13 11:36:31 CET 2026
INFO: [HLS 200-10] On os Ubuntu 22.04 LTS
INFO: [HLS 200-10] In directory '/home/plogoz/lab_HW_SW/lab_HW_SW_midterm-main'
Sourcing Tcl script '/home/plogoz/lab_HW_SW/lab_HW_SW_midterm-main/midterm_vitis/solution1/export.tcl'
INFO: [HLS 200-1510] Running: source /home/plogoz/lab_HW_SW/lab_HW_SW_midterm-main/midterm_vitis/solution1/export.tcl
INFO: [HLS 200-1510] Running: open_project midterm_vitis 
INFO: [HLS 200-10] Opening project '/home/plogoz/lab_HW_SW/lab_HW_SW_midterm-main/midterm_vitis'.
INFO: [HLS 200-1510] Running: set_top Conv2D_HW 
INFO: [HLS 200-1510] Running: add_files HLS/conv2d.cpp 
INFO: [HLS 200-10] Adding design file 'HLS/conv2d.cpp' to the project
INFO: [HLS 200-1510] Running: add_files HLS/conv2d.h 
INFO: [HLS 200-10] Adding design file 'HLS/conv2d.h' to the project
INFO: [HLS 200-1510] Running: add_files -tb HLS/conv2DTestbench.cpp 
INFO: [HLS 200-10] Adding test bench file 'HLS/conv2DTestbench.cpp' to the project
INFO: [HLS 200-1510] Running: open_solution solution1 -flow_target vivado 
INFO: [HLS 200-10] Opening solution '/home/plogoz/lab_HW_SW/lab_HW_SW_midterm-main/midterm_vitis/solution1'.
INFO: [SYN 201-201] Setting up clock 'default' with a period of 10ns.
INFO: [HLS 200-1611] Setting target device to 'xc7z020-clg400-1'
INFO: [HLS 200-1505] Using flow_target 'vivado'
Resolution: For help on HLS 200-1505 see www.xilinx.com/cgi-bin/docs/rdoc?v=2022.2;t=hls+guidance;d=200-1505.html
INFO: [HLS 200-1464] Running solution command: config_export -output=/home/plogoz/lab_HW_SW/lab_HW_SW_midterm-main/IP
INFO: [HLS 200-1510] Running: set_part xc7z020clg400-1 
INFO: [HLS 200-1510] Running: create_clock -period 10 -name default 
INFO: [SYN 201-201] Setting up clock 'default' with a period of 10ns.
INFO: [HLS 200-1510] Running: config_export -output /home/plogoz/lab_HW_SW/lab_HW_SW_midterm-main/IP 
INFO: [HLS 200-1510] Running: export_design -rtl verilog -format ip_catalog -output /home/plogoz/lab_HW_SW/lab_HW_SW_midterm-main/IP 
Running Dispatch Server on port: 43575
INFO: [IMPL 213-8] Exporting RTL as a Vivado IP.

****** Vivado v2022.2 (64-bit)
  **** SW Build 3671981 on Fri Oct 14 04:59:54 MDT 2022
  **** IP Build 3669848 on Fri Oct 14 08:30:02 MDT 2022
    ** Copyright 1986-2022 Xilinx, Inc. All Rights Reserved.

source run_ippack.tcl -notrace
ipx::create_core: Time (s): cpu = 00:00:06 ; elapsed = 00:00:07 . Memory (MB): peak = 1363.078 ; gain = 0.023 ; free physical = 7869 ; free virtual = 75146
INFO: [IP_Flow 19-234] Refreshing IP repositories
INFO: [IP_Flow 19-1704] No user IP repositories specified
INFO: [IP_Flow 19-2313] Loaded Vivado IP repository '/scrap/users/Xilinx2022.2/Vivado/2022.2/data/ip'.
INFO: [Common 17-206] Exiting Vivado at Fri Mar 13 11:36:58 2026...
INFO: [HLS 200-802] Generated output file IP/export.zip
INFO: [HLS 200-111] Finished Command export_design CPU user time: 14.72 seconds. CPU system time: 1.09 seconds. Elapsed time: 26.74 seconds; current allocated memory: 7.906 MB.
INFO: [HLS 200-112] Total CPU user time: 16.17 seconds. Total CPU system time: 1.45 seconds. Total elapsed time: 38.99 seconds; peak allocated memory: 210.781 MB.
