Fri Mar 13 11:33:23 2026: Running xcd server. This server was built by gradle.
Fri Mar 13 11:33:23 2026: Server was asked to start on port: '43151'
Fri Mar 13 11:33:23 2026: Server is using token UUID: '14574b9a-8932-4a33-b146-a6c5e58542d6'
Fri Mar 13 11:33:23 2026: SESSION_MGR: creating session with session uuid: '6d04a3e9-ade5-4ab9-8d63-1f78fcd2ec76' and name 'default'
Fri Mar 13 11:33:23 2026: Attempting to start server on port '43151'
Fri Mar 13 11:33:23 2026: XCD main fifo: created main fifo '/tmp/xcdmain14574b9a-8932-4a33-b146-a6c5e58542d6', fd read = 13
Fri Mar 13 11:33:23 2026: Running Dispatch Server
Fri Mar 13 11:33:23 2026: Version 2.2.0
Fri Mar 13 11:33:31 2026: Dispatch Server: Accepted socket connection from client
Fri Mar 13 11:33:31 2026: Starting Socket connection
Fri Mar 13 11:33:31 2026: EXCHANGE_TOKEN received, server token: 14574b9a-8932-4a33-b146-a6c5e58542d6, passed token: 14574b9a-8932-4a33-b146-a6c5e58542d6
Fri Mar 13 11:33:31 2026: SESSION_MGR: creating session with session uuid: '62145dba-a12f-4b78-86b5-5edc6014d2a2' and name 'vitis_hls'
Fri Mar 13 11:33:31 2026: KERNEL_SVC: creating session with uuid: '62145dba-a12f-4b78-86b5-5edc6014d2a2' and name 'vitis_hls'
Fri Mar 13 11:33:31 2026: GUIDANCE_SMGR: creating guidance session with uuid: '62145dba-a12f-4b78-86b5-5edc6014d2a2' and name 'vitis_hls'
Fri Mar 13 11:33:48 2026: STOP_SERVER received, server token: 14574b9a-8932-4a33-b146-a6c5e58542d6, passed token: 14574b9a-8932-4a33-b146-a6c5e58542d6
Fri Mar 13 11:33:48 2026: Socket received request to stop server.
Fri Mar 13 11:33:48 2026: Dispatch Server: do_await_stop
Fri Mar 13 11:33:48 2026: Dispatch Server: stopping mainFifo_
Fri Mar 13 11:33:48 2026: XCD main fifo: Stopping
Fri Mar 13 11:33:48 2026: XCD main fifo: do_read error code: Operation canceled
Fri Mar 13 11:33:48 2026: XCD main fifo: bytes_transferred: 0
Fri Mar 13 11:33:48 2026: SERVER: destructor for server bound to port 43151
Fri Mar 13 11:33:48 2026: XCD main fifo: Good unlink of /tmp/xcdmain14574b9a-8932-4a33-b146-a6c5e58542d6
Fri Mar 13 11:33:48 2026: Server exiting with status 0.
Fri Mar 13 11:33:48 2026: Closing log file.
Fri Mar 13 11:36:33 2026: Running xcd server. This server was built by gradle.
Fri Mar 13 11:36:33 2026: Server was asked to start on port: '43575'
Fri Mar 13 11:36:33 2026: Server is using token UUID: '60d8bbff-ab1c-4793-8cc4-5613bbddacd5'
Fri Mar 13 11:36:33 2026: SESSION_MGR: creating session with session uuid: '6d04a3e9-ade5-4ab9-8d63-1f78fcd2ec76' and name 'default'
Fri Mar 13 11:36:33 2026: Attempting to start server on port '43575'
Fri Mar 13 11:36:33 2026: XCD main fifo: created main fifo '/tmp/xcdmain60d8bbff-ab1c-4793-8cc4-5613bbddacd5', fd read = 13
Fri Mar 13 11:36:33 2026: Running Dispatch Server
Fri Mar 13 11:36:33 2026: Version 2.2.0
Fri Mar 13 11:36:42 2026: Dispatch Server: Accepted socket connection from client
Fri Mar 13 11:36:42 2026: Starting Socket connection
Fri Mar 13 11:36:42 2026: EXCHANGE_TOKEN received, server token: 60d8bbff-ab1c-4793-8cc4-5613bbddacd5, passed token: 60d8bbff-ab1c-4793-8cc4-5613bbddacd5
Fri Mar 13 11:36:42 2026: SESSION_MGR: creating session with session uuid: '1f31221b-fef7-4bce-aa4d-ada55aebc0d9' and name 'vitis_hls'
Fri Mar 13 11:36:42 2026: KERNEL_SVC: creating session with uuid: '1f31221b-fef7-4bce-aa4d-ada55aebc0d9' and name 'vitis_hls'
Fri Mar 13 11:36:42 2026: GUIDANCE_SMGR: creating guidance session with uuid: '1f31221b-fef7-4bce-aa4d-ada55aebc0d9' and name 'vitis_hls'
Fri Mar 13 11:37:09 2026: STOP_SERVER received, server token: 60d8bbff-ab1c-4793-8cc4-5613bbddacd5, passed token: 60d8bbff-ab1c-4793-8cc4-5613bbddacd5
Fri Mar 13 11:37:09 2026: Socket received request to stop server.
Fri Mar 13 11:37:09 2026: Dispatch Server: do_await_stop
Fri Mar 13 11:37:09 2026: Dispatch Server: stopping mainFifo_
Fri Mar 13 11:37:09 2026: XCD main fifo: Stopping
Fri Mar 13 11:37:09 2026: XCD main fifo: do_read error code: Operation canceled
Fri Mar 13 11:37:09 2026: XCD main fifo: bytes_transferred: 0
Fri Mar 13 11:37:09 2026: SERVER: destructor for server bound to port 43575
Fri Mar 13 11:37:09 2026: XCD main fifo: Good unlink of /tmp/xcdmain60d8bbff-ab1c-4793-8cc4-5613bbddacd5
Fri Mar 13 11:37:09 2026: Server exiting with status 0.
Fri Mar 13 11:37:09 2026: Closing log file.
