Copyright 1986-2022 Xilinx, Inc. All Rights Reserved.
----------------------------------------------------------------------------------------------------
| Tool Version : Vivado v.2022.2 (lin64) Build 3671981 Fri Oct 14 04:59:54 MDT 2022
| Date         : Thu Apr  2 10:30:22 2026
| Host         : bb5f613ba90c running 64-bit Ubuntu 22.04.5 LTS
| Command      : report_clock_interaction -delay_type min_max -file ./reports/clock_interaction.rpt
| Design       : design_1_wrapper
| Device       : 7z020-clg400
| Speed File   : -1  PRODUCTION 1.12 2019-11-22
----------------------------------------------------------------------------------------------------

Clock Interaction Report

Clock Interaction Table
-----------------------

                            WNS                            TNS Failing  TNS Total    WNS Path         WHS                            THS Failing  THS Total    WHS Path         Clock-Pair           Inter-Clock         
From Clock    To Clock      Clock Edges  WNS(ns)  TNS(ns)    Endpoints    Endpoints  Requirement(ns)  Clock Edges  WHS(ns)  THS(ns)    Endpoints    Endpoints  Requirement(ns)  Classification       Constraints         
------------  ------------  -----------  -------  -------  -----------  -----------  ---------------  -----------  -------  -------  -----------  -----------  ---------------  -------------------  ------------------  
clk_fpga_0    clk_fpga_0    rise - rise     4.15     0.00            0        23828            20.00  rise - rise     0.02     0.00            0        23828             0.00  Clean                Partial False Path  


