Copyright 1986-2022 Xilinx, Inc. All Rights Reserved.
------------------------------------------------------------------------------------
| Tool Version : Vivado v.2022.2 (lin64) Build 3671981 Fri Oct 14 04:59:54 MDT 2022
| Date         : Thu Apr  2 10:30:24 2026
| Host         : bb5f613ba90c running 64-bit Ubuntu 22.04.5 LTS
| Command      : report_drc -file ./reports/drc.rpt
| Design       : design_1_wrapper
| Device       : xc7z020clg400-1
| Speed File   : -1
| Design State : Fully Routed
------------------------------------------------------------------------------------

Report DRC

Table of Contents
-----------------
1. REPORT SUMMARY
2. REPORT DETAILS

1. REPORT SUMMARY
-----------------
            Netlist: netlist
          Floorplan: impl_1
      Design limits: <entire design considered>
           Ruledeck: default
             Max violations: <unlimited>
             Violations found: 114
+-----------+----------+-------------------------+------------+
| Rule      | Severity | Description             | Violations |
+-----------+----------+-------------------------+------------+
| DPIP-1    | Warning  | Input pipelining        | 22         |
| DPOP-1    | Warning  | PREG Output pipelining  | 32         |
| DPOP-2    | Warning  | MREG Output pipelining  | 53         |
| PDCN-1569 | Warning  | LUT equation term check | 6          |
| RTSTAT-10 | Warning  | No routable loads       | 1          |
+-----------+----------+-------------------------+------------+

2. REPORT DETAILS
-----------------
DPIP-1#1 Warning
Input pipelining  
DSP design_1_i/Conv2D_HW_0/inst/empty_45_reg_668_reg input design_1_i/Conv2D_HW_0/inst/empty_45_reg_668_reg/B[17:0] is not pipelined. Pipelining DSP48 input will improve performance.
Related violations: <none>

DPIP-1#2 Warning
Input pipelining  
DSP design_1_i/Conv2D_HW_0/inst/grp_Conv2D_HW_Pipeline_loop_acc_x_fu_303/mul_32s_32s_32_1_1_U25/dout input design_1_i/Conv2D_HW_0/inst/grp_Conv2D_HW_Pipeline_loop_acc_x_fu_303/mul_32s_32s_32_1_1_U25/dout/B[17:0] is not pipelined. Pipelining DSP48 input will improve performance.
Related violations: <none>

DPIP-1#3 Warning
Input pipelining  
DSP design_1_i/Conv2D_HW_0/inst/grp_Conv2D_HW_Pipeline_loop_acc_x_fu_303/mul_32s_32s_32_1_1_U25/dout__0 input design_1_i/Conv2D_HW_0/inst/grp_Conv2D_HW_Pipeline_loop_acc_x_fu_303/mul_32s_32s_32_1_1_U25/dout__0/A[29:0] is not pipelined. Pipelining DSP48 input will improve performance.
Related violations: <none>

DPIP-1#4 Warning
Input pipelining  
DSP design_1_i/Conv2D_HW_0/inst/grp_Conv2D_HW_Pipeline_loop_acc_x_fu_303/mul_32s_32s_32_1_1_U26/dout input design_1_i/Conv2D_HW_0/inst/grp_Conv2D_HW_Pipeline_loop_acc_x_fu_303/mul_32s_32s_32_1_1_U26/dout/B[17:0] is not pipelined. Pipelining DSP48 input will improve performance.
Related violations: <none>

DPIP-1#5 Warning
Input pipelining  
DSP design_1_i/Conv2D_HW_0/inst/grp_Conv2D_HW_Pipeline_loop_acc_x_fu_303/mul_32s_32s_32_1_1_U26/dout__0 input design_1_i/Conv2D_HW_0/inst/grp_Conv2D_HW_Pipeline_loop_acc_x_fu_303/mul_32s_32s_32_1_1_U26/dout__0/A[29:0] is not pipelined. Pipelining DSP48 input will improve performance.
Related violations: <none>

DPIP-1#6 Warning
Input pipelining  
DSP design_1_i/Conv2D_HW_0/inst/grp_Conv2D_HW_Pipeline_loop_acc_x_fu_303/mul_32s_32s_32_1_1_U28/dout__0 input design_1_i/Conv2D_HW_0/inst/grp_Conv2D_HW_Pipeline_loop_acc_x_fu_303/mul_32s_32s_32_1_1_U28/dout__0/B[17:0] is not pipelined. Pipelining DSP48 input will improve performance.
Related violations: <none>

DPIP-1#7 Warning
Input pipelining  
DSP design_1_i/Conv2D_HW_0/inst/grp_Conv2D_HW_Pipeline_loop_acc_x_fu_303/mul_32s_32s_32_1_1_U28/dout__0__0 input design_1_i/Conv2D_HW_0/inst/grp_Conv2D_HW_Pipeline_loop_acc_x_fu_303/mul_32s_32s_32_1_1_U28/dout__0__0/A[29:0] is not pipelined. Pipelining DSP48 input will improve performance.
Related violations: <none>

DPIP-1#8 Warning
Input pipelining  
DSP design_1_i/Conv2D_HW_0/inst/grp_Conv2D_HW_Pipeline_loop_acc_x_fu_303/tmp4_mid1_reg_928_reg input design_1_i/Conv2D_HW_0/inst/grp_Conv2D_HW_Pipeline_loop_acc_x_fu_303/tmp4_mid1_reg_928_reg/A[29:0] is not pipelined. Pipelining DSP48 input will improve performance.
Related violations: <none>

DPIP-1#9 Warning
Input pipelining  
DSP design_1_i/Conv2D_HW_0/inst/grp_Conv2D_HW_Pipeline_loop_load_coef_x_fu_280/mul_32s_32s_32_1_1_U1/dout input design_1_i/Conv2D_HW_0/inst/grp_Conv2D_HW_Pipeline_loop_load_coef_x_fu_280/mul_32s_32s_32_1_1_U1/dout/A[29:0] is not pipelined. Pipelining DSP48 input will improve performance.
Related violations: <none>

DPIP-1#10 Warning
Input pipelining  
DSP design_1_i/Conv2D_HW_0/inst/grp_Conv2D_HW_Pipeline_loop_load_coef_x_fu_280/mul_32s_32s_32_1_1_U1/dout__0 input design_1_i/Conv2D_HW_0/inst/grp_Conv2D_HW_Pipeline_loop_load_coef_x_fu_280/mul_32s_32s_32_1_1_U1/dout__0/B[17:0] is not pipelined. Pipelining DSP48 input will improve performance.
Related violations: <none>

DPIP-1#11 Warning
Input pipelining  
DSP design_1_i/Conv2D_HW_0/inst/grp_Conv2D_HW_Pipeline_loop_load_coef_x_fu_280/mul_32s_32s_32_1_1_U3/dout input design_1_i/Conv2D_HW_0/inst/grp_Conv2D_HW_Pipeline_loop_load_coef_x_fu_280/mul_32s_32s_32_1_1_U3/dout/A[29:0] is not pipelined. Pipelining DSP48 input will improve performance.
Related violations: <none>

DPIP-1#12 Warning
Input pipelining  
DSP design_1_i/Conv2D_HW_0/inst/grp_Conv2D_HW_Pipeline_loop_load_coef_x_fu_280/mul_32s_32s_32_1_1_U3/dout input design_1_i/Conv2D_HW_0/inst/grp_Conv2D_HW_Pipeline_loop_load_coef_x_fu_280/mul_32s_32s_32_1_1_U3/dout/B[17:0] is not pipelined. Pipelining DSP48 input will improve performance.
Related violations: <none>

DPIP-1#13 Warning
Input pipelining  
DSP design_1_i/Conv2D_HW_0/inst/grp_Conv2D_HW_Pipeline_loop_load_coef_x_fu_280/mul_32s_32s_32_1_1_U3/dout__0 input design_1_i/Conv2D_HW_0/inst/grp_Conv2D_HW_Pipeline_loop_load_coef_x_fu_280/mul_32s_32s_32_1_1_U3/dout__0/A[29:0] is not pipelined. Pipelining DSP48 input will improve performance.
Related violations: <none>

DPIP-1#14 Warning
Input pipelining  
DSP design_1_i/Conv2D_HW_0/inst/grp_Conv2D_HW_Pipeline_loop_load_coef_x_fu_280/mul_32s_32s_32_1_1_U3/dout__0 input design_1_i/Conv2D_HW_0/inst/grp_Conv2D_HW_Pipeline_loop_load_coef_x_fu_280/mul_32s_32s_32_1_1_U3/dout__0/B[17:0] is not pipelined. Pipelining DSP48 input will improve performance.
Related violations: <none>

DPIP-1#15 Warning
Input pipelining  
DSP design_1_i/Conv2D_HW_0/inst/grp_Conv2D_HW_Pipeline_loop_load_coef_x_fu_280/mul_32s_32s_32_1_1_U4/dout input design_1_i/Conv2D_HW_0/inst/grp_Conv2D_HW_Pipeline_loop_load_coef_x_fu_280/mul_32s_32s_32_1_1_U4/dout/B[17:0] is not pipelined. Pipelining DSP48 input will improve performance.
Related violations: <none>

DPIP-1#16 Warning
Input pipelining  
DSP design_1_i/Conv2D_HW_0/inst/grp_Conv2D_HW_Pipeline_loop_load_coef_x_fu_280/mul_32s_32s_32_1_1_U4/dout__0 input design_1_i/Conv2D_HW_0/inst/grp_Conv2D_HW_Pipeline_loop_load_coef_x_fu_280/mul_32s_32s_32_1_1_U4/dout__0/A[29:0] is not pipelined. Pipelining DSP48 input will improve performance.
Related violations: <none>

DPIP-1#17 Warning
Input pipelining  
DSP design_1_i/Conv2D_HW_0/inst/grp_Conv2D_HW_Pipeline_loop_load_coef_x_fu_280/mul_ln42_1_reg_776_reg input design_1_i/Conv2D_HW_0/inst/grp_Conv2D_HW_Pipeline_loop_load_coef_x_fu_280/mul_ln42_1_reg_776_reg/A[29:0] is not pipelined. Pipelining DSP48 input will improve performance.
Related violations: <none>

DPIP-1#18 Warning
Input pipelining  
DSP design_1_i/Conv2D_HW_0/inst/grp_Conv2D_HW_Pipeline_loop_load_coef_x_fu_280/mul_ln42_1_reg_776_reg input design_1_i/Conv2D_HW_0/inst/grp_Conv2D_HW_Pipeline_loop_load_coef_x_fu_280/mul_ln42_1_reg_776_reg/B[17:0] is not pipelined. Pipelining DSP48 input will improve performance.
Related violations: <none>

DPIP-1#19 Warning
Input pipelining  
DSP design_1_i/Conv2D_HW_0/inst/grp_Conv2D_HW_Pipeline_loop_load_coef_x_fu_280/mul_ln42_reg_750_reg input design_1_i/Conv2D_HW_0/inst/grp_Conv2D_HW_Pipeline_loop_load_coef_x_fu_280/mul_ln42_reg_750_reg/B[17:0] is not pipelined. Pipelining DSP48 input will improve performance.
Related violations: <none>

DPIP-1#20 Warning
Input pipelining  
DSP design_1_i/Conv2D_HW_0/inst/grp_Conv2D_HW_Pipeline_loop_load_coef_x_fu_280/mul_ln43_1_reg_791_reg input design_1_i/Conv2D_HW_0/inst/grp_Conv2D_HW_Pipeline_loop_load_coef_x_fu_280/mul_ln43_1_reg_791_reg/A[29:0] is not pipelined. Pipelining DSP48 input will improve performance.
Related violations: <none>

DPIP-1#21 Warning
Input pipelining  
DSP design_1_i/Conv2D_HW_0/inst/mul_32s_32s_32_1_1_U61/dout input design_1_i/Conv2D_HW_0/inst/mul_32s_32s_32_1_1_U61/dout/A[29:0] is not pipelined. Pipelining DSP48 input will improve performance.
Related violations: <none>

DPIP-1#22 Warning
Input pipelining  
DSP design_1_i/Conv2D_HW_0/inst/mul_32s_32s_32_1_1_U61/dout__0 input design_1_i/Conv2D_HW_0/inst/mul_32s_32s_32_1_1_U61/dout__0/B[17:0] is not pipelined. Pipelining DSP48 input will improve performance.
Related violations: <none>

DPOP-1#1 Warning
PREG Output pipelining  
DSP design_1_i/Conv2D_HW_0/inst/grp_Conv2D_HW_Pipeline_loop_acc_x_fu_303/mul_32s_32s_32_1_1_U24/dout__0 output design_1_i/Conv2D_HW_0/inst/grp_Conv2D_HW_Pipeline_loop_acc_x_fu_303/mul_32s_32s_32_1_1_U24/dout__0/P[47:0] is not pipelined (PREG=0). Pipelining the DSP48 output will improve performance and often saves power so it is suggested whenever possible to fully pipeline this function.  If this DSP48 function was inferred, it is suggested to describe an additional register stage after this function.  If the DSP48 was instantiated in the design, it is suggested to set the PREG attribute to 1.
Related violations: <none>

DPOP-1#2 Warning
PREG Output pipelining  
DSP design_1_i/Conv2D_HW_0/inst/grp_Conv2D_HW_Pipeline_loop_acc_x_fu_303/mul_32s_32s_32_1_1_U25/dout__0 output design_1_i/Conv2D_HW_0/inst/grp_Conv2D_HW_Pipeline_loop_acc_x_fu_303/mul_32s_32s_32_1_1_U25/dout__0/P[47:0] is not pipelined (PREG=0). Pipelining the DSP48 output will improve performance and often saves power so it is suggested whenever possible to fully pipeline this function.  If this DSP48 function was inferred, it is suggested to describe an additional register stage after this function.  If the DSP48 was instantiated in the design, it is suggested to set the PREG attribute to 1.
Related violations: <none>

DPOP-1#3 Warning
PREG Output pipelining  
DSP design_1_i/Conv2D_HW_0/inst/grp_Conv2D_HW_Pipeline_loop_acc_x_fu_303/mul_32s_32s_32_1_1_U26/dout output design_1_i/Conv2D_HW_0/inst/grp_Conv2D_HW_Pipeline_loop_acc_x_fu_303/mul_32s_32s_32_1_1_U26/dout/P[47:0] is not pipelined (PREG=0). Pipelining the DSP48 output will improve performance and often saves power so it is suggested whenever possible to fully pipeline this function.  If this DSP48 function was inferred, it is suggested to describe an additional register stage after this function.  If the DSP48 was instantiated in the design, it is suggested to set the PREG attribute to 1.
Related violations: <none>

DPOP-1#4 Warning
PREG Output pipelining  
DSP design_1_i/Conv2D_HW_0/inst/grp_Conv2D_HW_Pipeline_loop_acc_x_fu_303/mul_32s_32s_32_1_1_U26/dout__0 output design_1_i/Conv2D_HW_0/inst/grp_Conv2D_HW_Pipeline_loop_acc_x_fu_303/mul_32s_32s_32_1_1_U26/dout__0/P[47:0] is not pipelined (PREG=0). Pipelining the DSP48 output will improve performance and often saves power so it is suggested whenever possible to fully pipeline this function.  If this DSP48 function was inferred, it is suggested to describe an additional register stage after this function.  If the DSP48 was instantiated in the design, it is suggested to set the PREG attribute to 1.
Related violations: <none>

DPOP-1#5 Warning
PREG Output pipelining  
DSP design_1_i/Conv2D_HW_0/inst/grp_Conv2D_HW_Pipeline_loop_acc_x_fu_303/mul_32s_32s_32_1_1_U26/dout__1 output design_1_i/Conv2D_HW_0/inst/grp_Conv2D_HW_Pipeline_loop_acc_x_fu_303/mul_32s_32s_32_1_1_U26/dout__1/P[47:0] is not pipelined (PREG=0). Pipelining the DSP48 output will improve performance and often saves power so it is suggested whenever possible to fully pipeline this function.  If this DSP48 function was inferred, it is suggested to describe an additional register stage after this function.  If the DSP48 was instantiated in the design, it is suggested to set the PREG attribute to 1.
Related violations: <none>

DPOP-1#6 Warning
PREG Output pipelining  
DSP design_1_i/Conv2D_HW_0/inst/grp_Conv2D_HW_Pipeline_loop_acc_x_fu_303/mul_32s_32s_32_1_1_U27/dout output design_1_i/Conv2D_HW_0/inst/grp_Conv2D_HW_Pipeline_loop_acc_x_fu_303/mul_32s_32s_32_1_1_U27/dout/P[47:0] is not pipelined (PREG=0). Pipelining the DSP48 output will improve performance and often saves power so it is suggested whenever possible to fully pipeline this function.  If this DSP48 function was inferred, it is suggested to describe an additional register stage after this function.  If the DSP48 was instantiated in the design, it is suggested to set the PREG attribute to 1.
Related violations: <none>

DPOP-1#7 Warning
PREG Output pipelining  
DSP design_1_i/Conv2D_HW_0/inst/grp_Conv2D_HW_Pipeline_loop_acc_x_fu_303/mul_32s_32s_32_1_1_U27/dout__0 output design_1_i/Conv2D_HW_0/inst/grp_Conv2D_HW_Pipeline_loop_acc_x_fu_303/mul_32s_32s_32_1_1_U27/dout__0/P[47:0] is not pipelined (PREG=0). Pipelining the DSP48 output will improve performance and often saves power so it is suggested whenever possible to fully pipeline this function.  If this DSP48 function was inferred, it is suggested to describe an additional register stage after this function.  If the DSP48 was instantiated in the design, it is suggested to set the PREG attribute to 1.
Related violations: <none>

DPOP-1#8 Warning
PREG Output pipelining  
DSP design_1_i/Conv2D_HW_0/inst/grp_Conv2D_HW_Pipeline_loop_acc_x_fu_303/mul_32s_32s_32_1_1_U27/dout__1 output design_1_i/Conv2D_HW_0/inst/grp_Conv2D_HW_Pipeline_loop_acc_x_fu_303/mul_32s_32s_32_1_1_U27/dout__1/P[47:0] is not pipelined (PREG=0). Pipelining the DSP48 output will improve performance and often saves power so it is suggested whenever possible to fully pipeline this function.  If this DSP48 function was inferred, it is suggested to describe an additional register stage after this function.  If the DSP48 was instantiated in the design, it is suggested to set the PREG attribute to 1.
Related violations: <none>

DPOP-1#9 Warning
PREG Output pipelining  
DSP design_1_i/Conv2D_HW_0/inst/grp_Conv2D_HW_Pipeline_loop_acc_x_fu_303/mul_32s_32s_32_1_1_U28/dout__0 output design_1_i/Conv2D_HW_0/inst/grp_Conv2D_HW_Pipeline_loop_acc_x_fu_303/mul_32s_32s_32_1_1_U28/dout__0/P[47:0] is not pipelined (PREG=0). Pipelining the DSP48 output will improve performance and often saves power so it is suggested whenever possible to fully pipeline this function.  If this DSP48 function was inferred, it is suggested to describe an additional register stage after this function.  If the DSP48 was instantiated in the design, it is suggested to set the PREG attribute to 1.
Related violations: <none>

DPOP-1#10 Warning
PREG Output pipelining  
DSP design_1_i/Conv2D_HW_0/inst/grp_Conv2D_HW_Pipeline_loop_acc_x_fu_303/mul_32s_32s_32_1_1_U28/dout__0__0 output design_1_i/Conv2D_HW_0/inst/grp_Conv2D_HW_Pipeline_loop_acc_x_fu_303/mul_32s_32s_32_1_1_U28/dout__0__0/P[47:0] is not pipelined (PREG=0). Pipelining the DSP48 output will improve performance and often saves power so it is suggested whenever possible to fully pipeline this function.  If this DSP48 function was inferred, it is suggested to describe an additional register stage after this function.  If the DSP48 was instantiated in the design, it is suggested to set the PREG attribute to 1.
Related violations: <none>

DPOP-1#11 Warning
PREG Output pipelining  
DSP design_1_i/Conv2D_HW_0/inst/grp_Conv2D_HW_Pipeline_loop_acc_x_fu_303/mul_32s_32s_32_1_1_U28/dout__1 output design_1_i/Conv2D_HW_0/inst/grp_Conv2D_HW_Pipeline_loop_acc_x_fu_303/mul_32s_32s_32_1_1_U28/dout__1/P[47:0] is not pipelined (PREG=0). Pipelining the DSP48 output will improve performance and often saves power so it is suggested whenever possible to fully pipeline this function.  If this DSP48 function was inferred, it is suggested to describe an additional register stage after this function.  If the DSP48 was instantiated in the design, it is suggested to set the PREG attribute to 1.
Related violations: <none>

DPOP-1#12 Warning
PREG Output pipelining  
DSP design_1_i/Conv2D_HW_0/inst/grp_Conv2D_HW_Pipeline_loop_acc_x_fu_303/mul_32s_32s_32_1_1_U29/dout output design_1_i/Conv2D_HW_0/inst/grp_Conv2D_HW_Pipeline_loop_acc_x_fu_303/mul_32s_32s_32_1_1_U29/dout/P[47:0] is not pipelined (PREG=0). Pipelining the DSP48 output will improve performance and often saves power so it is suggested whenever possible to fully pipeline this function.  If this DSP48 function was inferred, it is suggested to describe an additional register stage after this function.  If the DSP48 was instantiated in the design, it is suggested to set the PREG attribute to 1.
Related violations: <none>

DPOP-1#13 Warning
PREG Output pipelining  
DSP design_1_i/Conv2D_HW_0/inst/grp_Conv2D_HW_Pipeline_loop_acc_x_fu_303/mul_32s_32s_32_1_1_U29/dout__0 output design_1_i/Conv2D_HW_0/inst/grp_Conv2D_HW_Pipeline_loop_acc_x_fu_303/mul_32s_32s_32_1_1_U29/dout__0/P[47:0] is not pipelined (PREG=0). Pipelining the DSP48 output will improve performance and often saves power so it is suggested whenever possible to fully pipeline this function.  If this DSP48 function was inferred, it is suggested to describe an additional register stage after this function.  If the DSP48 was instantiated in the design, it is suggested to set the PREG attribute to 1.
Related violations: <none>

DPOP-1#14 Warning
PREG Output pipelining  
DSP design_1_i/Conv2D_HW_0/inst/grp_Conv2D_HW_Pipeline_loop_acc_x_fu_303/mul_32s_32s_32_1_1_U29/dout__1 output design_1_i/Conv2D_HW_0/inst/grp_Conv2D_HW_Pipeline_loop_acc_x_fu_303/mul_32s_32s_32_1_1_U29/dout__1/P[47:0] is not pipelined (PREG=0). Pipelining the DSP48 output will improve performance and often saves power so it is suggested whenever possible to fully pipeline this function.  If this DSP48 function was inferred, it is suggested to describe an additional register stage after this function.  If the DSP48 was instantiated in the design, it is suggested to set the PREG attribute to 1.
Related violations: <none>

DPOP-1#15 Warning
PREG Output pipelining  
DSP design_1_i/Conv2D_HW_0/inst/grp_Conv2D_HW_Pipeline_loop_acc_x_fu_303/mul_32s_32s_52_1_1_U34/dout__0 output design_1_i/Conv2D_HW_0/inst/grp_Conv2D_HW_Pipeline_loop_acc_x_fu_303/mul_32s_32s_52_1_1_U34/dout__0/P[47:0] is not pipelined (PREG=0). Pipelining the DSP48 output will improve performance and often saves power so it is suggested whenever possible to fully pipeline this function.  If this DSP48 function was inferred, it is suggested to describe an additional register stage after this function.  If the DSP48 was instantiated in the design, it is suggested to set the PREG attribute to 1.
Related violations: <none>

DPOP-1#16 Warning
PREG Output pipelining  
DSP design_1_i/Conv2D_HW_0/inst/grp_Conv2D_HW_Pipeline_loop_acc_x_fu_303/mul_32s_32s_52_1_1_U34/dout__0__0 output design_1_i/Conv2D_HW_0/inst/grp_Conv2D_HW_Pipeline_loop_acc_x_fu_303/mul_32s_32s_52_1_1_U34/dout__0__0/P[47:0] is not pipelined (PREG=0). Pipelining the DSP48 output will improve performance and often saves power so it is suggested whenever possible to fully pipeline this function.  If this DSP48 function was inferred, it is suggested to describe an additional register stage after this function.  If the DSP48 was instantiated in the design, it is suggested to set the PREG attribute to 1.
Related violations: <none>

DPOP-1#17 Warning
PREG Output pipelining  
DSP design_1_i/Conv2D_HW_0/inst/grp_Conv2D_HW_Pipeline_loop_acc_x_fu_303/mul_32s_32s_52_1_1_U34/dout__1 output design_1_i/Conv2D_HW_0/inst/grp_Conv2D_HW_Pipeline_loop_acc_x_fu_303/mul_32s_32s_52_1_1_U34/dout__1/P[47:0] is not pipelined (PREG=0). Pipelining the DSP48 output will improve performance and often saves power so it is suggested whenever possible to fully pipeline this function.  If this DSP48 function was inferred, it is suggested to describe an additional register stage after this function.  If the DSP48 was instantiated in the design, it is suggested to set the PREG attribute to 1.
Related violations: <none>

DPOP-1#18 Warning
PREG Output pipelining  
DSP design_1_i/Conv2D_HW_0/inst/grp_Conv2D_HW_Pipeline_loop_acc_x_fu_303/mul_32s_32s_52_1_1_U34/dout__2 output design_1_i/Conv2D_HW_0/inst/grp_Conv2D_HW_Pipeline_loop_acc_x_fu_303/mul_32s_32s_52_1_1_U34/dout__2/P[47:0] is not pipelined (PREG=0). Pipelining the DSP48 output will improve performance and often saves power so it is suggested whenever possible to fully pipeline this function.  If this DSP48 function was inferred, it is suggested to describe an additional register stage after this function.  If the DSP48 was instantiated in the design, it is suggested to set the PREG attribute to 1.
Related violations: <none>

DPOP-1#19 Warning
PREG Output pipelining  
DSP design_1_i/Conv2D_HW_0/inst/grp_Conv2D_HW_Pipeline_loop_load_coef_x_fu_280/mul_32s_32s_32_1_1_U1/dout__0 output design_1_i/Conv2D_HW_0/inst/grp_Conv2D_HW_Pipeline_loop_load_coef_x_fu_280/mul_32s_32s_32_1_1_U1/dout__0/P[47:0] is not pipelined (PREG=0). Pipelining the DSP48 output will improve performance and often saves power so it is suggested whenever possible to fully pipeline this function.  If this DSP48 function was inferred, it is suggested to describe an additional register stage after this function.  If the DSP48 was instantiated in the design, it is suggested to set the PREG attribute to 1.
Related violations: <none>

DPOP-1#20 Warning
PREG Output pipelining  
DSP design_1_i/Conv2D_HW_0/inst/grp_Conv2D_HW_Pipeline_loop_load_coef_x_fu_280/mul_32s_32s_32_1_1_U2/dout__0 output design_1_i/Conv2D_HW_0/inst/grp_Conv2D_HW_Pipeline_loop_load_coef_x_fu_280/mul_32s_32s_32_1_1_U2/dout__0/P[47:0] is not pipelined (PREG=0). Pipelining the DSP48 output will improve performance and often saves power so it is suggested whenever possible to fully pipeline this function.  If this DSP48 function was inferred, it is suggested to describe an additional register stage after this function.  If the DSP48 was instantiated in the design, it is suggested to set the PREG attribute to 1.
Related violations: <none>

DPOP-1#21 Warning
PREG Output pipelining  
DSP design_1_i/Conv2D_HW_0/inst/grp_Conv2D_HW_Pipeline_loop_load_coef_x_fu_280/mul_32s_32s_32_1_1_U3/dout__0 output design_1_i/Conv2D_HW_0/inst/grp_Conv2D_HW_Pipeline_loop_load_coef_x_fu_280/mul_32s_32s_32_1_1_U3/dout__0/P[47:0] is not pipelined (PREG=0). Pipelining the DSP48 output will improve performance and often saves power so it is suggested whenever possible to fully pipeline this function.  If this DSP48 function was inferred, it is suggested to describe an additional register stage after this function.  If the DSP48 was instantiated in the design, it is suggested to set the PREG attribute to 1.
Related violations: <none>

DPOP-1#22 Warning
PREG Output pipelining  
DSP design_1_i/Conv2D_HW_0/inst/grp_Conv2D_HW_Pipeline_loop_load_coef_x_fu_280/mul_32s_32s_32_1_1_U4/dout__0 output design_1_i/Conv2D_HW_0/inst/grp_Conv2D_HW_Pipeline_loop_load_coef_x_fu_280/mul_32s_32s_32_1_1_U4/dout__0/P[47:0] is not pipelined (PREG=0). Pipelining the DSP48 output will improve performance and often saves power so it is suggested whenever possible to fully pipeline this function.  If this DSP48 function was inferred, it is suggested to describe an additional register stage after this function.  If the DSP48 was instantiated in the design, it is suggested to set the PREG attribute to 1.
Related violations: <none>

DPOP-1#23 Warning
PREG Output pipelining  
DSP design_1_i/Conv2D_HW_0/inst/mul_32ns_32ns_64_1_1_U58/dout output design_1_i/Conv2D_HW_0/inst/mul_32ns_32ns_64_1_1_U58/dout/P[47:0] is not pipelined (PREG=0). Pipelining the DSP48 output will improve performance and often saves power so it is suggested whenever possible to fully pipeline this function.  If this DSP48 function was inferred, it is suggested to describe an additional register stage after this function.  If the DSP48 was instantiated in the design, it is suggested to set the PREG attribute to 1.
Related violations: <none>

DPOP-1#24 Warning
PREG Output pipelining  
DSP design_1_i/Conv2D_HW_0/inst/mul_32ns_32ns_64_1_1_U58/dout__0 output design_1_i/Conv2D_HW_0/inst/mul_32ns_32ns_64_1_1_U58/dout__0/P[47:0] is not pipelined (PREG=0). Pipelining the DSP48 output will improve performance and often saves power so it is suggested whenever possible to fully pipeline this function.  If this DSP48 function was inferred, it is suggested to describe an additional register stage after this function.  If the DSP48 was instantiated in the design, it is suggested to set the PREG attribute to 1.
Related violations: <none>

DPOP-1#25 Warning
PREG Output pipelining  
DSP design_1_i/Conv2D_HW_0/inst/mul_32ns_32ns_64_1_1_U58/dout__1 output design_1_i/Conv2D_HW_0/inst/mul_32ns_32ns_64_1_1_U58/dout__1/P[47:0] is not pipelined (PREG=0). Pipelining the DSP48 output will improve performance and often saves power so it is suggested whenever possible to fully pipeline this function.  If this DSP48 function was inferred, it is suggested to describe an additional register stage after this function.  If the DSP48 was instantiated in the design, it is suggested to set the PREG attribute to 1.
Related violations: <none>

DPOP-1#26 Warning
PREG Output pipelining  
DSP design_1_i/Conv2D_HW_0/inst/mul_32ns_32ns_64_1_1_U58/dout__2 output design_1_i/Conv2D_HW_0/inst/mul_32ns_32ns_64_1_1_U58/dout__2/P[47:0] is not pipelined (PREG=0). Pipelining the DSP48 output will improve performance and often saves power so it is suggested whenever possible to fully pipeline this function.  If this DSP48 function was inferred, it is suggested to describe an additional register stage after this function.  If the DSP48 was instantiated in the design, it is suggested to set the PREG attribute to 1.
Related violations: <none>

DPOP-1#27 Warning
PREG Output pipelining  
DSP design_1_i/Conv2D_HW_0/inst/mul_32ns_64ns_96_1_1_U60/dout output design_1_i/Conv2D_HW_0/inst/mul_32ns_64ns_96_1_1_U60/dout/P[47:0] is not pipelined (PREG=0). Pipelining the DSP48 output will improve performance and often saves power so it is suggested whenever possible to fully pipeline this function.  If this DSP48 function was inferred, it is suggested to describe an additional register stage after this function.  If the DSP48 was instantiated in the design, it is suggested to set the PREG attribute to 1.
Related violations: <none>

DPOP-1#28 Warning
PREG Output pipelining  
DSP design_1_i/Conv2D_HW_0/inst/mul_32ns_64ns_96_1_1_U60/dout__1 output design_1_i/Conv2D_HW_0/inst/mul_32ns_64ns_96_1_1_U60/dout__1/P[47:0] is not pipelined (PREG=0). Pipelining the DSP48 output will improve performance and often saves power so it is suggested whenever possible to fully pipeline this function.  If this DSP48 function was inferred, it is suggested to describe an additional register stage after this function.  If the DSP48 was instantiated in the design, it is suggested to set the PREG attribute to 1.
Related violations: <none>

DPOP-1#29 Warning
PREG Output pipelining  
DSP design_1_i/Conv2D_HW_0/inst/mul_32ns_64ns_96_1_1_U60/dout__2 output design_1_i/Conv2D_HW_0/inst/mul_32ns_64ns_96_1_1_U60/dout__2/P[47:0] is not pipelined (PREG=0). Pipelining the DSP48 output will improve performance and often saves power so it is suggested whenever possible to fully pipeline this function.  If this DSP48 function was inferred, it is suggested to describe an additional register stage after this function.  If the DSP48 was instantiated in the design, it is suggested to set the PREG attribute to 1.
Related violations: <none>

DPOP-1#30 Warning
PREG Output pipelining  
DSP design_1_i/Conv2D_HW_0/inst/mul_32s_32s_32_1_1_U59/dout__0 output design_1_i/Conv2D_HW_0/inst/mul_32s_32s_32_1_1_U59/dout__0/P[47:0] is not pipelined (PREG=0). Pipelining the DSP48 output will improve performance and often saves power so it is suggested whenever possible to fully pipeline this function.  If this DSP48 function was inferred, it is suggested to describe an additional register stage after this function.  If the DSP48 was instantiated in the design, it is suggested to set the PREG attribute to 1.
Related violations: <none>

DPOP-1#31 Warning
PREG Output pipelining  
DSP design_1_i/Conv2D_HW_0/inst/mul_32s_32s_32_1_1_U61/dout__0 output design_1_i/Conv2D_HW_0/inst/mul_32s_32s_32_1_1_U61/dout__0/P[47:0] is not pipelined (PREG=0). Pipelining the DSP48 output will improve performance and often saves power so it is suggested whenever possible to fully pipeline this function.  If this DSP48 function was inferred, it is suggested to describe an additional register stage after this function.  If the DSP48 was instantiated in the design, it is suggested to set the PREG attribute to 1.
Related violations: <none>

DPOP-1#32 Warning
PREG Output pipelining  
DSP design_1_i/Conv2D_HW_0/inst/mul_32s_32s_32_1_1_U62/dout__0 output design_1_i/Conv2D_HW_0/inst/mul_32s_32s_32_1_1_U62/dout__0/P[47:0] is not pipelined (PREG=0). Pipelining the DSP48 output will improve performance and often saves power so it is suggested whenever possible to fully pipeline this function.  If this DSP48 function was inferred, it is suggested to describe an additional register stage after this function.  If the DSP48 was instantiated in the design, it is suggested to set the PREG attribute to 1.
Related violations: <none>

DPOP-2#1 Warning
MREG Output pipelining  
DSP design_1_i/Conv2D_HW_0/inst/empty_45_reg_668_reg multiplier stage design_1_i/Conv2D_HW_0/inst/empty_45_reg_668_reg/P[47:0] is not pipelined (MREG=0). Pipelining the multiplier function will improve performance and will save significant power so it is suggested whenever possible to fully pipeline this function.  If this multiplier was inferred, it is suggested to describe an additional register stage after this function.  If there is no registered adder/accumulator following the multiply function, two pipeline stages are suggested to allow both the MREG and PREG registers to be used.  If the DSP48 was instantiated in the design, it is suggested to set both the MREG and PREG attributes to 1 when performing multiply functions.
Related violations: <none>

DPOP-2#2 Warning
MREG Output pipelining  
DSP design_1_i/Conv2D_HW_0/inst/grp_Conv2D_HW_Pipeline_loop_acc_x_fu_303/mul_32s_32s_32_1_1_U24/dout multiplier stage design_1_i/Conv2D_HW_0/inst/grp_Conv2D_HW_Pipeline_loop_acc_x_fu_303/mul_32s_32s_32_1_1_U24/dout/P[47:0] is not pipelined (MREG=0). Pipelining the multiplier function will improve performance and will save significant power so it is suggested whenever possible to fully pipeline this function.  If this multiplier was inferred, it is suggested to describe an additional register stage after this function.  If there is no registered adder/accumulator following the multiply function, two pipeline stages are suggested to allow both the MREG and PREG registers to be used.  If the DSP48 was instantiated in the design, it is suggested to set both the MREG and PREG attributes to 1 when performing multiply functions.
Related violations: <none>

DPOP-2#3 Warning
MREG Output pipelining  
DSP design_1_i/Conv2D_HW_0/inst/grp_Conv2D_HW_Pipeline_loop_acc_x_fu_303/mul_32s_32s_32_1_1_U24/dout__0 multiplier stage design_1_i/Conv2D_HW_0/inst/grp_Conv2D_HW_Pipeline_loop_acc_x_fu_303/mul_32s_32s_32_1_1_U24/dout__0/P[47:0] is not pipelined (MREG=0). Pipelining the multiplier function will improve performance and will save significant power so it is suggested whenever possible to fully pipeline this function.  If this multiplier was inferred, it is suggested to describe an additional register stage after this function.  If there is no registered adder/accumulator following the multiply function, two pipeline stages are suggested to allow both the MREG and PREG registers to be used.  If the DSP48 was instantiated in the design, it is suggested to set both the MREG and PREG attributes to 1 when performing multiply functions.
Related violations: <none>

DPOP-2#4 Warning
MREG Output pipelining  
DSP design_1_i/Conv2D_HW_0/inst/grp_Conv2D_HW_Pipeline_loop_acc_x_fu_303/mul_32s_32s_32_1_1_U25/dout multiplier stage design_1_i/Conv2D_HW_0/inst/grp_Conv2D_HW_Pipeline_loop_acc_x_fu_303/mul_32s_32s_32_1_1_U25/dout/P[47:0] is not pipelined (MREG=0). Pipelining the multiplier function will improve performance and will save significant power so it is suggested whenever possible to fully pipeline this function.  If this multiplier was inferred, it is suggested to describe an additional register stage after this function.  If there is no registered adder/accumulator following the multiply function, two pipeline stages are suggested to allow both the MREG and PREG registers to be used.  If the DSP48 was instantiated in the design, it is suggested to set both the MREG and PREG attributes to 1 when performing multiply functions.
Related violations: <none>

DPOP-2#5 Warning
MREG Output pipelining  
DSP design_1_i/Conv2D_HW_0/inst/grp_Conv2D_HW_Pipeline_loop_acc_x_fu_303/mul_32s_32s_32_1_1_U25/dout__0 multiplier stage design_1_i/Conv2D_HW_0/inst/grp_Conv2D_HW_Pipeline_loop_acc_x_fu_303/mul_32s_32s_32_1_1_U25/dout__0/P[47:0] is not pipelined (MREG=0). Pipelining the multiplier function will improve performance and will save significant power so it is suggested whenever possible to fully pipeline this function.  If this multiplier was inferred, it is suggested to describe an additional register stage after this function.  If there is no registered adder/accumulator following the multiply function, two pipeline stages are suggested to allow both the MREG and PREG registers to be used.  If the DSP48 was instantiated in the design, it is suggested to set both the MREG and PREG attributes to 1 when performing multiply functions.
Related violations: <none>

DPOP-2#6 Warning
MREG Output pipelining  
DSP design_1_i/Conv2D_HW_0/inst/grp_Conv2D_HW_Pipeline_loop_acc_x_fu_303/mul_32s_32s_32_1_1_U26/dout multiplier stage design_1_i/Conv2D_HW_0/inst/grp_Conv2D_HW_Pipeline_loop_acc_x_fu_303/mul_32s_32s_32_1_1_U26/dout/P[47:0] is not pipelined (MREG=0). Pipelining the multiplier function will improve performance and will save significant power so it is suggested whenever possible to fully pipeline this function.  If this multiplier was inferred, it is suggested to describe an additional register stage after this function.  If there is no registered adder/accumulator following the multiply function, two pipeline stages are suggested to allow both the MREG and PREG registers to be used.  If the DSP48 was instantiated in the design, it is suggested to set both the MREG and PREG attributes to 1 when performing multiply functions.
Related violations: <none>

DPOP-2#7 Warning
MREG Output pipelining  
DSP design_1_i/Conv2D_HW_0/inst/grp_Conv2D_HW_Pipeline_loop_acc_x_fu_303/mul_32s_32s_32_1_1_U26/dout__0 multiplier stage design_1_i/Conv2D_HW_0/inst/grp_Conv2D_HW_Pipeline_loop_acc_x_fu_303/mul_32s_32s_32_1_1_U26/dout__0/P[47:0] is not pipelined (MREG=0). Pipelining the multiplier function will improve performance and will save significant power so it is suggested whenever possible to fully pipeline this function.  If this multiplier was inferred, it is suggested to describe an additional register stage after this function.  If there is no registered adder/accumulator following the multiply function, two pipeline stages are suggested to allow both the MREG and PREG registers to be used.  If the DSP48 was instantiated in the design, it is suggested to set both the MREG and PREG attributes to 1 when performing multiply functions.
Related violations: <none>

DPOP-2#8 Warning
MREG Output pipelining  
DSP design_1_i/Conv2D_HW_0/inst/grp_Conv2D_HW_Pipeline_loop_acc_x_fu_303/mul_32s_32s_32_1_1_U26/dout__1 multiplier stage design_1_i/Conv2D_HW_0/inst/grp_Conv2D_HW_Pipeline_loop_acc_x_fu_303/mul_32s_32s_32_1_1_U26/dout__1/P[47:0] is not pipelined (MREG=0). Pipelining the multiplier function will improve performance and will save significant power so it is suggested whenever possible to fully pipeline this function.  If this multiplier was inferred, it is suggested to describe an additional register stage after this function.  If there is no registered adder/accumulator following the multiply function, two pipeline stages are suggested to allow both the MREG and PREG registers to be used.  If the DSP48 was instantiated in the design, it is suggested to set both the MREG and PREG attributes to 1 when performing multiply functions.
Related violations: <none>

DPOP-2#9 Warning
MREG Output pipelining  
DSP design_1_i/Conv2D_HW_0/inst/grp_Conv2D_HW_Pipeline_loop_acc_x_fu_303/mul_32s_32s_32_1_1_U27/dout multiplier stage design_1_i/Conv2D_HW_0/inst/grp_Conv2D_HW_Pipeline_loop_acc_x_fu_303/mul_32s_32s_32_1_1_U27/dout/P[47:0] is not pipelined (MREG=0). Pipelining the multiplier function will improve performance and will save significant power so it is suggested whenever possible to fully pipeline this function.  If this multiplier was inferred, it is suggested to describe an additional register stage after this function.  If there is no registered adder/accumulator following the multiply function, two pipeline stages are suggested to allow both the MREG and PREG registers to be used.  If the DSP48 was instantiated in the design, it is suggested to set both the MREG and PREG attributes to 1 when performing multiply functions.
Related violations: <none>

DPOP-2#10 Warning
MREG Output pipelining  
DSP design_1_i/Conv2D_HW_0/inst/grp_Conv2D_HW_Pipeline_loop_acc_x_fu_303/mul_32s_32s_32_1_1_U27/dout__0 multiplier stage design_1_i/Conv2D_HW_0/inst/grp_Conv2D_HW_Pipeline_loop_acc_x_fu_303/mul_32s_32s_32_1_1_U27/dout__0/P[47:0] is not pipelined (MREG=0). Pipelining the multiplier function will improve performance and will save significant power so it is suggested whenever possible to fully pipeline this function.  If this multiplier was inferred, it is suggested to describe an additional register stage after this function.  If there is no registered adder/accumulator following the multiply function, two pipeline stages are suggested to allow both the MREG and PREG registers to be used.  If the DSP48 was instantiated in the design, it is suggested to set both the MREG and PREG attributes to 1 when performing multiply functions.
Related violations: <none>

DPOP-2#11 Warning
MREG Output pipelining  
DSP design_1_i/Conv2D_HW_0/inst/grp_Conv2D_HW_Pipeline_loop_acc_x_fu_303/mul_32s_32s_32_1_1_U27/dout__1 multiplier stage design_1_i/Conv2D_HW_0/inst/grp_Conv2D_HW_Pipeline_loop_acc_x_fu_303/mul_32s_32s_32_1_1_U27/dout__1/P[47:0] is not pipelined (MREG=0). Pipelining the multiplier function will improve performance and will save significant power so it is suggested whenever possible to fully pipeline this function.  If this multiplier was inferred, it is suggested to describe an additional register stage after this function.  If there is no registered adder/accumulator following the multiply function, two pipeline stages are suggested to allow both the MREG and PREG registers to be used.  If the DSP48 was instantiated in the design, it is suggested to set both the MREG and PREG attributes to 1 when performing multiply functions.
Related violations: <none>

DPOP-2#12 Warning
MREG Output pipelining  
DSP design_1_i/Conv2D_HW_0/inst/grp_Conv2D_HW_Pipeline_loop_acc_x_fu_303/mul_32s_32s_32_1_1_U28/dout__0 multiplier stage design_1_i/Conv2D_HW_0/inst/grp_Conv2D_HW_Pipeline_loop_acc_x_fu_303/mul_32s_32s_32_1_1_U28/dout__0/P[47:0] is not pipelined (MREG=0). Pipelining the multiplier function will improve performance and will save significant power so it is suggested whenever possible to fully pipeline this function.  If this multiplier was inferred, it is suggested to describe an additional register stage after this function.  If there is no registered adder/accumulator following the multiply function, two pipeline stages are suggested to allow both the MREG and PREG registers to be used.  If the DSP48 was instantiated in the design, it is suggested to set both the MREG and PREG attributes to 1 when performing multiply functions.
Related violations: <none>

DPOP-2#13 Warning
MREG Output pipelining  
DSP design_1_i/Conv2D_HW_0/inst/grp_Conv2D_HW_Pipeline_loop_acc_x_fu_303/mul_32s_32s_32_1_1_U28/dout__0__0 multiplier stage design_1_i/Conv2D_HW_0/inst/grp_Conv2D_HW_Pipeline_loop_acc_x_fu_303/mul_32s_32s_32_1_1_U28/dout__0__0/P[47:0] is not pipelined (MREG=0). Pipelining the multiplier function will improve performance and will save significant power so it is suggested whenever possible to fully pipeline this function.  If this multiplier was inferred, it is suggested to describe an additional register stage after this function.  If there is no registered adder/accumulator following the multiply function, two pipeline stages are suggested to allow both the MREG and PREG registers to be used.  If the DSP48 was instantiated in the design, it is suggested to set both the MREG and PREG attributes to 1 when performing multiply functions.
Related violations: <none>

DPOP-2#14 Warning
MREG Output pipelining  
DSP design_1_i/Conv2D_HW_0/inst/grp_Conv2D_HW_Pipeline_loop_acc_x_fu_303/mul_32s_32s_32_1_1_U28/dout__1 multiplier stage design_1_i/Conv2D_HW_0/inst/grp_Conv2D_HW_Pipeline_loop_acc_x_fu_303/mul_32s_32s_32_1_1_U28/dout__1/P[47:0] is not pipelined (MREG=0). Pipelining the multiplier function will improve performance and will save significant power so it is suggested whenever possible to fully pipeline this function.  If this multiplier was inferred, it is suggested to describe an additional register stage after this function.  If there is no registered adder/accumulator following the multiply function, two pipeline stages are suggested to allow both the MREG and PREG registers to be used.  If the DSP48 was instantiated in the design, it is suggested to set both the MREG and PREG attributes to 1 when performing multiply functions.
Related violations: <none>

DPOP-2#15 Warning
MREG Output pipelining  
DSP design_1_i/Conv2D_HW_0/inst/grp_Conv2D_HW_Pipeline_loop_acc_x_fu_303/mul_32s_32s_32_1_1_U29/dout multiplier stage design_1_i/Conv2D_HW_0/inst/grp_Conv2D_HW_Pipeline_loop_acc_x_fu_303/mul_32s_32s_32_1_1_U29/dout/P[47:0] is not pipelined (MREG=0). Pipelining the multiplier function will improve performance and will save significant power so it is suggested whenever possible to fully pipeline this function.  If this multiplier was inferred, it is suggested to describe an additional register stage after this function.  If there is no registered adder/accumulator following the multiply function, two pipeline stages are suggested to allow both the MREG and PREG registers to be used.  If the DSP48 was instantiated in the design, it is suggested to set both the MREG and PREG attributes to 1 when performing multiply functions.
Related violations: <none>

DPOP-2#16 Warning
MREG Output pipelining  
DSP design_1_i/Conv2D_HW_0/inst/grp_Conv2D_HW_Pipeline_loop_acc_x_fu_303/mul_32s_32s_32_1_1_U29/dout__0 multiplier stage design_1_i/Conv2D_HW_0/inst/grp_Conv2D_HW_Pipeline_loop_acc_x_fu_303/mul_32s_32s_32_1_1_U29/dout__0/P[47:0] is not pipelined (MREG=0). Pipelining the multiplier function will improve performance and will save significant power so it is suggested whenever possible to fully pipeline this function.  If this multiplier was inferred, it is suggested to describe an additional register stage after this function.  If there is no registered adder/accumulator following the multiply function, two pipeline stages are suggested to allow both the MREG and PREG registers to be used.  If the DSP48 was instantiated in the design, it is suggested to set both the MREG and PREG attributes to 1 when performing multiply functions.
Related violations: <none>

DPOP-2#17 Warning
MREG Output pipelining  
DSP design_1_i/Conv2D_HW_0/inst/grp_Conv2D_HW_Pipeline_loop_acc_x_fu_303/mul_32s_32s_32_1_1_U29/dout__1 multiplier stage design_1_i/Conv2D_HW_0/inst/grp_Conv2D_HW_Pipeline_loop_acc_x_fu_303/mul_32s_32s_32_1_1_U29/dout__1/P[47:0] is not pipelined (MREG=0). Pipelining the multiplier function will improve performance and will save significant power so it is suggested whenever possible to fully pipeline this function.  If this multiplier was inferred, it is suggested to describe an additional register stage after this function.  If there is no registered adder/accumulator following the multiply function, two pipeline stages are suggested to allow both the MREG and PREG registers to be used.  If the DSP48 was instantiated in the design, it is suggested to set both the MREG and PREG attributes to 1 when performing multiply functions.
Related violations: <none>

DPOP-2#18 Warning
MREG Output pipelining  
DSP design_1_i/Conv2D_HW_0/inst/grp_Conv2D_HW_Pipeline_loop_acc_x_fu_303/mul_32s_32s_52_1_1_U34/dout__0 multiplier stage design_1_i/Conv2D_HW_0/inst/grp_Conv2D_HW_Pipeline_loop_acc_x_fu_303/mul_32s_32s_52_1_1_U34/dout__0/P[47:0] is not pipelined (MREG=0). Pipelining the multiplier function will improve performance and will save significant power so it is suggested whenever possible to fully pipeline this function.  If this multiplier was inferred, it is suggested to describe an additional register stage after this function.  If there is no registered adder/accumulator following the multiply function, two pipeline stages are suggested to allow both the MREG and PREG registers to be used.  If the DSP48 was instantiated in the design, it is suggested to set both the MREG and PREG attributes to 1 when performing multiply functions.
Related violations: <none>

DPOP-2#19 Warning
MREG Output pipelining  
DSP design_1_i/Conv2D_HW_0/inst/grp_Conv2D_HW_Pipeline_loop_acc_x_fu_303/mul_32s_32s_52_1_1_U34/dout__0__0 multiplier stage design_1_i/Conv2D_HW_0/inst/grp_Conv2D_HW_Pipeline_loop_acc_x_fu_303/mul_32s_32s_52_1_1_U34/dout__0__0/P[47:0] is not pipelined (MREG=0). Pipelining the multiplier function will improve performance and will save significant power so it is suggested whenever possible to fully pipeline this function.  If this multiplier was inferred, it is suggested to describe an additional register stage after this function.  If there is no registered adder/accumulator following the multiply function, two pipeline stages are suggested to allow both the MREG and PREG registers to be used.  If the DSP48 was instantiated in the design, it is suggested to set both the MREG and PREG attributes to 1 when performing multiply functions.
Related violations: <none>

DPOP-2#20 Warning
MREG Output pipelining  
DSP design_1_i/Conv2D_HW_0/inst/grp_Conv2D_HW_Pipeline_loop_acc_x_fu_303/mul_32s_32s_52_1_1_U34/dout__1 multiplier stage design_1_i/Conv2D_HW_0/inst/grp_Conv2D_HW_Pipeline_loop_acc_x_fu_303/mul_32s_32s_52_1_1_U34/dout__1/P[47:0] is not pipelined (MREG=0). Pipelining the multiplier function will improve performance and will save significant power so it is suggested whenever possible to fully pipeline this function.  If this multiplier was inferred, it is suggested to describe an additional register stage after this function.  If there is no registered adder/accumulator following the multiply function, two pipeline stages are suggested to allow both the MREG and PREG registers to be used.  If the DSP48 was instantiated in the design, it is suggested to set both the MREG and PREG attributes to 1 when performing multiply functions.
Related violations: <none>

DPOP-2#21 Warning
MREG Output pipelining  
DSP design_1_i/Conv2D_HW_0/inst/grp_Conv2D_HW_Pipeline_loop_acc_x_fu_303/mul_32s_32s_52_1_1_U34/dout__2 multiplier stage design_1_i/Conv2D_HW_0/inst/grp_Conv2D_HW_Pipeline_loop_acc_x_fu_303/mul_32s_32s_52_1_1_U34/dout__2/P[47:0] is not pipelined (MREG=0). Pipelining the multiplier function will improve performance and will save significant power so it is suggested whenever possible to fully pipeline this function.  If this multiplier was inferred, it is suggested to describe an additional register stage after this function.  If there is no registered adder/accumulator following the multiply function, two pipeline stages are suggested to allow both the MREG and PREG registers to be used.  If the DSP48 was instantiated in the design, it is suggested to set both the MREG and PREG attributes to 1 when performing multiply functions.
Related violations: <none>

DPOP-2#22 Warning
MREG Output pipelining  
DSP design_1_i/Conv2D_HW_0/inst/grp_Conv2D_HW_Pipeline_loop_acc_x_fu_303/tmp4_mid1_reg_928_reg multiplier stage design_1_i/Conv2D_HW_0/inst/grp_Conv2D_HW_Pipeline_loop_acc_x_fu_303/tmp4_mid1_reg_928_reg/P[47:0] is not pipelined (MREG=0). Pipelining the multiplier function will improve performance and will save significant power so it is suggested whenever possible to fully pipeline this function.  If this multiplier was inferred, it is suggested to describe an additional register stage after this function.  If there is no registered adder/accumulator following the multiply function, two pipeline stages are suggested to allow both the MREG and PREG registers to be used.  If the DSP48 was instantiated in the design, it is suggested to set both the MREG and PREG attributes to 1 when performing multiply functions.
Related violations: <none>

DPOP-2#23 Warning
MREG Output pipelining  
DSP design_1_i/Conv2D_HW_0/inst/grp_Conv2D_HW_Pipeline_loop_acc_x_fu_303/tmp4_reg_903_reg multiplier stage design_1_i/Conv2D_HW_0/inst/grp_Conv2D_HW_Pipeline_loop_acc_x_fu_303/tmp4_reg_903_reg/P[47:0] is not pipelined (MREG=0). Pipelining the multiplier function will improve performance and will save significant power so it is suggested whenever possible to fully pipeline this function.  If this multiplier was inferred, it is suggested to describe an additional register stage after this function.  If there is no registered adder/accumulator following the multiply function, two pipeline stages are suggested to allow both the MREG and PREG registers to be used.  If the DSP48 was instantiated in the design, it is suggested to set both the MREG and PREG attributes to 1 when performing multiply functions.
Related violations: <none>

DPOP-2#24 Warning
MREG Output pipelining  
DSP design_1_i/Conv2D_HW_0/inst/grp_Conv2D_HW_Pipeline_loop_load_coef_x_fu_280/mul_32s_32s_32_1_1_U1/dout multiplier stage design_1_i/Conv2D_HW_0/inst/grp_Conv2D_HW_Pipeline_loop_load_coef_x_fu_280/mul_32s_32s_32_1_1_U1/dout/P[47:0] is not pipelined (MREG=0). Pipelining the multiplier function will improve performance and will save significant power so it is suggested whenever possible to fully pipeline this function.  If this multiplier was inferred, it is suggested to describe an additional register stage after this function.  If there is no registered adder/accumulator following the multiply function, two pipeline stages are suggested to allow both the MREG and PREG registers to be used.  If the DSP48 was instantiated in the design, it is suggested to set both the MREG and PREG attributes to 1 when performing multiply functions.
Related violations: <none>

DPOP-2#25 Warning
MREG Output pipelining  
DSP design_1_i/Conv2D_HW_0/inst/grp_Conv2D_HW_Pipeline_loop_load_coef_x_fu_280/mul_32s_32s_32_1_1_U1/dout__0 multiplier stage design_1_i/Conv2D_HW_0/inst/grp_Conv2D_HW_Pipeline_loop_load_coef_x_fu_280/mul_32s_32s_32_1_1_U1/dout__0/P[47:0] is not pipelined (MREG=0). Pipelining the multiplier function will improve performance and will save significant power so it is suggested whenever possible to fully pipeline this function.  If this multiplier was inferred, it is suggested to describe an additional register stage after this function.  If there is no registered adder/accumulator following the multiply function, two pipeline stages are suggested to allow both the MREG and PREG registers to be used.  If the DSP48 was instantiated in the design, it is suggested to set both the MREG and PREG attributes to 1 when performing multiply functions.
Related violations: <none>

DPOP-2#26 Warning
MREG Output pipelining  
DSP design_1_i/Conv2D_HW_0/inst/grp_Conv2D_HW_Pipeline_loop_load_coef_x_fu_280/mul_32s_32s_32_1_1_U2/dout multiplier stage design_1_i/Conv2D_HW_0/inst/grp_Conv2D_HW_Pipeline_loop_load_coef_x_fu_280/mul_32s_32s_32_1_1_U2/dout/P[47:0] is not pipelined (MREG=0). Pipelining the multiplier function will improve performance and will save significant power so it is suggested whenever possible to fully pipeline this function.  If this multiplier was inferred, it is suggested to describe an additional register stage after this function.  If there is no registered adder/accumulator following the multiply function, two pipeline stages are suggested to allow both the MREG and PREG registers to be used.  If the DSP48 was instantiated in the design, it is suggested to set both the MREG and PREG attributes to 1 when performing multiply functions.
Related violations: <none>

DPOP-2#27 Warning
MREG Output pipelining  
DSP design_1_i/Conv2D_HW_0/inst/grp_Conv2D_HW_Pipeline_loop_load_coef_x_fu_280/mul_32s_32s_32_1_1_U2/dout__0 multiplier stage design_1_i/Conv2D_HW_0/inst/grp_Conv2D_HW_Pipeline_loop_load_coef_x_fu_280/mul_32s_32s_32_1_1_U2/dout__0/P[47:0] is not pipelined (MREG=0). Pipelining the multiplier function will improve performance and will save significant power so it is suggested whenever possible to fully pipeline this function.  If this multiplier was inferred, it is suggested to describe an additional register stage after this function.  If there is no registered adder/accumulator following the multiply function, two pipeline stages are suggested to allow both the MREG and PREG registers to be used.  If the DSP48 was instantiated in the design, it is suggested to set both the MREG and PREG attributes to 1 when performing multiply functions.
Related violations: <none>

DPOP-2#28 Warning
MREG Output pipelining  
DSP design_1_i/Conv2D_HW_0/inst/grp_Conv2D_HW_Pipeline_loop_load_coef_x_fu_280/mul_32s_32s_32_1_1_U3/dout multiplier stage design_1_i/Conv2D_HW_0/inst/grp_Conv2D_HW_Pipeline_loop_load_coef_x_fu_280/mul_32s_32s_32_1_1_U3/dout/P[47:0] is not pipelined (MREG=0). Pipelining the multiplier function will improve performance and will save significant power so it is suggested whenever possible to fully pipeline this function.  If this multiplier was inferred, it is suggested to describe an additional register stage after this function.  If there is no registered adder/accumulator following the multiply function, two pipeline stages are suggested to allow both the MREG and PREG registers to be used.  If the DSP48 was instantiated in the design, it is suggested to set both the MREG and PREG attributes to 1 when performing multiply functions.
Related violations: <none>

DPOP-2#29 Warning
MREG Output pipelining  
DSP design_1_i/Conv2D_HW_0/inst/grp_Conv2D_HW_Pipeline_loop_load_coef_x_fu_280/mul_32s_32s_32_1_1_U3/dout__0 multiplier stage design_1_i/Conv2D_HW_0/inst/grp_Conv2D_HW_Pipeline_loop_load_coef_x_fu_280/mul_32s_32s_32_1_1_U3/dout__0/P[47:0] is not pipelined (MREG=0). Pipelining the multiplier function will improve performance and will save significant power so it is suggested whenever possible to fully pipeline this function.  If this multiplier was inferred, it is suggested to describe an additional register stage after this function.  If there is no registered adder/accumulator following the multiply function, two pipeline stages are suggested to allow both the MREG and PREG registers to be used.  If the DSP48 was instantiated in the design, it is suggested to set both the MREG and PREG attributes to 1 when performing multiply functions.
Related violations: <none>

DPOP-2#30 Warning
MREG Output pipelining  
DSP design_1_i/Conv2D_HW_0/inst/grp_Conv2D_HW_Pipeline_loop_load_coef_x_fu_280/mul_32s_32s_32_1_1_U4/dout multiplier stage design_1_i/Conv2D_HW_0/inst/grp_Conv2D_HW_Pipeline_loop_load_coef_x_fu_280/mul_32s_32s_32_1_1_U4/dout/P[47:0] is not pipelined (MREG=0). Pipelining the multiplier function will improve performance and will save significant power so it is suggested whenever possible to fully pipeline this function.  If this multiplier was inferred, it is suggested to describe an additional register stage after this function.  If there is no registered adder/accumulator following the multiply function, two pipeline stages are suggested to allow both the MREG and PREG registers to be used.  If the DSP48 was instantiated in the design, it is suggested to set both the MREG and PREG attributes to 1 when performing multiply functions.
Related violations: <none>

DPOP-2#31 Warning
MREG Output pipelining  
DSP design_1_i/Conv2D_HW_0/inst/grp_Conv2D_HW_Pipeline_loop_load_coef_x_fu_280/mul_32s_32s_32_1_1_U4/dout__0 multiplier stage design_1_i/Conv2D_HW_0/inst/grp_Conv2D_HW_Pipeline_loop_load_coef_x_fu_280/mul_32s_32s_32_1_1_U4/dout__0/P[47:0] is not pipelined (MREG=0). Pipelining the multiplier function will improve performance and will save significant power so it is suggested whenever possible to fully pipeline this function.  If this multiplier was inferred, it is suggested to describe an additional register stage after this function.  If there is no registered adder/accumulator following the multiply function, two pipeline stages are suggested to allow both the MREG and PREG registers to be used.  If the DSP48 was instantiated in the design, it is suggested to set both the MREG and PREG attributes to 1 when performing multiply functions.
Related violations: <none>

DPOP-2#32 Warning
MREG Output pipelining  
DSP design_1_i/Conv2D_HW_0/inst/grp_Conv2D_HW_Pipeline_loop_load_coef_x_fu_280/mul_ln42_1_reg_776_reg multiplier stage design_1_i/Conv2D_HW_0/inst/grp_Conv2D_HW_Pipeline_loop_load_coef_x_fu_280/mul_ln42_1_reg_776_reg/P[47:0] is not pipelined (MREG=0). Pipelining the multiplier function will improve performance and will save significant power so it is suggested whenever possible to fully pipeline this function.  If this multiplier was inferred, it is suggested to describe an additional register stage after this function.  If there is no registered adder/accumulator following the multiply function, two pipeline stages are suggested to allow both the MREG and PREG registers to be used.  If the DSP48 was instantiated in the design, it is suggested to set both the MREG and PREG attributes to 1 when performing multiply functions.
Related violations: <none>

DPOP-2#33 Warning
MREG Output pipelining  
DSP design_1_i/Conv2D_HW_0/inst/grp_Conv2D_HW_Pipeline_loop_load_coef_x_fu_280/mul_ln42_reg_750_reg multiplier stage design_1_i/Conv2D_HW_0/inst/grp_Conv2D_HW_Pipeline_loop_load_coef_x_fu_280/mul_ln42_reg_750_reg/P[47:0] is not pipelined (MREG=0). Pipelining the multiplier function will improve performance and will save significant power so it is suggested whenever possible to fully pipeline this function.  If this multiplier was inferred, it is suggested to describe an additional register stage after this function.  If there is no registered adder/accumulator following the multiply function, two pipeline stages are suggested to allow both the MREG and PREG registers to be used.  If the DSP48 was instantiated in the design, it is suggested to set both the MREG and PREG attributes to 1 when performing multiply functions.
Related violations: <none>

DPOP-2#34 Warning
MREG Output pipelining  
DSP design_1_i/Conv2D_HW_0/inst/grp_Conv2D_HW_Pipeline_loop_load_coef_x_fu_280/mul_ln43_1_reg_791_reg multiplier stage design_1_i/Conv2D_HW_0/inst/grp_Conv2D_HW_Pipeline_loop_load_coef_x_fu_280/mul_ln43_1_reg_791_reg/P[47:0] is not pipelined (MREG=0). Pipelining the multiplier function will improve performance and will save significant power so it is suggested whenever possible to fully pipeline this function.  If this multiplier was inferred, it is suggested to describe an additional register stage after this function.  If there is no registered adder/accumulator following the multiply function, two pipeline stages are suggested to allow both the MREG and PREG registers to be used.  If the DSP48 was instantiated in the design, it is suggested to set both the MREG and PREG attributes to 1 when performing multiply functions.
Related violations: <none>

DPOP-2#35 Warning
MREG Output pipelining  
DSP design_1_i/Conv2D_HW_0/inst/grp_Conv2D_HW_Pipeline_loop_load_coef_x_fu_280/mul_ln43_reg_756_reg multiplier stage design_1_i/Conv2D_HW_0/inst/grp_Conv2D_HW_Pipeline_loop_load_coef_x_fu_280/mul_ln43_reg_756_reg/P[47:0] is not pipelined (MREG=0). Pipelining the multiplier function will improve performance and will save significant power so it is suggested whenever possible to fully pipeline this function.  If this multiplier was inferred, it is suggested to describe an additional register stage after this function.  If there is no registered adder/accumulator following the multiply function, two pipeline stages are suggested to allow both the MREG and PREG registers to be used.  If the DSP48 was instantiated in the design, it is suggested to set both the MREG and PREG attributes to 1 when performing multiply functions.
Related violations: <none>

DPOP-2#36 Warning
MREG Output pipelining  
DSP design_1_i/Conv2D_HW_0/inst/mul_32ns_32ns_64_1_1_U58/dout multiplier stage design_1_i/Conv2D_HW_0/inst/mul_32ns_32ns_64_1_1_U58/dout/P[47:0] is not pipelined (MREG=0). Pipelining the multiplier function will improve performance and will save significant power so it is suggested whenever possible to fully pipeline this function.  If this multiplier was inferred, it is suggested to describe an additional register stage after this function.  If there is no registered adder/accumulator following the multiply function, two pipeline stages are suggested to allow both the MREG and PREG registers to be used.  If the DSP48 was instantiated in the design, it is suggested to set both the MREG and PREG attributes to 1 when performing multiply functions.
Related violations: <none>

DPOP-2#37 Warning
MREG Output pipelining  
DSP design_1_i/Conv2D_HW_0/inst/mul_32ns_32ns_64_1_1_U58/dout__0 multiplier stage design_1_i/Conv2D_HW_0/inst/mul_32ns_32ns_64_1_1_U58/dout__0/P[47:0] is not pipelined (MREG=0). Pipelining the multiplier function will improve performance and will save significant power so it is suggested whenever possible to fully pipeline this function.  If this multiplier was inferred, it is suggested to describe an additional register stage after this function.  If there is no registered adder/accumulator following the multiply function, two pipeline stages are suggested to allow both the MREG and PREG registers to be used.  If the DSP48 was instantiated in the design, it is suggested to set both the MREG and PREG attributes to 1 when performing multiply functions.
Related violations: <none>

DPOP-2#38 Warning
MREG Output pipelining  
DSP design_1_i/Conv2D_HW_0/inst/mul_32ns_32ns_64_1_1_U58/dout__1 multiplier stage design_1_i/Conv2D_HW_0/inst/mul_32ns_32ns_64_1_1_U58/dout__1/P[47:0] is not pipelined (MREG=0). Pipelining the multiplier function will improve performance and will save significant power so it is suggested whenever possible to fully pipeline this function.  If this multiplier was inferred, it is suggested to describe an additional register stage after this function.  If there is no registered adder/accumulator following the multiply function, two pipeline stages are suggested to allow both the MREG and PREG registers to be used.  If the DSP48 was instantiated in the design, it is suggested to set both the MREG and PREG attributes to 1 when performing multiply functions.
Related violations: <none>

DPOP-2#39 Warning
MREG Output pipelining  
DSP design_1_i/Conv2D_HW_0/inst/mul_32ns_32ns_64_1_1_U58/dout__2 multiplier stage design_1_i/Conv2D_HW_0/inst/mul_32ns_32ns_64_1_1_U58/dout__2/P[47:0] is not pipelined (MREG=0). Pipelining the multiplier function will improve performance and will save significant power so it is suggested whenever possible to fully pipeline this function.  If this multiplier was inferred, it is suggested to describe an additional register stage after this function.  If there is no registered adder/accumulator following the multiply function, two pipeline stages are suggested to allow both the MREG and PREG registers to be used.  If the DSP48 was instantiated in the design, it is suggested to set both the MREG and PREG attributes to 1 when performing multiply functions.
Related violations: <none>

DPOP-2#40 Warning
MREG Output pipelining  
DSP design_1_i/Conv2D_HW_0/inst/mul_32ns_64ns_96_1_1_U60/dout multiplier stage design_1_i/Conv2D_HW_0/inst/mul_32ns_64ns_96_1_1_U60/dout/P[47:0] is not pipelined (MREG=0). Pipelining the multiplier function will improve performance and will save significant power so it is suggested whenever possible to fully pipeline this function.  If this multiplier was inferred, it is suggested to describe an additional register stage after this function.  If there is no registered adder/accumulator following the multiply function, two pipeline stages are suggested to allow both the MREG and PREG registers to be used.  If the DSP48 was instantiated in the design, it is suggested to set both the MREG and PREG attributes to 1 when performing multiply functions.
Related violations: <none>

DPOP-2#41 Warning
MREG Output pipelining  
DSP design_1_i/Conv2D_HW_0/inst/mul_32ns_64ns_96_1_1_U60/dout__1 multiplier stage design_1_i/Conv2D_HW_0/inst/mul_32ns_64ns_96_1_1_U60/dout__1/P[47:0] is not pipelined (MREG=0). Pipelining the multiplier function will improve performance and will save significant power so it is suggested whenever possible to fully pipeline this function.  If this multiplier was inferred, it is suggested to describe an additional register stage after this function.  If there is no registered adder/accumulator following the multiply function, two pipeline stages are suggested to allow both the MREG and PREG registers to be used.  If the DSP48 was instantiated in the design, it is suggested to set both the MREG and PREG attributes to 1 when performing multiply functions.
Related violations: <none>

DPOP-2#42 Warning
MREG Output pipelining  
DSP design_1_i/Conv2D_HW_0/inst/mul_32ns_64ns_96_1_1_U60/dout__2 multiplier stage design_1_i/Conv2D_HW_0/inst/mul_32ns_64ns_96_1_1_U60/dout__2/P[47:0] is not pipelined (MREG=0). Pipelining the multiplier function will improve performance and will save significant power so it is suggested whenever possible to fully pipeline this function.  If this multiplier was inferred, it is suggested to describe an additional register stage after this function.  If there is no registered adder/accumulator following the multiply function, two pipeline stages are suggested to allow both the MREG and PREG registers to be used.  If the DSP48 was instantiated in the design, it is suggested to set both the MREG and PREG attributes to 1 when performing multiply functions.
Related violations: <none>

DPOP-2#43 Warning
MREG Output pipelining  
DSP design_1_i/Conv2D_HW_0/inst/mul_32s_32s_32_1_1_U59/dout multiplier stage design_1_i/Conv2D_HW_0/inst/mul_32s_32s_32_1_1_U59/dout/P[47:0] is not pipelined (MREG=0). Pipelining the multiplier function will improve performance and will save significant power so it is suggested whenever possible to fully pipeline this function.  If this multiplier was inferred, it is suggested to describe an additional register stage after this function.  If there is no registered adder/accumulator following the multiply function, two pipeline stages are suggested to allow both the MREG and PREG registers to be used.  If the DSP48 was instantiated in the design, it is suggested to set both the MREG and PREG attributes to 1 when performing multiply functions.
Related violations: <none>

DPOP-2#44 Warning
MREG Output pipelining  
DSP design_1_i/Conv2D_HW_0/inst/mul_32s_32s_32_1_1_U59/dout__0 multiplier stage design_1_i/Conv2D_HW_0/inst/mul_32s_32s_32_1_1_U59/dout__0/P[47:0] is not pipelined (MREG=0). Pipelining the multiplier function will improve performance and will save significant power so it is suggested whenever possible to fully pipeline this function.  If this multiplier was inferred, it is suggested to describe an additional register stage after this function.  If there is no registered adder/accumulator following the multiply function, two pipeline stages are suggested to allow both the MREG and PREG registers to be used.  If the DSP48 was instantiated in the design, it is suggested to set both the MREG and PREG attributes to 1 when performing multiply functions.
Related violations: <none>

DPOP-2#45 Warning
MREG Output pipelining  
DSP design_1_i/Conv2D_HW_0/inst/mul_32s_32s_32_1_1_U61/dout multiplier stage design_1_i/Conv2D_HW_0/inst/mul_32s_32s_32_1_1_U61/dout/P[47:0] is not pipelined (MREG=0). Pipelining the multiplier function will improve performance and will save significant power so it is suggested whenever possible to fully pipeline this function.  If this multiplier was inferred, it is suggested to describe an additional register stage after this function.  If there is no registered adder/accumulator following the multiply function, two pipeline stages are suggested to allow both the MREG and PREG registers to be used.  If the DSP48 was instantiated in the design, it is suggested to set both the MREG and PREG attributes to 1 when performing multiply functions.
Related violations: <none>

DPOP-2#46 Warning
MREG Output pipelining  
DSP design_1_i/Conv2D_HW_0/inst/mul_32s_32s_32_1_1_U61/dout__0 multiplier stage design_1_i/Conv2D_HW_0/inst/mul_32s_32s_32_1_1_U61/dout__0/P[47:0] is not pipelined (MREG=0). Pipelining the multiplier function will improve performance and will save significant power so it is suggested whenever possible to fully pipeline this function.  If this multiplier was inferred, it is suggested to describe an additional register stage after this function.  If there is no registered adder/accumulator following the multiply function, two pipeline stages are suggested to allow both the MREG and PREG registers to be used.  If the DSP48 was instantiated in the design, it is suggested to set both the MREG and PREG attributes to 1 when performing multiply functions.
Related violations: <none>

DPOP-2#47 Warning
MREG Output pipelining  
DSP design_1_i/Conv2D_HW_0/inst/mul_32s_32s_32_1_1_U62/dout multiplier stage design_1_i/Conv2D_HW_0/inst/mul_32s_32s_32_1_1_U62/dout/P[47:0] is not pipelined (MREG=0). Pipelining the multiplier function will improve performance and will save significant power so it is suggested whenever possible to fully pipeline this function.  If this multiplier was inferred, it is suggested to describe an additional register stage after this function.  If there is no registered adder/accumulator following the multiply function, two pipeline stages are suggested to allow both the MREG and PREG registers to be used.  If the DSP48 was instantiated in the design, it is suggested to set both the MREG and PREG attributes to 1 when performing multiply functions.
Related violations: <none>

DPOP-2#48 Warning
MREG Output pipelining  
DSP design_1_i/Conv2D_HW_0/inst/mul_32s_32s_32_1_1_U62/dout__0 multiplier stage design_1_i/Conv2D_HW_0/inst/mul_32s_32s_32_1_1_U62/dout__0/P[47:0] is not pipelined (MREG=0). Pipelining the multiplier function will improve performance and will save significant power so it is suggested whenever possible to fully pipeline this function.  If this multiplier was inferred, it is suggested to describe an additional register stage after this function.  If there is no registered adder/accumulator following the multiply function, two pipeline stages are suggested to allow both the MREG and PREG registers to be used.  If the DSP48 was instantiated in the design, it is suggested to set both the MREG and PREG attributes to 1 when performing multiply functions.
Related violations: <none>

DPOP-2#49 Warning
MREG Output pipelining  
DSP design_1_i/Conv2D_HW_0/inst/mul_ln13_1_reg_635_reg multiplier stage design_1_i/Conv2D_HW_0/inst/mul_ln13_1_reg_635_reg/P[47:0] is not pipelined (MREG=0). Pipelining the multiplier function will improve performance and will save significant power so it is suggested whenever possible to fully pipeline this function.  If this multiplier was inferred, it is suggested to describe an additional register stage after this function.  If there is no registered adder/accumulator following the multiply function, two pipeline stages are suggested to allow both the MREG and PREG registers to be used.  If the DSP48 was instantiated in the design, it is suggested to set both the MREG and PREG attributes to 1 when performing multiply functions.
Related violations: <none>

DPOP-2#50 Warning
MREG Output pipelining  
DSP design_1_i/Conv2D_HW_0/inst/mul_ln13_1_reg_635_reg__0 multiplier stage design_1_i/Conv2D_HW_0/inst/mul_ln13_1_reg_635_reg__0/P[47:0] is not pipelined (MREG=0). Pipelining the multiplier function will improve performance and will save significant power so it is suggested whenever possible to fully pipeline this function.  If this multiplier was inferred, it is suggested to describe an additional register stage after this function.  If there is no registered adder/accumulator following the multiply function, two pipeline stages are suggested to allow both the MREG and PREG registers to be used.  If the DSP48 was instantiated in the design, it is suggested to set both the MREG and PREG attributes to 1 when performing multiply functions.
Related violations: <none>

DPOP-2#51 Warning
MREG Output pipelining  
DSP design_1_i/Conv2D_HW_0/inst/mul_ln13_1_reg_635_reg__1 multiplier stage design_1_i/Conv2D_HW_0/inst/mul_ln13_1_reg_635_reg__1/P[47:0] is not pipelined (MREG=0). Pipelining the multiplier function will improve performance and will save significant power so it is suggested whenever possible to fully pipeline this function.  If this multiplier was inferred, it is suggested to describe an additional register stage after this function.  If there is no registered adder/accumulator following the multiply function, two pipeline stages are suggested to allow both the MREG and PREG registers to be used.  If the DSP48 was instantiated in the design, it is suggested to set both the MREG and PREG attributes to 1 when performing multiply functions.
Related violations: <none>

DPOP-2#52 Warning
MREG Output pipelining  
DSP design_1_i/Conv2D_HW_0/inst/mul_ln39_reg_629_reg multiplier stage design_1_i/Conv2D_HW_0/inst/mul_ln39_reg_629_reg/P[47:0] is not pipelined (MREG=0). Pipelining the multiplier function will improve performance and will save significant power so it is suggested whenever possible to fully pipeline this function.  If this multiplier was inferred, it is suggested to describe an additional register stage after this function.  If there is no registered adder/accumulator following the multiply function, two pipeline stages are suggested to allow both the MREG and PREG registers to be used.  If the DSP48 was instantiated in the design, it is suggested to set both the MREG and PREG attributes to 1 when performing multiply functions.
Related violations: <none>

DPOP-2#53 Warning
MREG Output pipelining  
DSP design_1_i/Conv2D_HW_0/inst/zext_ln56_reg_674_reg multiplier stage design_1_i/Conv2D_HW_0/inst/zext_ln56_reg_674_reg/P[47:0] is not pipelined (MREG=0). Pipelining the multiplier function will improve performance and will save significant power so it is suggested whenever possible to fully pipeline this function.  If this multiplier was inferred, it is suggested to describe an additional register stage after this function.  If there is no registered adder/accumulator following the multiply function, two pipeline stages are suggested to allow both the MREG and PREG registers to be used.  If the DSP48 was instantiated in the design, it is suggested to set both the MREG and PREG attributes to 1 when performing multiply functions.
Related violations: <none>

PDCN-1569#1 Warning
LUT equation term check  
Used physical LUT pin 'A1' of cell design_1_i/axi_interconnect_0/m00_couplers/auto_pc/inst/gen_axi4_axi3.axi3_conv_inst/USE_READ.USE_SPLIT_R.read_addr_inst/USE_R_CHANNEL.cmd_queue/inst/fifo_gen_inst/inst_fifo_gen/gconvfifo.rf/grf.rf/gntv_or_sync_fifo.gl0.rd/gr1.gr1_int.rfwft/gpregsm1.user_valid_i_1 (pin design_1_i/axi_interconnect_0/m00_couplers/auto_pc/inst/gen_axi4_axi3.axi3_conv_inst/USE_READ.USE_SPLIT_R.read_addr_inst/USE_R_CHANNEL.cmd_queue/inst/fifo_gen_inst/inst_fifo_gen/gconvfifo.rf/grf.rf/gntv_or_sync_fifo.gl0.rd/gr1.gr1_int.rfwft/gpregsm1.user_valid_i_1/I1) is not included in the LUT equation: 'O6=(A5)+((~A5)*(~A2)*A4)'. If this cell is a user instantiated LUT in the design, please remove connectivity to the pin or change the equation and/or INIT string of the LUT to prevent this issue. If the cell is inferred or IP created LUT, please regenerate the IP and/or resynthesize the design to attempt to correct the issue.
Related violations: <none>

PDCN-1569#2 Warning
LUT equation term check  
Used physical LUT pin 'A1' of cell design_1_i/axi_interconnect_0/m00_couplers/auto_pc/inst/gen_axi4_axi3.axi3_conv_inst/USE_WRITE.write_addr_inst/USE_BURSTS.cmd_queue/inst/fifo_gen_inst/inst_fifo_gen/gconvfifo.rf/grf.rf/gntv_or_sync_fifo.gl0.rd/gr1.gr1_int.rfwft/gpregsm1.user_valid_i_1 (pin design_1_i/axi_interconnect_0/m00_couplers/auto_pc/inst/gen_axi4_axi3.axi3_conv_inst/USE_WRITE.write_addr_inst/USE_BURSTS.cmd_queue/inst/fifo_gen_inst/inst_fifo_gen/gconvfifo.rf/grf.rf/gntv_or_sync_fifo.gl0.rd/gr1.gr1_int.rfwft/gpregsm1.user_valid_i_1/I1) is not included in the LUT equation: 'O6=(A6)+((~A6)*(~A5)*A3)'. If this cell is a user instantiated LUT in the design, please remove connectivity to the pin or change the equation and/or INIT string of the LUT to prevent this issue. If the cell is inferred or IP created LUT, please regenerate the IP and/or resynthesize the design to attempt to correct the issue.
Related violations: <none>

PDCN-1569#3 Warning
LUT equation term check  
Used physical LUT pin 'A1' of cell design_1_i/axi_interconnect_0/m01_couplers/auto_pc/inst/gen_axi4_axi3.axi3_conv_inst/USE_READ.USE_SPLIT_R.read_addr_inst/USE_R_CHANNEL.cmd_queue/inst/fifo_gen_inst/inst_fifo_gen/gconvfifo.rf/grf.rf/gntv_or_sync_fifo.gl0.rd/gr1.gr1_int.rfwft/gpregsm1.user_valid_i_1 (pin design_1_i/axi_interconnect_0/m01_couplers/auto_pc/inst/gen_axi4_axi3.axi3_conv_inst/USE_READ.USE_SPLIT_R.read_addr_inst/USE_R_CHANNEL.cmd_queue/inst/fifo_gen_inst/inst_fifo_gen/gconvfifo.rf/grf.rf/gntv_or_sync_fifo.gl0.rd/gr1.gr1_int.rfwft/gpregsm1.user_valid_i_1/I1) is not included in the LUT equation: 'O6=(A5)+((~A5)*(~A6)*A3)'. If this cell is a user instantiated LUT in the design, please remove connectivity to the pin or change the equation and/or INIT string of the LUT to prevent this issue. If the cell is inferred or IP created LUT, please regenerate the IP and/or resynthesize the design to attempt to correct the issue.
Related violations: <none>

PDCN-1569#4 Warning
LUT equation term check  
Used physical LUT pin 'A3' of cell design_1_i/axi_interconnect_0/m01_couplers/auto_pc/inst/gen_axi4_axi3.axi3_conv_inst/USE_WRITE.write_addr_inst/USE_B_CHANNEL.cmd_b_queue/inst/fifo_gen_inst/inst_fifo_gen/gconvfifo.rf/grf.rf/gntv_or_sync_fifo.gl0.rd/gr1.gr1_int.rfwft/gpregsm1.user_valid_i_1 (pin design_1_i/axi_interconnect_0/m01_couplers/auto_pc/inst/gen_axi4_axi3.axi3_conv_inst/USE_WRITE.write_addr_inst/USE_B_CHANNEL.cmd_b_queue/inst/fifo_gen_inst/inst_fifo_gen/gconvfifo.rf/grf.rf/gntv_or_sync_fifo.gl0.rd/gr1.gr1_int.rfwft/gpregsm1.user_valid_i_1/I1) is not included in the LUT equation: 'O6=(A2)+((~A2)*(~A5)*A1)'. If this cell is a user instantiated LUT in the design, please remove connectivity to the pin or change the equation and/or INIT string of the LUT to prevent this issue. If the cell is inferred or IP created LUT, please regenerate the IP and/or resynthesize the design to attempt to correct the issue.
Related violations: <none>

PDCN-1569#5 Warning
LUT equation term check  
Used physical LUT pin 'A5' of cell design_1_i/axi_interconnect_0/m00_couplers/auto_pc/inst/gen_axi4_axi3.axi3_conv_inst/USE_WRITE.write_addr_inst/USE_B_CHANNEL.cmd_b_queue/inst/fifo_gen_inst/inst_fifo_gen/gconvfifo.rf/grf.rf/gntv_or_sync_fifo.gl0.rd/gr1.gr1_int.rfwft/gpregsm1.user_valid_i_1 (pin design_1_i/axi_interconnect_0/m00_couplers/auto_pc/inst/gen_axi4_axi3.axi3_conv_inst/USE_WRITE.write_addr_inst/USE_B_CHANNEL.cmd_b_queue/inst/fifo_gen_inst/inst_fifo_gen/gconvfifo.rf/grf.rf/gntv_or_sync_fifo.gl0.rd/gr1.gr1_int.rfwft/gpregsm1.user_valid_i_1/I1) is not included in the LUT equation: 'O6=(A6)+((~A6)*(~A2)*A3)'. If this cell is a user instantiated LUT in the design, please remove connectivity to the pin or change the equation and/or INIT string of the LUT to prevent this issue. If the cell is inferred or IP created LUT, please regenerate the IP and/or resynthesize the design to attempt to correct the issue.
Related violations: <none>

PDCN-1569#6 Warning
LUT equation term check  
Used physical LUT pin 'A6' of cell design_1_i/axi_interconnect_0/m01_couplers/auto_pc/inst/gen_axi4_axi3.axi3_conv_inst/USE_WRITE.write_addr_inst/USE_BURSTS.cmd_queue/inst/fifo_gen_inst/inst_fifo_gen/gconvfifo.rf/grf.rf/gntv_or_sync_fifo.gl0.rd/gr1.gr1_int.rfwft/gpregsm1.user_valid_i_1 (pin design_1_i/axi_interconnect_0/m01_couplers/auto_pc/inst/gen_axi4_axi3.axi3_conv_inst/USE_WRITE.write_addr_inst/USE_BURSTS.cmd_queue/inst/fifo_gen_inst/inst_fifo_gen/gconvfifo.rf/grf.rf/gntv_or_sync_fifo.gl0.rd/gr1.gr1_int.rfwft/gpregsm1.user_valid_i_1/I1) is not included in the LUT equation: 'O6=(A1)+((~A1)*(~A3)*A5)'. If this cell is a user instantiated LUT in the design, please remove connectivity to the pin or change the equation and/or INIT string of the LUT to prevent this issue. If the cell is inferred or IP created LUT, please regenerate the IP and/or resynthesize the design to attempt to correct the issue.
Related violations: <none>

RTSTAT-10#1 Warning
No routable loads  
66 net(s) have no routable loads. The problem bus(es) and/or net(s) are design_1_i/axi_interconnect_0/m00_couplers/auto_pc/inst/gen_axi4_axi3.axi3_conv_inst/USE_READ.USE_SPLIT_R.read_addr_inst/USE_R_CHANNEL.cmd_queue/inst/fifo_gen_inst/inst_fifo_gen/gconvfifo.rf/grf.rf/gntv_or_sync_fifo.gl0.rd/gr1.gr1_int.rfwft/aempty_fwft_i,
design_1_i/axi_interconnect_0/m00_couplers/auto_pc/inst/gen_axi4_axi3.axi3_conv_inst/USE_READ.USE_SPLIT_R.read_addr_inst/USE_R_CHANNEL.cmd_queue/inst/fifo_gen_inst/inst_fifo_gen/gconvfifo.rf/grf.rf/rstblk/ngwrdrst.grst.rd_rst_reg[2:0],
design_1_i/axi_interconnect_0/m00_couplers/auto_pc/inst/gen_axi4_axi3.axi3_conv_inst/USE_READ.USE_SPLIT_R.read_addr_inst/USE_R_CHANNEL.cmd_queue/inst/fifo_gen_inst/inst_fifo_gen/gconvfifo.rf/grf.rf/rstblk/ngwrdrst.grst.wr_rst_reg[2:0],
design_1_i/axi_interconnect_0/m00_couplers/auto_pc/inst/gen_axi4_axi3.axi3_conv_inst/USE_WRITE.write_addr_inst/USE_BURSTS.cmd_queue/inst/fifo_gen_inst/inst_fifo_gen/gconvfifo.rf/grf.rf/gntv_or_sync_fifo.gl0.rd/gr1.gr1_int.rfwft/aempty_fwft_i,
design_1_i/axi_interconnect_0/m00_couplers/auto_pc/inst/gen_axi4_axi3.axi3_conv_inst/USE_WRITE.write_addr_inst/USE_BURSTS.cmd_queue/inst/fifo_gen_inst/inst_fifo_gen/gconvfifo.rf/grf.rf/rstblk/ngwrdrst.grst.rd_rst_reg[2:0],
design_1_i/axi_interconnect_0/m00_couplers/auto_pc/inst/gen_axi4_axi3.axi3_conv_inst/USE_WRITE.write_addr_inst/USE_BURSTS.cmd_queue/inst/fifo_gen_inst/inst_fifo_gen/gconvfifo.rf/grf.rf/rstblk/ngwrdrst.grst.wr_rst_reg[2:0],
design_1_i/axi_interconnect_0/m00_couplers/auto_pc/inst/gen_axi4_axi3.axi3_conv_inst/USE_WRITE.write_addr_inst/USE_B_CHANNEL.cmd_b_queue/inst/fifo_gen_inst/inst_fifo_gen/gconvfifo.rf/grf.rf/gntv_or_sync_fifo.gl0.rd/gr1.gr1_int.rfwft/aempty_fwft_i,
design_1_i/axi_interconnect_0/m00_couplers/auto_pc/inst/gen_axi4_axi3.axi3_conv_inst/USE_WRITE.write_addr_inst/USE_B_CHANNEL.cmd_b_queue/inst/fifo_gen_inst/inst_fifo_gen/gconvfifo.rf/grf.rf/rstblk/ngwrdrst.grst.rd_rst_reg[2:0],
design_1_i/axi_interconnect_0/m00_couplers/auto_pc/inst/gen_axi4_axi3.axi3_conv_inst/USE_WRITE.write_addr_inst/USE_B_CHANNEL.cmd_b_queue/inst/fifo_gen_inst/inst_fifo_gen/gconvfifo.rf/grf.rf/rstblk/ngwrdrst.grst.wr_rst_reg[2:0],
design_1_i/axi_interconnect_0/m01_couplers/auto_pc/inst/gen_axi4_axi3.axi3_conv_inst/USE_READ.USE_SPLIT_R.read_addr_inst/USE_R_CHANNEL.cmd_queue/inst/fifo_gen_inst/inst_fifo_gen/gconvfifo.rf/grf.rf/gntv_or_sync_fifo.gl0.rd/gr1.gr1_int.rfwft/aempty_fwft_i,
design_1_i/axi_interconnect_0/m01_couplers/auto_pc/inst/gen_axi4_axi3.axi3_conv_inst/USE_READ.USE_SPLIT_R.read_addr_inst/USE_R_CHANNEL.cmd_queue/inst/fifo_gen_inst/inst_fifo_gen/gconvfifo.rf/grf.rf/rstblk/ngwrdrst.grst.rd_rst_reg[2:0],
design_1_i/axi_interconnect_0/m01_couplers/auto_pc/inst/gen_axi4_axi3.axi3_conv_inst/USE_WRITE.write_addr_inst/USE_BURSTS.cmd_queue/inst/fifo_gen_inst/inst_fifo_gen/gconvfifo.rf/grf.rf/gntv_or_sync_fifo.gl0.rd/gr1.gr1_int.rfwft/aempty_fwft_i,
design_1_i/axi_interconnect_0/m01_couplers/auto_pc/inst/gen_axi4_axi3.axi3_conv_inst/USE_WRITE.write_addr_inst/USE_BURSTS.cmd_queue/inst/fifo_gen_inst/inst_fifo_gen/gconvfifo.rf/grf.rf/rstblk/ngwrdrst.grst.rd_rst_reg[2:0],
design_1_i/axi_interconnect_0/m01_couplers/auto_pc/inst/gen_axi4_axi3.axi3_conv_inst/USE_WRITE.write_addr_inst/USE_B_CHANNEL.cmd_b_queue/inst/fifo_gen_inst/inst_fifo_gen/gconvfifo.rf/grf.rf/gntv_or_sync_fifo.gl0.rd/gr1.gr1_int.rfwft/aempty_fwft_i,
design_1_i/axi_interconnect_0/m01_couplers/auto_pc/inst/gen_axi4_axi3.axi3_conv_inst/USE_WRITE.write_addr_inst/USE_B_CHANNEL.cmd_b_queue/inst/fifo_gen_inst/inst_fifo_gen/gconvfifo.rf/grf.rf/rstblk/ngwrdrst.grst.rd_rst_reg[2:0]
 (the first 15 of 42 listed).
Related violations: <none>


