

================================================================
== Vitis HLS Report for 'Conv2D_HW'
================================================================
* Date:           Fri Mar 13 11:33:45 2026

* Version:        2022.2 (Build 3670227 on Oct 13 2022)
* Project:        midterm_vitis
* Solution:       solution1 (Vivado IP Flow Target)
* Product family: zynq
* Target device:  xc7z020-clg400-1


================================================================
== Performance Estimates
================================================================
+ Timing: 
    * Summary: 
    +--------+----------+----------+------------+
    |  Clock |  Target  | Estimated| Uncertainty|
    +--------+----------+----------+------------+
    |ap_clk  |  10.00 ns|  7.300 ns|     2.70 ns|
    +--------+----------+----------+------------+

+ Latency: 
    * Summary: 
    +---------+---------+----------+----------+-----+-----+---------+
    |  Latency (cycles) |  Latency (absolute) |  Interval | Pipeline|
    |   min   |   max   |    min   |    max   | min | max |   Type  |
    +---------+---------+----------+----------+-----+-----+---------+
    |        ?|        ?|         ?|         ?|    ?|    ?|       no|
    +---------+---------+----------+----------+-----+-----+---------+

    + Detail: 
        * Instance: 
        N/A

        * Loop: 
        +-----------------------------------+---------+---------+----------+-----------+-----------+------+----------+
        |                                   |  Latency (cycles) | Iteration|  Initiation Interval  | Trip |          |
        |             Loop Name             |   min   |   max   |  Latency |  achieved |   target  | Count| Pipelined|
        +-----------------------------------+---------+---------+----------+-----------+-----------+------+----------+
        |- VITIS_LOOP_20_1_VITIS_LOOP_21_2  |        ?|        ?|         ?|          -|          -|     ?|        no|
        | + VITIS_LOOP_22_3                 |        ?|        ?|         ?|          -|          -|     ?|        no|
        +-----------------------------------+---------+---------+----------+-----------+-----------+------+----------+

============================================================
+ Verbose Summary: Synthesis Manager
============================================================
InlineROM: 1
ExposeGlobal: 0
============================================================
+ Verbose Summary: CDFG Model
============================================================
IsTopModel: 1
ResetActiveHigh: 1
IsCombinational: 0
IsDatapathOnly: 0
HasWiredReturn: 1
HasMFsm: 0
HasVarLatency: 1
IsPipeline: 0
IsRtlPipelined: 0
IsInstanceOverlapped: 0
IsDontTouch: 0
HasImplIP: 0
IsGatedGlobalClock: 0


============================================================
+ Verbose Summary: Schedule
============================================================
* Number of FSM states : 23
* Pipeline : 0
* Dataflow Pipeline: 0

* FSM state transitions: 
1 --> 2 
2 --> 3 
3 --> 4 
4 --> 5 
5 --> 6 
6 --> 7 
7 --> 8 
8 --> 9 
9 --> 10 
10 --> 11 
11 --> 12 
12 --> 13 
13 --> 14 
14 --> 15 
15 --> 16 
16 --> 17 19 
17 --> 18 
18 --> 16 
19 --> 20 
20 --> 21 
21 --> 22 
22 --> 23 
23 --> 9 

* FSM state operations: 

State 1 <SV = 0> <Delay = 1.58>
ST_1 : Operation 24 [1/1] (0.00ns)   --->   "%y = alloca i32 1"   --->   Operation 24 'alloca' 'y' <Predicate = true> <Delay = 0.00>
ST_1 : Operation 25 [1/1] (0.00ns)   --->   "%iFilter = alloca i32 1"   --->   Operation 25 'alloca' 'iFilter' <Predicate = true> <Delay = 0.00>
ST_1 : Operation 26 [1/1] (0.00ns)   --->   "%indvar_flatten106 = alloca i32 1"   --->   Operation 26 'alloca' 'indvar_flatten106' <Predicate = true> <Delay = 0.00>
ST_1 : Operation 27 [1/1] (1.00ns)   --->   "%convHeight_read = read i32 @_ssdm_op_Read.s_axilite.i32, i32 %convHeight"   --->   Operation 27 'read' 'convHeight_read' <Predicate = true> <Delay = 1.00> <CoreInst = "s_axilite">   --->   Core 114 's_axilite' <Latency = 0> <II = 1> <Delay = 1.00> <Adapter> <Opcode : 'read' 'write'>
ST_1 : Operation 28 [1/1] (1.00ns)   --->   "%convWidth_read = read i32 @_ssdm_op_Read.s_axilite.i32, i32 %convWidth"   --->   Operation 28 'read' 'convWidth_read' <Predicate = true> <Delay = 1.00> <CoreInst = "s_axilite">   --->   Core 114 's_axilite' <Latency = 0> <II = 1> <Delay = 1.00> <Adapter> <Opcode : 'read' 'write'>
ST_1 : Operation 29 [1/1] (1.00ns)   --->   "%inputHeight_read = read i32 @_ssdm_op_Read.s_axilite.i32, i32 %inputHeight"   --->   Operation 29 'read' 'inputHeight_read' <Predicate = true> <Delay = 1.00> <CoreInst = "s_axilite">   --->   Core 114 's_axilite' <Latency = 0> <II = 1> <Delay = 1.00> <Adapter> <Opcode : 'read' 'write'>
ST_1 : Operation 30 [1/1] (1.00ns)   --->   "%inputWidth_read = read i32 @_ssdm_op_Read.s_axilite.i32, i32 %inputWidth"   --->   Operation 30 'read' 'inputWidth_read' <Predicate = true> <Delay = 1.00> <CoreInst = "s_axilite">   --->   Core 114 's_axilite' <Latency = 0> <II = 1> <Delay = 1.00> <Adapter> <Opcode : 'read' 'write'>
ST_1 : Operation 31 [1/1] (1.00ns)   --->   "%numFilters_read = read i32 @_ssdm_op_Read.s_axilite.i32, i32 %numFilters"   --->   Operation 31 'read' 'numFilters_read' <Predicate = true> <Delay = 1.00> <CoreInst = "s_axilite">   --->   Core 114 's_axilite' <Latency = 0> <II = 1> <Delay = 1.00> <Adapter> <Opcode : 'read' 'write'>
ST_1 : Operation 32 [1/1] (1.00ns)   --->   "%numChannels_read = read i32 @_ssdm_op_Read.s_axilite.i32, i32 %numChannels"   --->   Operation 32 'read' 'numChannels_read' <Predicate = true> <Delay = 1.00> <CoreInst = "s_axilite">   --->   Core 114 's_axilite' <Latency = 0> <II = 1> <Delay = 1.00> <Adapter> <Opcode : 'read' 'write'>
ST_1 : Operation 33 [1/1] (1.00ns)   --->   "%coeffs_read = read i64 @_ssdm_op_Read.s_axilite.i64, i64 %coeffs"   --->   Operation 33 'read' 'coeffs_read' <Predicate = true> <Delay = 1.00> <CoreInst = "s_axilite">   --->   Core 114 's_axilite' <Latency = 0> <II = 1> <Delay = 1.00> <Adapter> <Opcode : 'read' 'write'>
ST_1 : Operation 34 [1/1] (1.00ns)   --->   "%output_r_read = read i64 @_ssdm_op_Read.s_axilite.i64, i64 %output_r"   --->   Operation 34 'read' 'output_r_read' <Predicate = true> <Delay = 1.00> <CoreInst = "s_axilite">   --->   Core 114 's_axilite' <Latency = 0> <II = 1> <Delay = 1.00> <Adapter> <Opcode : 'read' 'write'>
ST_1 : Operation 35 [1/1] (1.00ns)   --->   "%input_r_read = read i64 @_ssdm_op_Read.s_axilite.i64, i64 %input_r"   --->   Operation 35 'read' 'input_r_read' <Predicate = true> <Delay = 1.00> <CoreInst = "s_axilite">   --->   Core 114 's_axilite' <Latency = 0> <II = 1> <Delay = 1.00> <Adapter> <Opcode : 'read' 'write'>
ST_1 : Operation 36 [1/1] (0.00ns)   --->   "%acc_loc = alloca i64 1"   --->   Operation 36 'alloca' 'acc_loc' <Predicate = true> <Delay = 0.00>
ST_1 : Operation 37 [1/1] (1.58ns)   --->   "%store_ln20 = store i64 0, i64 %indvar_flatten106" [HLS/conv2d.cpp:20]   --->   Operation 37 'store' 'store_ln20' <Predicate = true> <Delay = 1.58>
ST_1 : Operation 38 [1/1] (1.58ns)   --->   "%store_ln20 = store i32 0, i32 %iFilter" [HLS/conv2d.cpp:20]   --->   Operation 38 'store' 'store_ln20' <Predicate = true> <Delay = 1.58>
ST_1 : Operation 39 [1/1] (1.58ns)   --->   "%store_ln20 = store i32 0, i32 %y" [HLS/conv2d.cpp:20]   --->   Operation 39 'store' 'store_ln20' <Predicate = true> <Delay = 1.58>

State 2 <SV = 1> <Delay = 6.91>
ST_2 : Operation 40 [1/1] (0.00ns)   --->   "%zext_ln3 = zext i32 %convHeight_read" [HLS/conv2d.cpp:3]   --->   Operation 40 'zext' 'zext_ln3' <Predicate = true> <Delay = 0.00>
ST_2 : Operation 41 [1/1] (0.00ns)   --->   "%zext_ln3_1 = zext i32 %convWidth_read" [HLS/conv2d.cpp:3]   --->   Operation 41 'zext' 'zext_ln3_1' <Predicate = true> <Delay = 0.00>
ST_2 : Operation 42 [2/2] (6.91ns)   --->   "%mul_ln3 = mul i64 %zext_ln3, i64 %zext_ln3_1" [HLS/conv2d.cpp:3]   --->   Operation 42 'mul' 'mul_ln3' <Predicate = true> <Delay = 6.91> <CoreInst = "Multiplier">   --->   Core 3 'Multiplier' <Latency = 1> <II = 1> <Delay = 6.91> <FuncUnit> <Opcode : 'mul'> <InPorts = 2> <OutPorts = 1>

State 3 <SV = 2> <Delay = 6.91>
ST_3 : Operation 43 [1/2] (6.91ns)   --->   "%mul_ln3 = mul i64 %zext_ln3, i64 %zext_ln3_1" [HLS/conv2d.cpp:3]   --->   Operation 43 'mul' 'mul_ln3' <Predicate = true> <Delay = 6.91> <CoreInst = "Multiplier">   --->   Core 3 'Multiplier' <Latency = 1> <II = 1> <Delay = 6.91> <FuncUnit> <Opcode : 'mul'> <InPorts = 2> <OutPorts = 1>

State 4 <SV = 3> <Delay = 6.97>
ST_4 : Operation 44 [1/1] (0.00ns)   --->   "%zext_ln3_2 = zext i32 %numChannels_read" [HLS/conv2d.cpp:3]   --->   Operation 44 'zext' 'zext_ln3_2' <Predicate = true> <Delay = 0.00>
ST_4 : Operation 45 [1/1] (0.00ns)   --->   "%zext_ln3_3 = zext i64 %mul_ln3" [HLS/conv2d.cpp:3]   --->   Operation 45 'zext' 'zext_ln3_3' <Predicate = true> <Delay = 0.00>
ST_4 : Operation 46 [5/5] (6.97ns)   --->   "%mul_ln3_1 = mul i96 %zext_ln3_2, i96 %zext_ln3_3" [HLS/conv2d.cpp:3]   --->   Operation 46 'mul' 'mul_ln3_1' <Predicate = true> <Delay = 6.97> <CoreInst = "Multiplier">   --->   Core 3 'Multiplier' <Latency = 4> <II = 1> <Delay = 6.97> <FuncUnit> <Opcode : 'mul'> <InPorts = 2> <OutPorts = 1>

State 5 <SV = 4> <Delay = 6.97>
ST_5 : Operation 47 [4/5] (6.97ns)   --->   "%mul_ln3_1 = mul i96 %zext_ln3_2, i96 %zext_ln3_3" [HLS/conv2d.cpp:3]   --->   Operation 47 'mul' 'mul_ln3_1' <Predicate = true> <Delay = 6.97> <CoreInst = "Multiplier">   --->   Core 3 'Multiplier' <Latency = 4> <II = 1> <Delay = 6.97> <FuncUnit> <Opcode : 'mul'> <InPorts = 2> <OutPorts = 1>

State 6 <SV = 5> <Delay = 6.97>
ST_6 : Operation 48 [1/1] (2.55ns)   --->   "%sub = add i32 %inputHeight_read, i32 4294967294"   --->   Operation 48 'add' 'sub' <Predicate = true> <Delay = 2.55> <CoreInst = "Adder">   --->   Core 1 'Adder' <Latency = 0> <II = 1> <Delay = 2.55> <FuncUnit> <Opcode : 'add' 'sub'> <InPorts = 2> <OutPorts = 1>
ST_6 : Operation 49 [3/5] (6.97ns)   --->   "%mul_ln3_1 = mul i96 %zext_ln3_2, i96 %zext_ln3_3" [HLS/conv2d.cpp:3]   --->   Operation 49 'mul' 'mul_ln3_1' <Predicate = true> <Delay = 6.97> <CoreInst = "Multiplier">   --->   Core 3 'Multiplier' <Latency = 4> <II = 1> <Delay = 6.97> <FuncUnit> <Opcode : 'mul'> <InPorts = 2> <OutPorts = 1>

State 7 <SV = 6> <Delay = 6.97>
ST_7 : Operation 50 [2/2] (6.91ns)   --->   "%mul_ln20 = mul i32 %convHeight_read, i32 %convWidth_read" [HLS/conv2d.cpp:20]   --->   Operation 50 'mul' 'mul_ln20' <Predicate = true> <Delay = 6.91> <CoreInst = "Multiplier">   --->   Core 3 'Multiplier' <Latency = 1> <II = 1> <Delay = 6.91> <FuncUnit> <Opcode : 'mul'> <InPorts = 2> <OutPorts = 1>
ST_7 : Operation 51 [2/5] (6.97ns)   --->   "%mul_ln3_1 = mul i96 %zext_ln3_2, i96 %zext_ln3_3" [HLS/conv2d.cpp:3]   --->   Operation 51 'mul' 'mul_ln3_1' <Predicate = true> <Delay = 6.97> <CoreInst = "Multiplier">   --->   Core 3 'Multiplier' <Latency = 4> <II = 1> <Delay = 6.97> <FuncUnit> <Opcode : 'mul'> <InPorts = 2> <OutPorts = 1>
ST_7 : Operation 52 [1/1] (0.00ns)   --->   "%zext_ln3_4 = zext i32 %numFilters_read" [HLS/conv2d.cpp:3]   --->   Operation 52 'zext' 'zext_ln3_4' <Predicate = true> <Delay = 0.00>
ST_7 : Operation 53 [1/1] (0.00ns)   --->   "%zext_ln3_5 = zext i32 %sub" [HLS/conv2d.cpp:3]   --->   Operation 53 'zext' 'zext_ln3_5' <Predicate = true> <Delay = 0.00>
ST_7 : Operation 54 [2/2] (6.91ns)   --->   "%mul_ln3_2 = mul i64 %zext_ln3_4, i64 %zext_ln3_5" [HLS/conv2d.cpp:3]   --->   Operation 54 'mul' 'mul_ln3_2' <Predicate = true> <Delay = 6.91> <CoreInst = "Multiplier">   --->   Core 3 'Multiplier' <Latency = 1> <II = 1> <Delay = 6.91> <FuncUnit> <Opcode : 'mul'> <InPorts = 2> <OutPorts = 1>

State 8 <SV = 7> <Delay = 6.97>
ST_8 : Operation 55 [1/1] (0.00ns)   --->   "%spectopmodule_ln3 = spectopmodule void @_ssdm_op_SpecTopModule, void @empty_15" [HLS/conv2d.cpp:3]   --->   Operation 55 'spectopmodule' 'spectopmodule_ln3' <Predicate = true> <Delay = 0.00>
ST_8 : Operation 56 [1/1] (0.00ns)   --->   "%specinterface_ln0 = specinterface void @_ssdm_op_SpecInterface, i32 %gmem, void @empty_4, i32 0, i32 0, void @empty_5, i32 0, i32 0, void @empty_6, void @empty_17, void @empty_5, i32 16, i32 16, i32 16, i32 16, void @empty_5, void @empty_5, i32 4294967295, i32 0"   --->   Operation 56 'specinterface' 'specinterface_ln0' <Predicate = true> <Delay = 0.00>
ST_8 : Operation 57 [1/1] (0.00ns)   --->   "%specbitsmap_ln0 = specbitsmap void @_ssdm_op_SpecBitsMap, i32 %gmem"   --->   Operation 57 'specbitsmap' 'specbitsmap_ln0' <Predicate = true> <Delay = 0.00>
ST_8 : Operation 58 [1/1] (0.00ns)   --->   "%specinterface_ln0 = specinterface void @_ssdm_op_SpecInterface, i64 %input_r, void @empty_14, i32 0, i32 0, void @empty_5, i32 0, i32 0, void @empty_12, void @empty_16, void @empty_5, i32 0, i32 0, i32 0, i32 0, void @empty_5, void @empty, i32 4294967295, i32 0"   --->   Operation 58 'specinterface' 'specinterface_ln0' <Predicate = true> <Delay = 0.00>
ST_8 : Operation 59 [1/1] (0.00ns)   --->   "%specinterface_ln0 = specinterface void @_ssdm_op_SpecInterface, i64 %input_r, void @empty_0, i32 0, i32 0, void @empty_5, i32 0, i32 0, void @empty_5, void @empty_5, void @empty_5, i32 0, i32 0, i32 0, i32 0, void @empty_5, void @empty, i32 4294967295, i32 0"   --->   Operation 59 'specinterface' 'specinterface_ln0' <Predicate = true> <Delay = 0.00>
ST_8 : Operation 60 [1/1] (0.00ns)   --->   "%specinterface_ln0 = specinterface void @_ssdm_op_SpecInterface, i64 %output_r, void @empty_14, i32 0, i32 0, void @empty_5, i32 0, i32 0, void @empty_12, void @empty_1, void @empty_5, i32 0, i32 0, i32 0, i32 0, void @empty_5, void @empty, i32 4294967295, i32 0"   --->   Operation 60 'specinterface' 'specinterface_ln0' <Predicate = true> <Delay = 0.00>
ST_8 : Operation 61 [1/1] (0.00ns)   --->   "%specinterface_ln0 = specinterface void @_ssdm_op_SpecInterface, i64 %output_r, void @empty_0, i32 0, i32 0, void @empty_5, i32 0, i32 0, void @empty_5, void @empty_5, void @empty_5, i32 0, i32 0, i32 0, i32 0, void @empty_5, void @empty, i32 4294967295, i32 0"   --->   Operation 61 'specinterface' 'specinterface_ln0' <Predicate = true> <Delay = 0.00>
ST_8 : Operation 62 [1/1] (0.00ns)   --->   "%specinterface_ln0 = specinterface void @_ssdm_op_SpecInterface, i64 %coeffs, void @empty_14, i32 0, i32 0, void @empty_5, i32 0, i32 0, void @empty_12, void @empty_2, void @empty_5, i32 0, i32 0, i32 0, i32 0, void @empty_5, void @empty, i32 4294967295, i32 0"   --->   Operation 62 'specinterface' 'specinterface_ln0' <Predicate = true> <Delay = 0.00>
ST_8 : Operation 63 [1/1] (0.00ns)   --->   "%specinterface_ln0 = specinterface void @_ssdm_op_SpecInterface, i64 %coeffs, void @empty_0, i32 0, i32 0, void @empty_5, i32 0, i32 0, void @empty_5, void @empty_5, void @empty_5, i32 0, i32 0, i32 0, i32 0, void @empty_5, void @empty, i32 4294967295, i32 0"   --->   Operation 63 'specinterface' 'specinterface_ln0' <Predicate = true> <Delay = 0.00>
ST_8 : Operation 64 [1/1] (0.00ns)   --->   "%specbitsmap_ln0 = specbitsmap void @_ssdm_op_SpecBitsMap, i32 %numChannels"   --->   Operation 64 'specbitsmap' 'specbitsmap_ln0' <Predicate = true> <Delay = 0.00>
ST_8 : Operation 65 [1/1] (0.00ns)   --->   "%specinterface_ln0 = specinterface void @_ssdm_op_SpecInterface, i32 %numChannels, void @empty_14, i32 0, i32 0, void @empty_5, i32 0, i32 0, void @empty_12, void @empty_3, void @empty_5, i32 0, i32 0, i32 0, i32 0, void @empty_5, void @empty_5, i32 4294967295, i32 0"   --->   Operation 65 'specinterface' 'specinterface_ln0' <Predicate = true> <Delay = 0.00>
ST_8 : Operation 66 [1/1] (0.00ns)   --->   "%specinterface_ln0 = specinterface void @_ssdm_op_SpecInterface, i32 %numChannels, void @empty_0, i32 0, i32 0, void @empty_5, i32 0, i32 0, void @empty_5, void @empty_5, void @empty_5, i32 0, i32 0, i32 0, i32 0, void @empty_5, void @empty_5, i32 4294967295, i32 0"   --->   Operation 66 'specinterface' 'specinterface_ln0' <Predicate = true> <Delay = 0.00>
ST_8 : Operation 67 [1/1] (0.00ns)   --->   "%specbitsmap_ln0 = specbitsmap void @_ssdm_op_SpecBitsMap, i32 %numFilters"   --->   Operation 67 'specbitsmap' 'specbitsmap_ln0' <Predicate = true> <Delay = 0.00>
ST_8 : Operation 68 [1/1] (0.00ns)   --->   "%specinterface_ln0 = specinterface void @_ssdm_op_SpecInterface, i32 %numFilters, void @empty_14, i32 0, i32 0, void @empty_5, i32 0, i32 0, void @empty_12, void @empty_8, void @empty_5, i32 0, i32 0, i32 0, i32 0, void @empty_5, void @empty_5, i32 4294967295, i32 0"   --->   Operation 68 'specinterface' 'specinterface_ln0' <Predicate = true> <Delay = 0.00>
ST_8 : Operation 69 [1/1] (0.00ns)   --->   "%specinterface_ln0 = specinterface void @_ssdm_op_SpecInterface, i32 %numFilters, void @empty_0, i32 0, i32 0, void @empty_5, i32 0, i32 0, void @empty_5, void @empty_5, void @empty_5, i32 0, i32 0, i32 0, i32 0, void @empty_5, void @empty_5, i32 4294967295, i32 0"   --->   Operation 69 'specinterface' 'specinterface_ln0' <Predicate = true> <Delay = 0.00>
ST_8 : Operation 70 [1/1] (0.00ns)   --->   "%specbitsmap_ln0 = specbitsmap void @_ssdm_op_SpecBitsMap, i32 %inputWidth"   --->   Operation 70 'specbitsmap' 'specbitsmap_ln0' <Predicate = true> <Delay = 0.00>
ST_8 : Operation 71 [1/1] (0.00ns)   --->   "%specinterface_ln0 = specinterface void @_ssdm_op_SpecInterface, i32 %inputWidth, void @empty_14, i32 0, i32 0, void @empty_5, i32 0, i32 0, void @empty_12, void @empty_9, void @empty_5, i32 0, i32 0, i32 0, i32 0, void @empty_5, void @empty_5, i32 4294967295, i32 0"   --->   Operation 71 'specinterface' 'specinterface_ln0' <Predicate = true> <Delay = 0.00>
ST_8 : Operation 72 [1/1] (0.00ns)   --->   "%specinterface_ln0 = specinterface void @_ssdm_op_SpecInterface, i32 %inputWidth, void @empty_0, i32 0, i32 0, void @empty_5, i32 0, i32 0, void @empty_5, void @empty_5, void @empty_5, i32 0, i32 0, i32 0, i32 0, void @empty_5, void @empty_5, i32 4294967295, i32 0"   --->   Operation 72 'specinterface' 'specinterface_ln0' <Predicate = true> <Delay = 0.00>
ST_8 : Operation 73 [1/1] (0.00ns)   --->   "%specbitsmap_ln0 = specbitsmap void @_ssdm_op_SpecBitsMap, i32 %inputHeight"   --->   Operation 73 'specbitsmap' 'specbitsmap_ln0' <Predicate = true> <Delay = 0.00>
ST_8 : Operation 74 [1/1] (0.00ns)   --->   "%specinterface_ln0 = specinterface void @_ssdm_op_SpecInterface, i32 %inputHeight, void @empty_14, i32 0, i32 0, void @empty_5, i32 0, i32 0, void @empty_12, void @empty_10, void @empty_5, i32 0, i32 0, i32 0, i32 0, void @empty_5, void @empty_5, i32 4294967295, i32 0"   --->   Operation 74 'specinterface' 'specinterface_ln0' <Predicate = true> <Delay = 0.00>
ST_8 : Operation 75 [1/1] (0.00ns)   --->   "%specinterface_ln0 = specinterface void @_ssdm_op_SpecInterface, i32 %inputHeight, void @empty_0, i32 0, i32 0, void @empty_5, i32 0, i32 0, void @empty_5, void @empty_5, void @empty_5, i32 0, i32 0, i32 0, i32 0, void @empty_5, void @empty_5, i32 4294967295, i32 0"   --->   Operation 75 'specinterface' 'specinterface_ln0' <Predicate = true> <Delay = 0.00>
ST_8 : Operation 76 [1/1] (0.00ns)   --->   "%specbitsmap_ln0 = specbitsmap void @_ssdm_op_SpecBitsMap, i32 %convWidth"   --->   Operation 76 'specbitsmap' 'specbitsmap_ln0' <Predicate = true> <Delay = 0.00>
ST_8 : Operation 77 [1/1] (0.00ns)   --->   "%specinterface_ln0 = specinterface void @_ssdm_op_SpecInterface, i32 %convWidth, void @empty_14, i32 0, i32 0, void @empty_5, i32 0, i32 0, void @empty_12, void @empty_11, void @empty_5, i32 0, i32 0, i32 0, i32 0, void @empty_5, void @empty_5, i32 4294967295, i32 0"   --->   Operation 77 'specinterface' 'specinterface_ln0' <Predicate = true> <Delay = 0.00>
ST_8 : Operation 78 [1/1] (0.00ns)   --->   "%specinterface_ln0 = specinterface void @_ssdm_op_SpecInterface, i32 %convWidth, void @empty_0, i32 0, i32 0, void @empty_5, i32 0, i32 0, void @empty_5, void @empty_5, void @empty_5, i32 0, i32 0, i32 0, i32 0, void @empty_5, void @empty_5, i32 4294967295, i32 0"   --->   Operation 78 'specinterface' 'specinterface_ln0' <Predicate = true> <Delay = 0.00>
ST_8 : Operation 79 [1/1] (0.00ns)   --->   "%specbitsmap_ln0 = specbitsmap void @_ssdm_op_SpecBitsMap, i32 %convHeight"   --->   Operation 79 'specbitsmap' 'specbitsmap_ln0' <Predicate = true> <Delay = 0.00>
ST_8 : Operation 80 [1/1] (0.00ns)   --->   "%specinterface_ln0 = specinterface void @_ssdm_op_SpecInterface, i32 %convHeight, void @empty_14, i32 0, i32 0, void @empty_5, i32 0, i32 0, void @empty_12, void @empty_13, void @empty_5, i32 0, i32 0, i32 0, i32 0, void @empty_5, void @empty_5, i32 4294967295, i32 0"   --->   Operation 80 'specinterface' 'specinterface_ln0' <Predicate = true> <Delay = 0.00>
ST_8 : Operation 81 [1/1] (0.00ns)   --->   "%specinterface_ln0 = specinterface void @_ssdm_op_SpecInterface, i32 %convHeight, void @empty_0, i32 0, i32 0, void @empty_5, i32 0, i32 0, void @empty_5, void @empty_5, void @empty_5, i32 0, i32 0, i32 0, i32 0, void @empty_5, void @empty_5, i32 4294967295, i32 0"   --->   Operation 81 'specinterface' 'specinterface_ln0' <Predicate = true> <Delay = 0.00>
ST_8 : Operation 82 [1/1] (0.00ns)   --->   "%specinterface_ln0 = specinterface void @_ssdm_op_SpecInterface, i32 0, void @empty_14, i32 0, i32 0, void @empty_5, i32 0, i32 0, void @empty_12, void @empty_5, void @empty_5, i32 0, i32 0, i32 0, i32 0, void @empty_5, void @empty_5, i32 4294967295, i32 0"   --->   Operation 82 'specinterface' 'specinterface_ln0' <Predicate = true> <Delay = 0.00>
ST_8 : Operation 83 [1/1] (2.55ns)   --->   "%sub6 = add i32 %inputWidth_read, i32 4294967294"   --->   Operation 83 'add' 'sub6' <Predicate = true> <Delay = 2.55> <CoreInst = "Adder">   --->   Core 1 'Adder' <Latency = 0> <II = 1> <Delay = 2.55> <FuncUnit> <Opcode : 'add' 'sub'> <InPorts = 2> <OutPorts = 1>
ST_8 : Operation 84 [1/2] (6.91ns)   --->   "%mul_ln20 = mul i32 %convHeight_read, i32 %convWidth_read" [HLS/conv2d.cpp:20]   --->   Operation 84 'mul' 'mul_ln20' <Predicate = true> <Delay = 6.91> <CoreInst = "Multiplier">   --->   Core 3 'Multiplier' <Latency = 1> <II = 1> <Delay = 6.91> <FuncUnit> <Opcode : 'mul'> <InPorts = 2> <OutPorts = 1>
ST_8 : Operation 85 [1/5] (6.97ns)   --->   "%mul_ln3_1 = mul i96 %zext_ln3_2, i96 %zext_ln3_3" [HLS/conv2d.cpp:3]   --->   Operation 85 'mul' 'mul_ln3_1' <Predicate = true> <Delay = 6.97> <CoreInst = "Multiplier">   --->   Core 3 'Multiplier' <Latency = 4> <II = 1> <Delay = 6.97> <FuncUnit> <Opcode : 'mul'> <InPorts = 2> <OutPorts = 1>
ST_8 : Operation 86 [1/2] (6.91ns)   --->   "%mul_ln3_2 = mul i64 %zext_ln3_4, i64 %zext_ln3_5" [HLS/conv2d.cpp:3]   --->   Operation 86 'mul' 'mul_ln3_2' <Predicate = true> <Delay = 6.91> <CoreInst = "Multiplier">   --->   Core 3 'Multiplier' <Latency = 1> <II = 1> <Delay = 6.91> <FuncUnit> <Opcode : 'mul'> <InPorts = 2> <OutPorts = 1>
ST_8 : Operation 87 [1/1] (2.47ns)   --->   "%icmp_ln27 = icmp_eq  i32 %convWidth_read, i32 0" [HLS/conv2d.cpp:27]   --->   Operation 87 'icmp' 'icmp_ln27' <Predicate = true> <Delay = 2.47> <CoreInst = "Cmp">   --->   Core 9 'Cmp' <Latency = 0> <II = 1> <Delay = 2.47> <FuncUnit> <Opcode : 'icmp'> <InPorts = 2> <OutPorts = 1>
ST_8 : Operation 88 [1/1] (0.00ns)   --->   "%br_ln20 = br void %VITIS_LOOP_22_3" [HLS/conv2d.cpp:20]   --->   Operation 88 'br' 'br_ln20' <Predicate = true> <Delay = 0.00>

State 9 <SV = 8> <Delay = 3.52>
ST_9 : Operation 89 [1/1] (0.00ns)   --->   "%indvar_flatten106_load = load i64 %indvar_flatten106" [HLS/conv2d.cpp:20]   --->   Operation 89 'load' 'indvar_flatten106_load' <Predicate = true> <Delay = 0.00>
ST_9 : Operation 90 [1/1] (2.77ns)   --->   "%icmp_ln20 = icmp_eq  i64 %indvar_flatten106_load, i64 %mul_ln3_2" [HLS/conv2d.cpp:20]   --->   Operation 90 'icmp' 'icmp_ln20' <Predicate = true> <Delay = 2.77> <CoreInst = "Cmp">   --->   Core 9 'Cmp' <Latency = 0> <II = 1> <Delay = 2.77> <FuncUnit> <Opcode : 'icmp'> <InPorts = 2> <OutPorts = 1>
ST_9 : Operation 91 [1/1] (3.52ns)   --->   "%add_ln20 = add i64 %indvar_flatten106_load, i64 1" [HLS/conv2d.cpp:20]   --->   Operation 91 'add' 'add_ln20' <Predicate = true> <Delay = 3.52> <CoreInst = "Adder">   --->   Core 1 'Adder' <Latency = 0> <II = 1> <Delay = 3.52> <FuncUnit> <Opcode : 'add' 'sub'> <InPorts = 2> <OutPorts = 1>
ST_9 : Operation 92 [1/1] (0.00ns)   --->   "%br_ln20 = br i1 %icmp_ln20, void %for.inc68.loopexit, void %for.end70.loopexit" [HLS/conv2d.cpp:20]   --->   Operation 92 'br' 'br_ln20' <Predicate = true> <Delay = 0.00>
ST_9 : Operation 93 [1/1] (0.00ns)   --->   "%y_load = load i32 %y" [HLS/conv2d.cpp:21]   --->   Operation 93 'load' 'y_load' <Predicate = (!icmp_ln20)> <Delay = 0.00>
ST_9 : Operation 94 [1/1] (0.00ns)   --->   "%iFilter_load = load i32 %iFilter" [HLS/conv2d.cpp:20]   --->   Operation 94 'load' 'iFilter_load' <Predicate = (!icmp_ln20)> <Delay = 0.00>
ST_9 : Operation 95 [1/1] (2.47ns)   --->   "%icmp_ln21 = icmp_eq  i32 %y_load, i32 %sub" [HLS/conv2d.cpp:21]   --->   Operation 95 'icmp' 'icmp_ln21' <Predicate = (!icmp_ln20)> <Delay = 2.47> <CoreInst = "Cmp">   --->   Core 9 'Cmp' <Latency = 0> <II = 1> <Delay = 2.47> <FuncUnit> <Opcode : 'icmp'> <InPorts = 2> <OutPorts = 1>
ST_9 : Operation 96 [1/1] (0.69ns)   --->   "%select_ln20 = select i1 %icmp_ln21, i32 0, i32 %y_load" [HLS/conv2d.cpp:20]   --->   Operation 96 'select' 'select_ln20' <Predicate = (!icmp_ln20)> <Delay = 0.69> <CoreInst = "Sel">   --->   Core 73 'Sel' <Latency = 0> <II = 1> <Delay = 0.69> <FuncUnit> <Opcode : 'select'> <InPorts = 3> <OutPorts = 1>
ST_9 : Operation 97 [1/1] (2.55ns)   --->   "%add_ln20_1 = add i32 %iFilter_load, i32 1" [HLS/conv2d.cpp:20]   --->   Operation 97 'add' 'add_ln20_1' <Predicate = (!icmp_ln20)> <Delay = 2.55> <CoreInst = "Adder">   --->   Core 1 'Adder' <Latency = 0> <II = 1> <Delay = 2.55> <FuncUnit> <Opcode : 'add' 'sub'> <InPorts = 2> <OutPorts = 1>
ST_9 : Operation 98 [1/1] (0.69ns)   --->   "%select_ln20_1 = select i1 %icmp_ln21, i32 %add_ln20_1, i32 %iFilter_load" [HLS/conv2d.cpp:20]   --->   Operation 98 'select' 'select_ln20_1' <Predicate = (!icmp_ln20)> <Delay = 0.69> <CoreInst = "Sel">   --->   Core 73 'Sel' <Latency = 0> <II = 1> <Delay = 0.69> <FuncUnit> <Opcode : 'select'> <InPorts = 3> <OutPorts = 1>
ST_9 : Operation 99 [1/1] (0.00ns)   --->   "%ret_ln41 = ret" [HLS/conv2d.cpp:41]   --->   Operation 99 'ret' 'ret_ln41' <Predicate = (icmp_ln20)> <Delay = 0.00>

State 10 <SV = 9> <Delay = 6.91>
ST_10 : Operation 100 [2/2] (6.91ns)   --->   "%mul_ln20_1 = mul i32 %sub6, i32 %select_ln20_1" [HLS/conv2d.cpp:20]   --->   Operation 100 'mul' 'mul_ln20_1' <Predicate = true> <Delay = 6.91> <CoreInst = "Multiplier">   --->   Core 3 'Multiplier' <Latency = 1> <II = 1> <Delay = 6.91> <FuncUnit> <Opcode : 'mul'> <InPorts = 2> <OutPorts = 1>

State 11 <SV = 10> <Delay = 6.91>
ST_11 : Operation 101 [1/2] (6.91ns)   --->   "%mul_ln20_1 = mul i32 %sub6, i32 %select_ln20_1" [HLS/conv2d.cpp:20]   --->   Operation 101 'mul' 'mul_ln20_1' <Predicate = true> <Delay = 6.91> <CoreInst = "Multiplier">   --->   Core 3 'Multiplier' <Latency = 1> <II = 1> <Delay = 6.91> <FuncUnit> <Opcode : 'mul'> <InPorts = 2> <OutPorts = 1>

State 12 <SV = 11> <Delay = 6.91>
ST_12 : Operation 102 [2/2] (6.91ns)   --->   "%mul_ln20_2 = mul i32 %mul_ln20_1, i32 %sub" [HLS/conv2d.cpp:20]   --->   Operation 102 'mul' 'mul_ln20_2' <Predicate = true> <Delay = 6.91> <CoreInst = "Multiplier">   --->   Core 3 'Multiplier' <Latency = 1> <II = 1> <Delay = 6.91> <FuncUnit> <Opcode : 'mul'> <InPorts = 2> <OutPorts = 1>
ST_12 : Operation 103 [2/2] (6.91ns)   --->   "%mul_ln20_3 = mul i32 %select_ln20_1, i32 %numChannels_read" [HLS/conv2d.cpp:20]   --->   Operation 103 'mul' 'mul_ln20_3' <Predicate = true> <Delay = 6.91> <CoreInst = "Multiplier">   --->   Core 3 'Multiplier' <Latency = 1> <II = 1> <Delay = 6.91> <FuncUnit> <Opcode : 'mul'> <InPorts = 2> <OutPorts = 1>
ST_12 : Operation 104 [2/2] (6.91ns)   --->   "%empty_40 = mul i32 %select_ln20, i32 %sub6" [HLS/conv2d.cpp:20]   --->   Operation 104 'mul' 'empty_40' <Predicate = true> <Delay = 6.91> <CoreInst = "Multiplier">   --->   Core 3 'Multiplier' <Latency = 1> <II = 1> <Delay = 6.91> <FuncUnit> <Opcode : 'mul'> <InPorts = 2> <OutPorts = 1>

State 13 <SV = 12> <Delay = 6.91>
ST_13 : Operation 105 [1/2] (6.91ns)   --->   "%mul_ln20_2 = mul i32 %mul_ln20_1, i32 %sub" [HLS/conv2d.cpp:20]   --->   Operation 105 'mul' 'mul_ln20_2' <Predicate = true> <Delay = 6.91> <CoreInst = "Multiplier">   --->   Core 3 'Multiplier' <Latency = 1> <II = 1> <Delay = 6.91> <FuncUnit> <Opcode : 'mul'> <InPorts = 2> <OutPorts = 1>
ST_13 : Operation 106 [1/2] (6.91ns)   --->   "%mul_ln20_3 = mul i32 %select_ln20_1, i32 %numChannels_read" [HLS/conv2d.cpp:20]   --->   Operation 106 'mul' 'mul_ln20_3' <Predicate = true> <Delay = 6.91> <CoreInst = "Multiplier">   --->   Core 3 'Multiplier' <Latency = 1> <II = 1> <Delay = 6.91> <FuncUnit> <Opcode : 'mul'> <InPorts = 2> <OutPorts = 1>
ST_13 : Operation 107 [1/2] (6.91ns)   --->   "%empty_40 = mul i32 %select_ln20, i32 %sub6" [HLS/conv2d.cpp:20]   --->   Operation 107 'mul' 'empty_40' <Predicate = true> <Delay = 6.91> <CoreInst = "Multiplier">   --->   Core 3 'Multiplier' <Latency = 1> <II = 1> <Delay = 6.91> <FuncUnit> <Opcode : 'mul'> <InPorts = 2> <OutPorts = 1>

State 14 <SV = 13> <Delay = 6.91>
ST_14 : Operation 108 [1/1] (0.00ns)   --->   "%zext_ln20 = zext i32 %mul_ln20_2" [HLS/conv2d.cpp:20]   --->   Operation 108 'zext' 'zext_ln20' <Predicate = true> <Delay = 0.00>
ST_14 : Operation 109 [2/2] (6.91ns)   --->   "%mul_ln20_4 = mul i32 %mul_ln20_3, i32 %mul_ln20" [HLS/conv2d.cpp:20]   --->   Operation 109 'mul' 'mul_ln20_4' <Predicate = true> <Delay = 6.91> <CoreInst = "Multiplier">   --->   Core 3 'Multiplier' <Latency = 1> <II = 1> <Delay = 6.91> <FuncUnit> <Opcode : 'mul'> <InPorts = 2> <OutPorts = 1>
ST_14 : Operation 110 [1/1] (0.00ns)   --->   "%p_cast = zext i32 %empty_40" [HLS/conv2d.cpp:20]   --->   Operation 110 'zext' 'p_cast' <Predicate = true> <Delay = 0.00>
ST_14 : Operation 111 [1/1] (2.55ns)   --->   "%empty_41 = add i33 %p_cast, i33 %zext_ln20" [HLS/conv2d.cpp:20]   --->   Operation 111 'add' 'empty_41' <Predicate = true> <Delay = 2.55> <CoreInst = "Adder">   --->   Core 1 'Adder' <Latency = 0> <II = 1> <Delay = 2.55> <FuncUnit> <Opcode : 'add' 'sub'> <InPorts = 2> <OutPorts = 1>
ST_14 : Operation 112 [1/1] (0.00ns)   --->   "%tmp = bitconcatenate i35 @_ssdm_op_BitConcatenate.i35.i33.i2, i33 %empty_41, i2 0" [HLS/conv2d.cpp:20]   --->   Operation 112 'bitconcatenate' 'tmp' <Predicate = true> <Delay = 0.00>
ST_14 : Operation 113 [1/1] (0.00ns)   --->   "%p_cast14 = zext i35 %tmp" [HLS/conv2d.cpp:20]   --->   Operation 113 'zext' 'p_cast14' <Predicate = true> <Delay = 0.00>
ST_14 : Operation 114 [1/1] (3.52ns)   --->   "%empty_42 = add i64 %p_cast14, i64 %output_r_read" [HLS/conv2d.cpp:20]   --->   Operation 114 'add' 'empty_42' <Predicate = true> <Delay = 3.52> <CoreInst = "Adder">   --->   Core 1 'Adder' <Latency = 0> <II = 1> <Delay = 3.52> <FuncUnit> <Opcode : 'add' 'sub'> <InPorts = 2> <OutPorts = 1>
ST_14 : Operation 115 [1/1] (0.00ns)   --->   "%trunc_ln = partselect i62 @_ssdm_op_PartSelect.i62.i64.i32.i32, i64 %empty_42, i32 2, i32 63" [HLS/conv2d.cpp:22]   --->   Operation 115 'partselect' 'trunc_ln' <Predicate = true> <Delay = 0.00>
ST_14 : Operation 116 [1/1] (0.00ns)   --->   "%sext_ln22 = sext i62 %trunc_ln" [HLS/conv2d.cpp:22]   --->   Operation 116 'sext' 'sext_ln22' <Predicate = true> <Delay = 0.00>
ST_14 : Operation 117 [1/1] (0.00ns)   --->   "%gmem_addr = getelementptr i32 %gmem, i64 %sext_ln22" [HLS/conv2d.cpp:22]   --->   Operation 117 'getelementptr' 'gmem_addr' <Predicate = true> <Delay = 0.00>
ST_14 : Operation 118 [2/2] (6.91ns)   --->   "%p_mid143 = mul i32 %select_ln20, i32 %inputWidth_read" [HLS/conv2d.cpp:20]   --->   Operation 118 'mul' 'p_mid143' <Predicate = true> <Delay = 6.91> <CoreInst = "Multiplier">   --->   Core 3 'Multiplier' <Latency = 1> <II = 1> <Delay = 6.91> <FuncUnit> <Opcode : 'mul'> <InPorts = 2> <OutPorts = 1>

State 15 <SV = 14> <Delay = 7.30>
ST_15 : Operation 119 [1/1] (0.00ns)   --->   "%specloopname_ln0 = specloopname void @_ssdm_op_SpecLoopName, void @VITIS_LOOP_20_1_VITIS_LOOP_21_2_str"   --->   Operation 119 'specloopname' 'specloopname_ln0' <Predicate = true> <Delay = 0.00>
ST_15 : Operation 120 [1/2] (6.91ns)   --->   "%mul_ln20_4 = mul i32 %mul_ln20_3, i32 %mul_ln20" [HLS/conv2d.cpp:20]   --->   Operation 120 'mul' 'mul_ln20_4' <Predicate = true> <Delay = 6.91> <CoreInst = "Multiplier">   --->   Core 3 'Multiplier' <Latency = 1> <II = 1> <Delay = 6.91> <FuncUnit> <Opcode : 'mul'> <InPorts = 2> <OutPorts = 1>
ST_15 : Operation 121 [1/1] (0.00ns)   --->   "%specloopname_ln21 = specloopname void @_ssdm_op_SpecLoopName, void @empty_7" [HLS/conv2d.cpp:21]   --->   Operation 121 'specloopname' 'specloopname_ln21' <Predicate = true> <Delay = 0.00>
ST_15 : Operation 122 [1/1] (7.30ns)   --->   "%empty_43 = writereq i1 @_ssdm_op_WriteReq.m_axi.p1i32, i32 %gmem_addr, i32 %sub6" [HLS/conv2d.cpp:22]   --->   Operation 122 'writereq' 'empty_43' <Predicate = true> <Delay = 7.30> <CoreInst = "m_axi">   --->   Core 113 'm_axi' <Latency = 0> <II = 1> <Delay = 1.00> <Adapter> <Opcode : 'read' 'write' 'readreq' 'writereq' 'writeresp'>
ST_15 : Operation 123 [1/2] (6.91ns)   --->   "%p_mid143 = mul i32 %select_ln20, i32 %inputWidth_read" [HLS/conv2d.cpp:20]   --->   Operation 123 'mul' 'p_mid143' <Predicate = true> <Delay = 6.91> <CoreInst = "Multiplier">   --->   Core 3 'Multiplier' <Latency = 1> <II = 1> <Delay = 6.91> <FuncUnit> <Opcode : 'mul'> <InPorts = 2> <OutPorts = 1>
ST_15 : Operation 124 [1/1] (1.58ns)   --->   "%br_ln22 = br void %VITIS_LOOP_25_4" [HLS/conv2d.cpp:22]   --->   Operation 124 'br' 'br_ln22' <Predicate = true> <Delay = 1.58>

State 16 <SV = 15> <Delay = 4.14>
ST_16 : Operation 125 [1/1] (0.00ns)   --->   "%x = phi i32 %add_ln22, void %VITIS_LOOP_25_4.split, i32 0, void %for.inc68.loopexit" [HLS/conv2d.cpp:22]   --->   Operation 125 'phi' 'x' <Predicate = true> <Delay = 0.00>
ST_16 : Operation 126 [1/1] (2.47ns)   --->   "%icmp_ln22 = icmp_eq  i32 %x, i32 %sub6" [HLS/conv2d.cpp:22]   --->   Operation 126 'icmp' 'icmp_ln22' <Predicate = true> <Delay = 2.47> <CoreInst = "Cmp">   --->   Core 9 'Cmp' <Latency = 0> <II = 1> <Delay = 2.47> <FuncUnit> <Opcode : 'icmp'> <InPorts = 2> <OutPorts = 1>
ST_16 : Operation 127 [1/1] (2.55ns)   --->   "%add_ln22 = add i32 %x, i32 1" [HLS/conv2d.cpp:22]   --->   Operation 127 'add' 'add_ln22' <Predicate = true> <Delay = 2.55> <CoreInst = "Adder">   --->   Core 1 'Adder' <Latency = 0> <II = 1> <Delay = 2.55> <FuncUnit> <Opcode : 'add' 'sub'> <InPorts = 2> <OutPorts = 1>
ST_16 : Operation 128 [1/1] (0.00ns)   --->   "%br_ln22 = br i1 %icmp_ln22, void %VITIS_LOOP_25_4.split, void %for.inc65.loopexit" [HLS/conv2d.cpp:22]   --->   Operation 128 'br' 'br_ln22' <Predicate = true> <Delay = 0.00>
ST_16 : Operation 129 [2/2] (0.00ns)   --->   "%call_ln20 = call void @Conv2D_HW_Pipeline_VITIS_LOOP_25_4_VITIS_LOOP_26_5_VITIS_LOOP_27_6, i32 %gmem, i32 %inputWidth_read, i32 %inputHeight_read, i32 %mul_ln20, i32 %select_ln20, i32 %convWidth_read, i32 %mul_ln20_4, i96 %mul_ln3_1, i64 %mul_ln3, i32 %p_mid143, i32 %mul_ln20_4, i1 %icmp_ln27, i64 %coeffs_read, i32 %x, i64 %input_r_read, i32 %acc_loc" [HLS/conv2d.cpp:20]   --->   Operation 129 'call' 'call_ln20' <Predicate = (!icmp_ln22)> <Delay = 0.00> <CoreType = "Generic">   --->   Core 0 '' <Latency = 0> <II = 1> <Delay = 1.00> <Generic> <Opcode : >
ST_16 : Operation 130 [1/1] (2.55ns)   --->   "%add_ln21 = add i32 %select_ln20, i32 1" [HLS/conv2d.cpp:21]   --->   Operation 130 'add' 'add_ln21' <Predicate = (icmp_ln22)> <Delay = 2.55> <CoreInst = "Adder">   --->   Core 1 'Adder' <Latency = 0> <II = 1> <Delay = 2.55> <FuncUnit> <Opcode : 'add' 'sub'> <InPorts = 2> <OutPorts = 1>
ST_16 : Operation 131 [1/1] (1.58ns)   --->   "%store_ln21 = store i64 %add_ln20, i64 %indvar_flatten106" [HLS/conv2d.cpp:21]   --->   Operation 131 'store' 'store_ln21' <Predicate = (icmp_ln22)> <Delay = 1.58>
ST_16 : Operation 132 [1/1] (1.58ns)   --->   "%store_ln21 = store i32 %select_ln20_1, i32 %iFilter" [HLS/conv2d.cpp:21]   --->   Operation 132 'store' 'store_ln21' <Predicate = (icmp_ln22)> <Delay = 1.58>
ST_16 : Operation 133 [1/1] (1.58ns)   --->   "%store_ln21 = store i32 %add_ln21, i32 %y" [HLS/conv2d.cpp:21]   --->   Operation 133 'store' 'store_ln21' <Predicate = (icmp_ln22)> <Delay = 1.58>

State 17 <SV = 16> <Delay = 0.00>
ST_17 : Operation 134 [1/2] (0.00ns)   --->   "%call_ln20 = call void @Conv2D_HW_Pipeline_VITIS_LOOP_25_4_VITIS_LOOP_26_5_VITIS_LOOP_27_6, i32 %gmem, i32 %inputWidth_read, i32 %inputHeight_read, i32 %mul_ln20, i32 %select_ln20, i32 %convWidth_read, i32 %mul_ln20_4, i96 %mul_ln3_1, i64 %mul_ln3, i32 %p_mid143, i32 %mul_ln20_4, i1 %icmp_ln27, i64 %coeffs_read, i32 %x, i64 %input_r_read, i32 %acc_loc" [HLS/conv2d.cpp:20]   --->   Operation 134 'call' 'call_ln20' <Predicate = true> <Delay = 0.00> <CoreType = "Generic">   --->   Core 0 '' <Latency = 0> <II = 1> <Delay = 1.00> <Generic> <Opcode : >

State 18 <SV = 17> <Delay = 7.30>
ST_18 : Operation 135 [1/1] (0.00ns)   --->   "%specloopname_ln22 = specloopname void @_ssdm_op_SpecLoopName, void @empty_19" [HLS/conv2d.cpp:22]   --->   Operation 135 'specloopname' 'specloopname_ln22' <Predicate = true> <Delay = 0.00>
ST_18 : Operation 136 [1/1] (0.00ns)   --->   "%acc_loc_load = load i32 %acc_loc"   --->   Operation 136 'load' 'acc_loc_load' <Predicate = true> <Delay = 0.00>
ST_18 : Operation 137 [1/1] (7.30ns)   --->   "%write_ln37 = write void @_ssdm_op_Write.m_axi.p1i32, i32 %gmem_addr, i32 %acc_loc_load, i4 15" [HLS/conv2d.cpp:37]   --->   Operation 137 'write' 'write_ln37' <Predicate = true> <Delay = 7.30> <CoreInst = "m_axi">   --->   Core 113 'm_axi' <Latency = 0> <II = 1> <Delay = 1.00> <Adapter> <Opcode : 'read' 'write' 'readreq' 'writereq' 'writeresp'>
ST_18 : Operation 138 [1/1] (0.00ns)   --->   "%br_ln22 = br void %VITIS_LOOP_25_4" [HLS/conv2d.cpp:22]   --->   Operation 138 'br' 'br_ln22' <Predicate = true> <Delay = 0.00>

State 19 <SV = 16> <Delay = 7.30>
ST_19 : Operation 139 [5/5] (7.30ns)   --->   "%empty = writeresp i1 @_ssdm_op_WriteResp.m_axi.p1i32, i32 %gmem_addr" [HLS/conv2d.cpp:21]   --->   Operation 139 'writeresp' 'empty' <Predicate = true> <Delay = 7.30> <CoreInst = "m_axi">   --->   Core 113 'm_axi' <Latency = 0> <II = 1> <Delay = 1.00> <Adapter> <Opcode : 'read' 'write' 'readreq' 'writereq' 'writeresp'>

State 20 <SV = 17> <Delay = 7.30>
ST_20 : Operation 140 [4/5] (7.30ns)   --->   "%empty = writeresp i1 @_ssdm_op_WriteResp.m_axi.p1i32, i32 %gmem_addr" [HLS/conv2d.cpp:21]   --->   Operation 140 'writeresp' 'empty' <Predicate = true> <Delay = 7.30> <CoreInst = "m_axi">   --->   Core 113 'm_axi' <Latency = 0> <II = 1> <Delay = 1.00> <Adapter> <Opcode : 'read' 'write' 'readreq' 'writereq' 'writeresp'>

State 21 <SV = 18> <Delay = 7.30>
ST_21 : Operation 141 [3/5] (7.30ns)   --->   "%empty = writeresp i1 @_ssdm_op_WriteResp.m_axi.p1i32, i32 %gmem_addr" [HLS/conv2d.cpp:21]   --->   Operation 141 'writeresp' 'empty' <Predicate = true> <Delay = 7.30> <CoreInst = "m_axi">   --->   Core 113 'm_axi' <Latency = 0> <II = 1> <Delay = 1.00> <Adapter> <Opcode : 'read' 'write' 'readreq' 'writereq' 'writeresp'>

State 22 <SV = 19> <Delay = 7.30>
ST_22 : Operation 142 [2/5] (7.30ns)   --->   "%empty = writeresp i1 @_ssdm_op_WriteResp.m_axi.p1i32, i32 %gmem_addr" [HLS/conv2d.cpp:21]   --->   Operation 142 'writeresp' 'empty' <Predicate = true> <Delay = 7.30> <CoreInst = "m_axi">   --->   Core 113 'm_axi' <Latency = 0> <II = 1> <Delay = 1.00> <Adapter> <Opcode : 'read' 'write' 'readreq' 'writereq' 'writeresp'>

State 23 <SV = 20> <Delay = 7.30>
ST_23 : Operation 143 [1/5] (7.30ns)   --->   "%empty = writeresp i1 @_ssdm_op_WriteResp.m_axi.p1i32, i32 %gmem_addr" [HLS/conv2d.cpp:21]   --->   Operation 143 'writeresp' 'empty' <Predicate = true> <Delay = 7.30> <CoreInst = "m_axi">   --->   Core 113 'm_axi' <Latency = 0> <II = 1> <Delay = 1.00> <Adapter> <Opcode : 'read' 'write' 'readreq' 'writereq' 'writeresp'>
ST_23 : Operation 144 [1/1] (0.00ns)   --->   "%br_ln21 = br void %VITIS_LOOP_22_3" [HLS/conv2d.cpp:21]   --->   Operation 144 'br' 'br_ln21' <Predicate = true> <Delay = 0.00>


============================================================
+ Verbose Summary: Timing violations
============================================================
Target clock period: 10ns, clock uncertainty: 2.7ns.

 <State 1>: 1.59ns
The critical path consists of the following:
	'alloca' operation ('indvar_flatten106') [13]  (0 ns)
	'store' operation ('store_ln20', HLS/conv2d.cpp:20) of constant 0 on local variable 'indvar_flatten106' [65]  (1.59 ns)

 <State 2>: 6.91ns
The critical path consists of the following:
	'mul' operation ('mul_ln3', HLS/conv2d.cpp:3) [57]  (6.91 ns)

 <State 3>: 6.91ns
The critical path consists of the following:
	'mul' operation ('mul_ln3', HLS/conv2d.cpp:3) [57]  (6.91 ns)

 <State 4>: 6.98ns
The critical path consists of the following:
	'mul' operation ('mul_ln3_1', HLS/conv2d.cpp:3) [60]  (6.98 ns)

 <State 5>: 6.98ns
The critical path consists of the following:
	'mul' operation ('mul_ln3_1', HLS/conv2d.cpp:3) [60]  (6.98 ns)

 <State 6>: 6.98ns
The critical path consists of the following:
	'mul' operation ('mul_ln3_1', HLS/conv2d.cpp:3) [60]  (6.98 ns)

 <State 7>: 6.98ns
The critical path consists of the following:
	'mul' operation ('mul_ln3_1', HLS/conv2d.cpp:3) [60]  (6.98 ns)

 <State 8>: 6.98ns
The critical path consists of the following:
	'mul' operation ('mul_ln3_1', HLS/conv2d.cpp:3) [60]  (6.98 ns)

 <State 9>: 3.52ns
The critical path consists of the following:
	'load' operation ('indvar_flatten106_load', HLS/conv2d.cpp:20) on local variable 'indvar_flatten106' [70]  (0 ns)
	'add' operation ('add_ln20', HLS/conv2d.cpp:20) [72]  (3.52 ns)

 <State 10>: 6.91ns
The critical path consists of the following:
	'mul' operation ('mul_ln20_1', HLS/conv2d.cpp:20) [82]  (6.91 ns)

 <State 11>: 6.91ns
The critical path consists of the following:
	'mul' operation ('mul_ln20_1', HLS/conv2d.cpp:20) [82]  (6.91 ns)

 <State 12>: 6.91ns
The critical path consists of the following:
	'mul' operation ('mul_ln20_2', HLS/conv2d.cpp:20) [83]  (6.91 ns)

 <State 13>: 6.91ns
The critical path consists of the following:
	'mul' operation ('mul_ln20_2', HLS/conv2d.cpp:20) [83]  (6.91 ns)

 <State 14>: 6.91ns
The critical path consists of the following:
	'mul' operation ('mul_ln20_4', HLS/conv2d.cpp:20) [86]  (6.91 ns)

 <State 15>: 7.3ns
The critical path consists of the following:
	bus request operation ('empty_43', HLS/conv2d.cpp:22) on port 'gmem' (HLS/conv2d.cpp:22) [97]  (7.3 ns)

 <State 16>: 4.14ns
The critical path consists of the following:
	'add' operation ('add_ln21', HLS/conv2d.cpp:21) [113]  (2.55 ns)
	'store' operation ('store_ln21', HLS/conv2d.cpp:21) of variable 'add_ln21', HLS/conv2d.cpp:21 on local variable 'y' [116]  (1.59 ns)

 <State 17>: 0ns
The critical path consists of the following:

 <State 18>: 7.3ns
The critical path consists of the following:
	'load' operation ('acc_loc_load') on local variable 'acc_loc' [108]  (0 ns)
	bus write operation ('write_ln37', HLS/conv2d.cpp:37) on port 'gmem' (HLS/conv2d.cpp:37) [109]  (7.3 ns)

 <State 19>: 7.3ns
The critical path consists of the following:
	bus response operation ('empty', HLS/conv2d.cpp:21) on port 'gmem' (HLS/conv2d.cpp:21) [112]  (7.3 ns)

 <State 20>: 7.3ns
The critical path consists of the following:
	bus response operation ('empty', HLS/conv2d.cpp:21) on port 'gmem' (HLS/conv2d.cpp:21) [112]  (7.3 ns)

 <State 21>: 7.3ns
The critical path consists of the following:
	bus response operation ('empty', HLS/conv2d.cpp:21) on port 'gmem' (HLS/conv2d.cpp:21) [112]  (7.3 ns)

 <State 22>: 7.3ns
The critical path consists of the following:
	bus response operation ('empty', HLS/conv2d.cpp:21) on port 'gmem' (HLS/conv2d.cpp:21) [112]  (7.3 ns)

 <State 23>: 7.3ns
The critical path consists of the following:
	bus response operation ('empty', HLS/conv2d.cpp:21) on port 'gmem' (HLS/conv2d.cpp:21) [112]  (7.3 ns)


============================================================
+ Verbose Summary: Binding
============================================================
N/A
* FSMD analyzer results:
  - Output states:
 - Input state : 
  - Chain level:
	State 1
	State 2
	State 3
	State 4
	State 5
	State 6
	State 7
	State 8
	State 9
	State 10
	State 11
	State 12
	State 13
	State 14
	State 15
	State 16
	State 17
	State 18
	State 19
	State 20
	State 21
	State 22
	State 23


============================================================
+ Verbose Summary: Datapath Resource usage 
============================================================
N/A
