/home/user/Lab_HW-SW_codesign/lab_HW_SW_midterm/midterm_vitis/solution1/.autopilot/db/conv2d.pp.0.cpp:1570:7: warning: Added loop label VITIS_LOOP_1211_1:   [xilinx-label-all-loops]
      for (i = 0; i < __N - 1; ++i) {
      ^~~
      VITIS_LOOP_1211_1: 
/home/user/Lab_HW-SW_codesign/lab_HW_SW_midterm/midterm_vitis/solution1/.autopilot/db/conv2d.pp.0.cpp:1570:7: note: FIX-IT applied suggested code changes
/home/user/Lab_HW-SW_codesign/lab_HW_SW_midterm/midterm_vitis/solution1/.autopilot/db/conv2d.pp.0.cpp:2544:5: warning: Added loop label VITIS_LOOP_676_1:   [xilinx-label-all-loops]
    for (unsigned i = low; i != high; ++i) {
    ^~~
    VITIS_LOOP_676_1: 
/home/user/Lab_HW-SW_codesign/lab_HW_SW_midterm/midterm_vitis/solution1/.autopilot/db/conv2d.pp.0.cpp:2544:5: note: FIX-IT applied suggested code changes
/home/user/Lab_HW-SW_codesign/lab_HW_SW_midterm/midterm_vitis/solution1/.autopilot/db/conv2d.pp.0.cpp:2558:5: warning: Added loop label VITIS_LOOP_690_1:   [xilinx-label-all-loops]
    for (unsigned i = low; i != high; ++i) {
    ^~~
    VITIS_LOOP_690_1: 
/home/user/Lab_HW-SW_codesign/lab_HW_SW_midterm/midterm_vitis/solution1/.autopilot/db/conv2d.pp.0.cpp:2558:5: note: FIX-IT applied suggested code changes
/home/user/Lab_HW-SW_codesign/lab_HW_SW_midterm/midterm_vitis/solution1/.autopilot/db/conv2d.pp.0.cpp:2572:5: warning: Added loop label VITIS_LOOP_704_1:   [xilinx-label-all-loops]
    for (unsigned i = low; i != high; ++i) {
    ^~~
    VITIS_LOOP_704_1: 
/home/user/Lab_HW-SW_codesign/lab_HW_SW_midterm/midterm_vitis/solution1/.autopilot/db/conv2d.pp.0.cpp:2572:5: note: FIX-IT applied suggested code changes
/home/user/Lab_HW-SW_codesign/lab_HW_SW_midterm/midterm_vitis/solution1/.autopilot/db/conv2d.pp.0.cpp:4171:7: warning: Added loop label VITIS_LOOP_1245_1:   [xilinx-label-all-loops]
      for (i = 0; i < __N - 1; ++i) {
      ^~~
      VITIS_LOOP_1245_1: 
/home/user/Lab_HW-SW_codesign/lab_HW_SW_midterm/midterm_vitis/solution1/.autopilot/db/conv2d.pp.0.cpp:4171:7: note: FIX-IT applied suggested code changes
/home/user/Lab_HW-SW_codesign/lab_HW_SW_midterm/midterm_vitis/solution1/.autopilot/db/conv2d.pp.0.cpp:5986:2: warning: Added loop label VITIS_LOOP_20_1:   [xilinx-label-all-loops]
 for (uint32_t iFilter = 0; iFilter < numFilters; ++iFilter) {
 ^~~
 VITIS_LOOP_20_1: 
/home/user/Lab_HW-SW_codesign/lab_HW_SW_midterm/midterm_vitis/solution1/.autopilot/db/conv2d.pp.0.cpp:5986:2: note: FIX-IT applied suggested code changes
/home/user/Lab_HW-SW_codesign/lab_HW_SW_midterm/midterm_vitis/solution1/.autopilot/db/conv2d.pp.0.cpp:5987:5: warning: Added loop label VITIS_LOOP_21_2:   [xilinx-label-all-loops]
    for (uint32_t y = 0; y < (inputHeight-2); ++y) {
    ^~~
    VITIS_LOOP_21_2: 
/home/user/Lab_HW-SW_codesign/lab_HW_SW_midterm/midterm_vitis/solution1/.autopilot/db/conv2d.pp.0.cpp:5987:5: note: FIX-IT applied suggested code changes
/home/user/Lab_HW-SW_codesign/lab_HW_SW_midterm/midterm_vitis/solution1/.autopilot/db/conv2d.pp.0.cpp:5988:7: warning: Added loop label VITIS_LOOP_22_3:   [xilinx-label-all-loops]
      for (uint32_t x = 0; x < (inputWidth-2); ++x) {
      ^~~
      VITIS_LOOP_22_3: 
/home/user/Lab_HW-SW_codesign/lab_HW_SW_midterm/midterm_vitis/solution1/.autopilot/db/conv2d.pp.0.cpp:5988:7: note: FIX-IT applied suggested code changes
/home/user/Lab_HW-SW_codesign/lab_HW_SW_midterm/midterm_vitis/solution1/.autopilot/db/conv2d.pp.0.cpp:5991:9: warning: Added loop label VITIS_LOOP_25_4:   [xilinx-label-all-loops]
        for (uint32_t iChannel = 0; iChannel < numChannels; ++iChannel) {
        ^~~
        VITIS_LOOP_25_4: 
/home/user/Lab_HW-SW_codesign/lab_HW_SW_midterm/midterm_vitis/solution1/.autopilot/db/conv2d.pp.0.cpp:5991:9: note: FIX-IT applied suggested code changes
/home/user/Lab_HW-SW_codesign/lab_HW_SW_midterm/midterm_vitis/solution1/.autopilot/db/conv2d.pp.0.cpp:5992:11: warning: Added loop label VITIS_LOOP_26_5:   [xilinx-label-all-loops]
          for (uint32_t cy = 0; cy < convHeight; ++cy) {
          ^~~
          VITIS_LOOP_26_5: 
/home/user/Lab_HW-SW_codesign/lab_HW_SW_midterm/midterm_vitis/solution1/.autopilot/db/conv2d.pp.0.cpp:5992:11: note: FIX-IT applied suggested code changes
/home/user/Lab_HW-SW_codesign/lab_HW_SW_midterm/midterm_vitis/solution1/.autopilot/db/conv2d.pp.0.cpp:5993:13: warning: Added loop label VITIS_LOOP_27_6:   [xilinx-label-all-loops]
            for (uint32_t cx = 0; cx < convWidth; ++cx) {
            ^~~
            VITIS_LOOP_27_6: 
/home/user/Lab_HW-SW_codesign/lab_HW_SW_midterm/midterm_vitis/solution1/.autopilot/db/conv2d.pp.0.cpp:5993:13: note: FIX-IT applied suggested code changes
