

================================================================
== Vitis HLS Report for 'Conv2D_HW_Pipeline_VITIS_LOOP_25_4_VITIS_LOOP_26_5_VITIS_LOOP_27_6'
================================================================
* Date:           Fri Mar 13 11:33:44 2026

* Version:        2022.2 (Build 3670227 on Oct 13 2022)
* Project:        midterm_vitis
* Solution:       solution1 (Vivado IP Flow Target)
* Product family: zynq
* Target device:  xc7z020-clg400-1


================================================================
== Performance Estimates
================================================================
+ Timing: 
    * Summary: 
    +--------+----------+----------+------------+
    |  Clock |  Target  | Estimated| Uncertainty|
    +--------+----------+----------+------------+
    |ap_clk  |  10.00 ns|  7.300 ns|     2.70 ns|
    +--------+----------+----------+------------+

+ Latency: 
    * Summary: 
    +---------+---------+----------+----------+-----+-----+---------+
    |  Latency (cycles) |  Latency (absolute) |  Interval | Pipeline|
    |   min   |   max   |    min   |    max   | min | max |   Type  |
    +---------+---------+----------+----------+-----+-----+---------+
    |        ?|        ?|         ?|         ?|    ?|    ?|       no|
    +---------+---------+----------+----------+-----+-----+---------+

    + Detail: 
        * Instance: 
        N/A

        * Loop: 
        +---------------------------------------------------+---------+---------+----------+-----------+-----------+------+----------+
        |                                                   |  Latency (cycles) | Iteration|  Initiation Interval  | Trip |          |
        |                     Loop Name                     |   min   |   max   |  Latency |  achieved |   target  | Count| Pipelined|
        +---------------------------------------------------+---------+---------+----------+-----------+-----------+------+----------+
        |- VITIS_LOOP_25_4_VITIS_LOOP_26_5_VITIS_LOOP_27_6  |        ?|        ?|        19|          2|          1|     ?|       yes|
        +---------------------------------------------------+---------+---------+----------+-----------+-----------+------+----------+

============================================================
+ Verbose Summary: Synthesis Manager
============================================================
InlineROM: 1
ExposeGlobal: 0
============================================================
+ Verbose Summary: CDFG Model
============================================================
IsTopModel: 0
ResetActiveHigh: 1
IsCombinational: 0
IsDatapathOnly: 0
HasWiredReturn: 1
HasMFsm: 2
HasVarLatency: 1
IsPipeline: 0
IsRtlPipelined: 0
IsInstanceOverlapped: 0
IsDontTouch: 0
HasImplIP: 0
IsGatedGlobalClock: 0

+ Individual pipeline summary: 
  * Pipeline-0: initiation interval (II) = 2, depth = 20


============================================================
+ Verbose Summary: Schedule
============================================================
* Number of FSM states : 20
* Pipeline : 1
  Pipeline-0 : II = 2, D = 20, States = { 1 2 3 4 5 6 7 8 9 10 11 12 13 14 15 16 17 18 19 20 }
* Dataflow Pipeline: 0

* FSM state transitions: 
1 --> 2 
2 --> 3 
3 --> 4 
4 --> 5 
5 --> 6 
6 --> 7 
7 --> 8 
8 --> 9 
9 --> 10 
10 --> 11 
11 --> 12 
12 --> 13 
13 --> 14 
14 --> 15 
15 --> 16 
16 --> 17 
17 --> 18 
18 --> 19 
19 --> 20 
20 --> 

* FSM state operations: 

State 1 <SV = 0> <Delay = 1.58>
ST_1 : Operation 22 [1/1] (0.00ns)   --->   "%acc = alloca i32 1"   --->   Operation 22 'alloca' 'acc' <Predicate = true> <Delay = 0.00>
ST_1 : Operation 23 [1/1] (0.00ns)   --->   "%cx = alloca i32 1"   --->   Operation 23 'alloca' 'cx' <Predicate = true> <Delay = 0.00>
ST_1 : Operation 24 [1/1] (0.00ns)   --->   "%cy = alloca i32 1"   --->   Operation 24 'alloca' 'cy' <Predicate = true> <Delay = 0.00>
ST_1 : Operation 25 [1/1] (0.00ns)   --->   "%indvar_flatten = alloca i32 1"   --->   Operation 25 'alloca' 'indvar_flatten' <Predicate = true> <Delay = 0.00>
ST_1 : Operation 26 [1/1] (0.00ns)   --->   "%iChannel = alloca i32 1"   --->   Operation 26 'alloca' 'iChannel' <Predicate = true> <Delay = 0.00>
ST_1 : Operation 27 [1/1] (0.00ns)   --->   "%indvar_flatten93 = alloca i32 1"   --->   Operation 27 'alloca' 'indvar_flatten93' <Predicate = true> <Delay = 0.00>
ST_1 : Operation 28 [1/1] (0.00ns)   --->   "%input_r_read = read i64 @_ssdm_op_Read.ap_auto.i64, i64 %input_r"   --->   Operation 28 'read' 'input_r_read' <Predicate = true> <Delay = 0.00>
ST_1 : Operation 29 [1/1] (0.00ns)   --->   "%zext_ln25_read = read i32 @_ssdm_op_Read.ap_auto.i32, i32 %zext_ln25"   --->   Operation 29 'read' 'zext_ln25_read' <Predicate = true> <Delay = 0.00>
ST_1 : Operation 30 [1/1] (0.00ns)   --->   "%coeffs_read = read i64 @_ssdm_op_Read.ap_auto.i64, i64 %coeffs"   --->   Operation 30 'read' 'coeffs_read' <Predicate = true> <Delay = 0.00>
ST_1 : Operation 31 [1/1] (0.00ns)   --->   "%icmp_ln27_1_read = read i1 @_ssdm_op_Read.ap_auto.i1, i1 %icmp_ln27_1"   --->   Operation 31 'read' 'icmp_ln27_1_read' <Predicate = true> <Delay = 0.00>
ST_1 : Operation 32 [1/1] (0.00ns)   --->   "%tmp4_cast_mid167_read = read i32 @_ssdm_op_Read.ap_auto.i32, i32 %tmp4_cast_mid167"   --->   Operation 32 'read' 'tmp4_cast_mid167_read' <Predicate = true> <Delay = 0.00>
ST_1 : Operation 33 [1/1] (0.00ns)   --->   "%p_cast8_mid145_read = read i32 @_ssdm_op_Read.ap_auto.i32, i32 %p_cast8_mid145"   --->   Operation 33 'read' 'p_cast8_mid145_read' <Predicate = true> <Delay = 0.00>
ST_1 : Operation 34 [1/1] (0.00ns)   --->   "%mul_ln3_read = read i64 @_ssdm_op_Read.ap_auto.i64, i64 %mul_ln3"   --->   Operation 34 'read' 'mul_ln3_read' <Predicate = true> <Delay = 0.00>
ST_1 : Operation 35 [1/1] (0.00ns)   --->   "%mul_ln3_1_read = read i96 @_ssdm_op_Read.ap_auto.i96, i96 %mul_ln3_1"   --->   Operation 35 'read' 'mul_ln3_1_read' <Predicate = true> <Delay = 0.00>
ST_1 : Operation 36 [1/1] (0.00ns)   --->   "%zext_ln20_1_read = read i32 @_ssdm_op_Read.ap_auto.i32, i32 %zext_ln20_1"   --->   Operation 36 'read' 'zext_ln20_1_read' <Predicate = true> <Delay = 0.00>
ST_1 : Operation 37 [1/1] (0.00ns)   --->   "%convWidth_read = read i32 @_ssdm_op_Read.ap_auto.i32, i32 %convWidth"   --->   Operation 37 'read' 'convWidth_read' <Predicate = true> <Delay = 0.00>
ST_1 : Operation 38 [1/1] (0.00ns)   --->   "%select_ln20_read = read i32 @_ssdm_op_Read.ap_auto.i32, i32 %select_ln20"   --->   Operation 38 'read' 'select_ln20_read' <Predicate = true> <Delay = 0.00>
ST_1 : Operation 39 [1/1] (0.00ns)   --->   "%mul_ln20_read = read i32 @_ssdm_op_Read.ap_auto.i32, i32 %mul_ln20"   --->   Operation 39 'read' 'mul_ln20_read' <Predicate = true> <Delay = 0.00>
ST_1 : Operation 40 [1/1] (0.00ns)   --->   "%inputHeight_read = read i32 @_ssdm_op_Read.ap_auto.i32, i32 %inputHeight"   --->   Operation 40 'read' 'inputHeight_read' <Predicate = true> <Delay = 0.00>
ST_1 : Operation 41 [1/1] (0.00ns)   --->   "%inputWidth_read = read i32 @_ssdm_op_Read.ap_auto.i32, i32 %inputWidth"   --->   Operation 41 'read' 'inputWidth_read' <Predicate = true> <Delay = 0.00>
ST_1 : Operation 42 [1/1] (0.00ns)   --->   "%zext_ln25_cast = zext i32 %zext_ln25_read"   --->   Operation 42 'zext' 'zext_ln25_cast' <Predicate = true> <Delay = 0.00>
ST_1 : Operation 43 [1/1] (0.00ns)   --->   "%p_cast8_mid145_cast = zext i32 %p_cast8_mid145_read"   --->   Operation 43 'zext' 'p_cast8_mid145_cast' <Predicate = true> <Delay = 0.00>
ST_1 : Operation 44 [1/1] (0.00ns)   --->   "%zext_ln20_1_cast = zext i32 %zext_ln20_1_read"   --->   Operation 44 'zext' 'zext_ln20_1_cast' <Predicate = true> <Delay = 0.00>
ST_1 : Operation 45 [1/1] (0.00ns)   --->   "%tmp4_cast_mid167_cast = zext i32 %tmp4_cast_mid167_read"   --->   Operation 45 'zext' 'tmp4_cast_mid167_cast' <Predicate = true> <Delay = 0.00>
ST_1 : Operation 46 [1/1] (0.00ns)   --->   "%specinterface_ln0 = specinterface void @_ssdm_op_SpecInterface, i32 %gmem, void @empty_4, i32 0, i32 0, void @empty_5, i32 0, i32 0, void @empty_6, void @empty_17, void @empty_5, i32 16, i32 16, i32 16, i32 16, void @empty_5, void @empty_5, i32 4294967295, i32 0"   --->   Operation 46 'specinterface' 'specinterface_ln0' <Predicate = true> <Delay = 0.00>
ST_1 : Operation 47 [1/1] (1.58ns)   --->   "%store_ln0 = store i96 0, i96 %indvar_flatten93"   --->   Operation 47 'store' 'store_ln0' <Predicate = true> <Delay = 1.58>
ST_1 : Operation 48 [1/1] (1.58ns)   --->   "%store_ln0 = store i32 0, i32 %iChannel"   --->   Operation 48 'store' 'store_ln0' <Predicate = true> <Delay = 1.58>
ST_1 : Operation 49 [1/1] (1.58ns)   --->   "%store_ln0 = store i64 0, i64 %indvar_flatten"   --->   Operation 49 'store' 'store_ln0' <Predicate = true> <Delay = 1.58>
ST_1 : Operation 50 [1/1] (1.58ns)   --->   "%store_ln0 = store i32 0, i32 %cy"   --->   Operation 50 'store' 'store_ln0' <Predicate = true> <Delay = 1.58>
ST_1 : Operation 51 [1/1] (1.58ns)   --->   "%store_ln0 = store i32 0, i32 %cx"   --->   Operation 51 'store' 'store_ln0' <Predicate = true> <Delay = 1.58>
ST_1 : Operation 52 [1/1] (1.58ns)   --->   "%store_ln0 = store i32 0, i32 %acc"   --->   Operation 52 'store' 'store_ln0' <Predicate = true> <Delay = 1.58>
ST_1 : Operation 53 [1/1] (0.00ns)   --->   "%br_ln0 = br void %for.inc"   --->   Operation 53 'br' 'br_ln0' <Predicate = true> <Delay = 0.00>

State 2 <SV = 1> <Delay = 6.91>
ST_2 : Operation 54 [1/1] (0.00ns)   --->   "%cy_1 = load i32 %cy"   --->   Operation 54 'load' 'cy_1' <Predicate = true> <Delay = 0.00>
ST_2 : Operation 55 [1/1] (0.00ns)   --->   "%iChannel_1 = load i32 %iChannel"   --->   Operation 55 'load' 'iChannel_1' <Predicate = true> <Delay = 0.00>
ST_2 : Operation 56 [1/1] (0.00ns)   --->   "%indvar_flatten93_load = load i96 %indvar_flatten93" [HLS/conv2d.cpp:25]   --->   Operation 56 'load' 'indvar_flatten93_load' <Predicate = true> <Delay = 0.00>
ST_2 : Operation 57 [2/2] (6.91ns)   --->   "%tmp2 = mul i32 %iChannel_1, i32 %inputWidth_read"   --->   Operation 57 'mul' 'tmp2' <Predicate = true> <Delay = 6.91> <CoreInst = "Multiplier">   --->   Core 3 'Multiplier' <Latency = 1> <II = 1> <Delay = 6.91> <FuncUnit> <Opcode : 'mul'> <InPorts = 2> <OutPorts = 1>
ST_2 : Operation 58 [2/2] (6.91ns)   --->   "%empty_35 = mul i32 %iChannel_1, i32 %mul_ln20_read"   --->   Operation 58 'mul' 'empty_35' <Predicate = true> <Delay = 6.91> <CoreInst = "Multiplier">   --->   Core 3 'Multiplier' <Latency = 1> <II = 1> <Delay = 6.91> <FuncUnit> <Opcode : 'mul'> <InPorts = 2> <OutPorts = 1>
ST_2 : Operation 59 [1/1] (2.55ns)   --->   "%empty_36 = add i32 %cy_1, i32 %select_ln20_read"   --->   Operation 59 'add' 'empty_36' <Predicate = true> <Delay = 2.55> <CoreInst = "Adder">   --->   Core 1 'Adder' <Latency = 0> <II = 1> <Delay = 2.55> <FuncUnit> <Opcode : 'add' 'sub'> <InPorts = 2> <OutPorts = 1>
ST_2 : Operation 60 [2/2] (6.91ns)   --->   "%empty_38 = mul i32 %cy_1, i32 %convWidth_read"   --->   Operation 60 'mul' 'empty_38' <Predicate = true> <Delay = 6.91> <CoreInst = "Multiplier">   --->   Core 3 'Multiplier' <Latency = 1> <II = 1> <Delay = 6.91> <FuncUnit> <Opcode : 'mul'> <InPorts = 2> <OutPorts = 1>
ST_2 : Operation 61 [1/1] (2.55ns)   --->   "%add_ln25 = add i32 %iChannel_1, i32 1" [HLS/conv2d.cpp:25]   --->   Operation 61 'add' 'add_ln25' <Predicate = true> <Delay = 2.55> <CoreInst = "Adder">   --->   Core 1 'Adder' <Latency = 0> <II = 1> <Delay = 2.55> <FuncUnit> <Opcode : 'add' 'sub'> <InPorts = 2> <OutPorts = 1>
ST_2 : Operation 62 [1/1] (3.12ns)   --->   "%icmp_ln25 = icmp_eq  i96 %indvar_flatten93_load, i96 %mul_ln3_1_read" [HLS/conv2d.cpp:25]   --->   Operation 62 'icmp' 'icmp_ln25' <Predicate = true> <Delay = 3.12> <CoreInst = "Cmp">   --->   Core 9 'Cmp' <Latency = 0> <II = 1> <Delay = 3.12> <FuncUnit> <Opcode : 'icmp'> <InPorts = 2> <OutPorts = 1>
ST_2 : Operation 63 [1/1] (0.00ns)   --->   "%br_ln25 = br i1 %icmp_ln25, void %for.inc47.loopexit, void %for.inc62.loopexit.exitStub" [HLS/conv2d.cpp:25]   --->   Operation 63 'br' 'br_ln25' <Predicate = true> <Delay = 0.00>
ST_2 : Operation 64 [1/1] (0.00ns)   --->   "%cx_load = load i32 %cx" [HLS/conv2d.cpp:27]   --->   Operation 64 'load' 'cx_load' <Predicate = (!icmp_ln25)> <Delay = 0.00>
ST_2 : Operation 65 [1/1] (0.00ns)   --->   "%indvar_flatten_load = load i64 %indvar_flatten" [HLS/conv2d.cpp:26]   --->   Operation 65 'load' 'indvar_flatten_load' <Predicate = (!icmp_ln25)> <Delay = 0.00>
ST_2 : Operation 66 [1/1] (2.77ns)   --->   "%icmp_ln26 = icmp_eq  i64 %indvar_flatten_load, i64 %mul_ln3_read" [HLS/conv2d.cpp:26]   --->   Operation 66 'icmp' 'icmp_ln26' <Predicate = (!icmp_ln25)> <Delay = 2.77> <CoreInst = "Cmp">   --->   Core 9 'Cmp' <Latency = 0> <II = 1> <Delay = 2.77> <FuncUnit> <Opcode : 'icmp'> <InPorts = 2> <OutPorts = 1>
ST_2 : Operation 67 [1/1] (0.69ns)   --->   "%select_ln23 = select i1 %icmp_ln26, i32 0, i32 %cy_1" [HLS/conv2d.cpp:23]   --->   Operation 67 'select' 'select_ln23' <Predicate = (!icmp_ln25)> <Delay = 0.69> <CoreInst = "Sel">   --->   Core 73 'Sel' <Latency = 0> <II = 1> <Delay = 0.69> <FuncUnit> <Opcode : 'select'> <InPorts = 3> <OutPorts = 1>
ST_2 : Operation 68 [1/1] (2.47ns)   --->   "%icmp_ln27 = icmp_eq  i32 %cx_load, i32 %convWidth_read" [HLS/conv2d.cpp:27]   --->   Operation 68 'icmp' 'icmp_ln27' <Predicate = (!icmp_ln25)> <Delay = 2.47> <CoreInst = "Cmp">   --->   Core 9 'Cmp' <Latency = 0> <II = 1> <Delay = 2.47> <FuncUnit> <Opcode : 'icmp'> <InPorts = 2> <OutPorts = 1>
ST_2 : Operation 69 [1/1] (0.99ns)   --->   "%select_ln23_4 = select i1 %icmp_ln26, i1 %icmp_ln27_1_read, i1 %icmp_ln27" [HLS/conv2d.cpp:23]   --->   Operation 69 'select' 'select_ln23_4' <Predicate = (!icmp_ln25)> <Delay = 0.99> <CoreInst = "Sel">   --->   Core 73 'Sel' <Latency = 0> <II = 1> <Delay = 0.99> <FuncUnit> <Opcode : 'select'> <InPorts = 3> <OutPorts = 1>
ST_2 : Operation 70 [1/1] (2.55ns)   --->   "%add_ln26 = add i32 %select_ln23, i32 1" [HLS/conv2d.cpp:26]   --->   Operation 70 'add' 'add_ln26' <Predicate = (!icmp_ln25)> <Delay = 2.55> <CoreInst = "Adder">   --->   Core 1 'Adder' <Latency = 0> <II = 1> <Delay = 2.55> <FuncUnit> <Opcode : 'add' 'sub'> <InPorts = 2> <OutPorts = 1>

State 3 <SV = 2> <Delay = 6.91>
ST_3 : Operation 71 [1/2] (6.91ns)   --->   "%tmp2 = mul i32 %iChannel_1, i32 %inputWidth_read"   --->   Operation 71 'mul' 'tmp2' <Predicate = true> <Delay = 6.91> <CoreInst = "Multiplier">   --->   Core 3 'Multiplier' <Latency = 1> <II = 1> <Delay = 6.91> <FuncUnit> <Opcode : 'mul'> <InPorts = 2> <OutPorts = 1>
ST_3 : Operation 72 [1/2] (6.91ns)   --->   "%empty_35 = mul i32 %iChannel_1, i32 %mul_ln20_read"   --->   Operation 72 'mul' 'empty_35' <Predicate = true> <Delay = 6.91> <CoreInst = "Multiplier">   --->   Core 3 'Multiplier' <Latency = 1> <II = 1> <Delay = 6.91> <FuncUnit> <Opcode : 'mul'> <InPorts = 2> <OutPorts = 1>
ST_3 : Operation 73 [2/2] (6.91ns)   --->   "%empty_37 = mul i32 %empty_36, i32 %inputWidth_read"   --->   Operation 73 'mul' 'empty_37' <Predicate = (!icmp_ln26 & !select_ln23_4)> <Delay = 6.91> <CoreInst = "Multiplier">   --->   Core 3 'Multiplier' <Latency = 1> <II = 1> <Delay = 6.91> <FuncUnit> <Opcode : 'mul'> <InPorts = 2> <OutPorts = 1>
ST_3 : Operation 74 [1/2] (6.91ns)   --->   "%empty_38 = mul i32 %cy_1, i32 %convWidth_read"   --->   Operation 74 'mul' 'empty_38' <Predicate = true> <Delay = 6.91> <CoreInst = "Multiplier">   --->   Core 3 'Multiplier' <Latency = 1> <II = 1> <Delay = 6.91> <FuncUnit> <Opcode : 'mul'> <InPorts = 2> <OutPorts = 1>
ST_3 : Operation 75 [1/1] (4.43ns)   --->   "%add_ln25_1 = add i96 %indvar_flatten93_load, i96 1" [HLS/conv2d.cpp:25]   --->   Operation 75 'add' 'add_ln25_1' <Predicate = true> <Delay = 4.43> <CoreInst = "Adder">   --->   Core 1 'Adder' <Latency = 0> <II = 1> <Delay = 4.43> <FuncUnit> <Opcode : 'add' 'sub'> <InPorts = 2> <OutPorts = 1>
ST_3 : Operation 76 [2/2] (6.91ns)   --->   "%tmp2_mid1 = mul i32 %add_ln25, i32 %inputWidth_read" [HLS/conv2d.cpp:25]   --->   Operation 76 'mul' 'tmp2_mid1' <Predicate = (!icmp_ln25)> <Delay = 6.91> <CoreInst = "Multiplier">   --->   Core 3 'Multiplier' <Latency = 1> <II = 1> <Delay = 6.91> <FuncUnit> <Opcode : 'mul'> <InPorts = 2> <OutPorts = 1>
ST_3 : Operation 77 [2/2] (6.91ns)   --->   "%p_mid139 = mul i32 %add_ln25, i32 %mul_ln20_read" [HLS/conv2d.cpp:25]   --->   Operation 77 'mul' 'p_mid139' <Predicate = (!icmp_ln25)> <Delay = 6.91> <CoreInst = "Multiplier">   --->   Core 3 'Multiplier' <Latency = 1> <II = 1> <Delay = 6.91> <FuncUnit> <Opcode : 'mul'> <InPorts = 2> <OutPorts = 1>
ST_3 : Operation 78 [1/1] (0.69ns)   --->   "%select_ln25 = select i1 %icmp_ln26, i32 %add_ln25, i32 %iChannel_1" [HLS/conv2d.cpp:25]   --->   Operation 78 'select' 'select_ln25' <Predicate = (!icmp_ln25)> <Delay = 0.69> <CoreInst = "Sel">   --->   Core 73 'Sel' <Latency = 0> <II = 1> <Delay = 0.69> <FuncUnit> <Opcode : 'select'> <InPorts = 3> <OutPorts = 1>
ST_3 : Operation 79 [1/1] (0.00ns) (grouped into LUT with out node select_ln23_5)   --->   "%or_ln23 = or i1 %select_ln23_4, i1 %icmp_ln26" [HLS/conv2d.cpp:23]   --->   Operation 79 'or' 'or_ln23' <Predicate = (!icmp_ln25)> <Delay = 0.00> <CoreInst = "LogicGate">   --->   Core 74 'LogicGate' <Latency = 0> <II = 1> <Delay = 0.97> <FuncUnit> <Opcode : 'and' 'or' 'xor'> <InPorts = 2> <OutPorts = 1>
ST_3 : Operation 80 [1/1] (0.97ns) (out node of the LUT)   --->   "%select_ln23_5 = select i1 %or_ln23, i32 0, i32 %cx_load" [HLS/conv2d.cpp:23]   --->   Operation 80 'select' 'select_ln23_5' <Predicate = (!icmp_ln25)> <Delay = 0.97> <CoreInst = "Sel">   --->   Core 73 'Sel' <Latency = 0> <II = 1> <Delay = 0.69> <FuncUnit> <Opcode : 'select'> <InPorts = 3> <OutPorts = 1>
ST_3 : Operation 81 [1/1] (2.55ns)   --->   "%p_mid1 = add i32 %add_ln26, i32 %select_ln20_read" [HLS/conv2d.cpp:26]   --->   Operation 81 'add' 'p_mid1' <Predicate = (!icmp_ln25 & select_ln23_4)> <Delay = 2.55> <CoreInst = "Adder">   --->   Core 1 'Adder' <Latency = 0> <II = 1> <Delay = 2.55> <FuncUnit> <Opcode : 'add' 'sub'> <InPorts = 2> <OutPorts = 1>
ST_3 : Operation 82 [2/2] (6.91ns)   --->   "%p_mid118 = mul i32 %add_ln26, i32 %convWidth_read" [HLS/conv2d.cpp:26]   --->   Operation 82 'mul' 'p_mid118' <Predicate = (!icmp_ln25 & select_ln23_4)> <Delay = 6.91> <CoreInst = "Multiplier">   --->   Core 3 'Multiplier' <Latency = 1> <II = 1> <Delay = 6.91> <FuncUnit> <Opcode : 'mul'> <InPorts = 2> <OutPorts = 1>
ST_3 : Operation 83 [1/1] (0.69ns)   --->   "%select_ln26 = select i1 %select_ln23_4, i32 %add_ln26, i32 %select_ln23" [HLS/conv2d.cpp:26]   --->   Operation 83 'select' 'select_ln26' <Predicate = (!icmp_ln25)> <Delay = 0.69> <CoreInst = "Sel">   --->   Core 73 'Sel' <Latency = 0> <II = 1> <Delay = 0.69> <FuncUnit> <Opcode : 'select'> <InPorts = 3> <OutPorts = 1>
ST_3 : Operation 84 [1/1] (2.55ns)   --->   "%add_ln27 = add i32 %select_ln23_5, i32 1" [HLS/conv2d.cpp:27]   --->   Operation 84 'add' 'add_ln27' <Predicate = (!icmp_ln25)> <Delay = 2.55> <CoreInst = "Adder">   --->   Core 1 'Adder' <Latency = 0> <II = 1> <Delay = 2.55> <FuncUnit> <Opcode : 'add' 'sub'> <InPorts = 2> <OutPorts = 1>
ST_3 : Operation 85 [1/1] (3.52ns)   --->   "%add_ln26_1 = add i64 %indvar_flatten_load, i64 1" [HLS/conv2d.cpp:26]   --->   Operation 85 'add' 'add_ln26_1' <Predicate = (!icmp_ln25 & !icmp_ln26)> <Delay = 3.52> <CoreInst = "Adder">   --->   Core 1 'Adder' <Latency = 0> <II = 1> <Delay = 3.52> <FuncUnit> <Opcode : 'add' 'sub'> <InPorts = 2> <OutPorts = 1>
ST_3 : Operation 86 [1/1] (1.48ns)   --->   "%select_ln26_1 = select i1 %icmp_ln26, i64 1, i64 %add_ln26_1" [HLS/conv2d.cpp:26]   --->   Operation 86 'select' 'select_ln26_1' <Predicate = (!icmp_ln25)> <Delay = 1.48> <CoreInst = "Sel">   --->   Core 73 'Sel' <Latency = 0> <II = 1> <Delay = 1.48> <FuncUnit> <Opcode : 'select'> <InPorts = 3> <OutPorts = 1>
ST_3 : Operation 87 [1/1] (1.58ns)   --->   "%store_ln27 = store i96 %add_ln25_1, i96 %indvar_flatten93" [HLS/conv2d.cpp:27]   --->   Operation 87 'store' 'store_ln27' <Predicate = (!icmp_ln25)> <Delay = 1.58>
ST_3 : Operation 88 [1/1] (1.58ns)   --->   "%store_ln27 = store i32 %select_ln25, i32 %iChannel" [HLS/conv2d.cpp:27]   --->   Operation 88 'store' 'store_ln27' <Predicate = (!icmp_ln25)> <Delay = 1.58>
ST_3 : Operation 89 [1/1] (1.58ns)   --->   "%store_ln27 = store i64 %select_ln26_1, i64 %indvar_flatten" [HLS/conv2d.cpp:27]   --->   Operation 89 'store' 'store_ln27' <Predicate = (!icmp_ln25)> <Delay = 1.58>
ST_3 : Operation 90 [1/1] (1.58ns)   --->   "%store_ln27 = store i32 %select_ln26, i32 %cy" [HLS/conv2d.cpp:27]   --->   Operation 90 'store' 'store_ln27' <Predicate = (!icmp_ln25)> <Delay = 1.58>
ST_3 : Operation 91 [1/1] (1.58ns)   --->   "%store_ln27 = store i32 %add_ln27, i32 %cx" [HLS/conv2d.cpp:27]   --->   Operation 91 'store' 'store_ln27' <Predicate = (!icmp_ln25)> <Delay = 1.58>

State 4 <SV = 3> <Delay = 6.91>
ST_4 : Operation 92 [2/2] (6.91ns)   --->   "%empty = mul i32 %tmp2, i32 %inputHeight_read"   --->   Operation 92 'mul' 'empty' <Predicate = true> <Delay = 6.91> <CoreInst = "Multiplier">   --->   Core 3 'Multiplier' <Latency = 1> <II = 1> <Delay = 6.91> <FuncUnit> <Opcode : 'mul'> <InPorts = 2> <OutPorts = 1>
ST_4 : Operation 93 [1/2] (6.91ns)   --->   "%empty_37 = mul i32 %empty_36, i32 %inputWidth_read"   --->   Operation 93 'mul' 'empty_37' <Predicate = (!icmp_ln26 & !select_ln23_4)> <Delay = 6.91> <CoreInst = "Multiplier">   --->   Core 3 'Multiplier' <Latency = 1> <II = 1> <Delay = 6.91> <FuncUnit> <Opcode : 'mul'> <InPorts = 2> <OutPorts = 1>
ST_4 : Operation 94 [1/2] (6.91ns)   --->   "%tmp2_mid1 = mul i32 %add_ln25, i32 %inputWidth_read" [HLS/conv2d.cpp:25]   --->   Operation 94 'mul' 'tmp2_mid1' <Predicate = (!icmp_ln25)> <Delay = 6.91> <CoreInst = "Multiplier">   --->   Core 3 'Multiplier' <Latency = 1> <II = 1> <Delay = 6.91> <FuncUnit> <Opcode : 'mul'> <InPorts = 2> <OutPorts = 1>
ST_4 : Operation 95 [1/2] (6.91ns)   --->   "%p_mid139 = mul i32 %add_ln25, i32 %mul_ln20_read" [HLS/conv2d.cpp:25]   --->   Operation 95 'mul' 'p_mid139' <Predicate = (!icmp_ln25)> <Delay = 6.91> <CoreInst = "Multiplier">   --->   Core 3 'Multiplier' <Latency = 1> <II = 1> <Delay = 6.91> <FuncUnit> <Opcode : 'mul'> <InPorts = 2> <OutPorts = 1>
ST_4 : Operation 96 [2/2] (6.91ns)   --->   "%p_mid110 = mul i32 %p_mid1, i32 %inputWidth_read" [HLS/conv2d.cpp:26]   --->   Operation 96 'mul' 'p_mid110' <Predicate = (!icmp_ln25 & select_ln23_4)> <Delay = 6.91> <CoreInst = "Multiplier">   --->   Core 3 'Multiplier' <Latency = 1> <II = 1> <Delay = 6.91> <FuncUnit> <Opcode : 'mul'> <InPorts = 2> <OutPorts = 1>
ST_4 : Operation 97 [1/2] (6.91ns)   --->   "%p_mid118 = mul i32 %add_ln26, i32 %convWidth_read" [HLS/conv2d.cpp:26]   --->   Operation 97 'mul' 'p_mid118' <Predicate = (!icmp_ln25 & select_ln23_4)> <Delay = 6.91> <CoreInst = "Multiplier">   --->   Core 3 'Multiplier' <Latency = 1> <II = 1> <Delay = 6.91> <FuncUnit> <Opcode : 'mul'> <InPorts = 2> <OutPorts = 1>

State 5 <SV = 4> <Delay = 6.91>
ST_5 : Operation 98 [1/2] (6.91ns)   --->   "%empty = mul i32 %tmp2, i32 %inputHeight_read"   --->   Operation 98 'mul' 'empty' <Predicate = true> <Delay = 6.91> <CoreInst = "Multiplier">   --->   Core 3 'Multiplier' <Latency = 1> <II = 1> <Delay = 6.91> <FuncUnit> <Opcode : 'mul'> <InPorts = 2> <OutPorts = 1>
ST_5 : Operation 99 [1/1] (0.00ns)   --->   "%zext_ln26 = zext i32 %empty_35" [HLS/conv2d.cpp:26]   --->   Operation 99 'zext' 'zext_ln26' <Predicate = (!icmp_ln26 & !select_ln23_4)> <Delay = 0.00>
ST_5 : Operation 100 [1/1] (0.00ns)   --->   "%p_cast11 = zext i32 %empty_38"   --->   Operation 100 'zext' 'p_cast11' <Predicate = (!icmp_ln26 & !select_ln23_4)> <Delay = 0.00>
ST_5 : Operation 101 [1/1] (2.55ns)   --->   "%tmp4 = add i33 %zext_ln20_1_cast, i33 %p_cast11"   --->   Operation 101 'add' 'tmp4' <Predicate = (!icmp_ln26 & !select_ln23_4)> <Delay = 2.55> <CoreInst = "Adder">   --->   Core 1 'Adder' <Latency = 0> <II = 1> <Delay = 2.55> <FuncUnit> <Opcode : 'add' 'sub'> <InPorts = 2> <OutPorts = 1>
ST_5 : Operation 102 [1/1] (0.00ns)   --->   "%tmp4_cast = zext i33 %tmp4"   --->   Operation 102 'zext' 'tmp4_cast' <Predicate = (!icmp_ln26 & !select_ln23_4)> <Delay = 0.00>
ST_5 : Operation 103 [1/1] (2.59ns)   --->   "%empty_39 = add i34 %tmp4_cast, i34 %zext_ln26" [HLS/conv2d.cpp:26]   --->   Operation 103 'add' 'empty_39' <Predicate = (!icmp_ln26 & !select_ln23_4)> <Delay = 2.59> <CoreInst = "Adder">   --->   Core 1 'Adder' <Latency = 0> <II = 1> <Delay = 2.59> <FuncUnit> <Opcode : 'add' 'sub'> <InPorts = 2> <OutPorts = 1>
ST_5 : Operation 104 [2/2] (6.91ns)   --->   "%p_mid137 = mul i32 %tmp2_mid1, i32 %inputHeight_read" [HLS/conv2d.cpp:25]   --->   Operation 104 'mul' 'p_mid137' <Predicate = (!icmp_ln25)> <Delay = 6.91> <CoreInst = "Multiplier">   --->   Core 3 'Multiplier' <Latency = 1> <II = 1> <Delay = 6.91> <FuncUnit> <Opcode : 'mul'> <InPorts = 2> <OutPorts = 1>
ST_5 : Operation 105 [1/1] (0.00ns)   --->   "%zext_ln23_5 = zext i32 %p_mid139" [HLS/conv2d.cpp:23]   --->   Operation 105 'zext' 'zext_ln23_5' <Predicate = (!icmp_ln25 & icmp_ln26 & !select_ln23_4)> <Delay = 0.00>
ST_5 : Operation 106 [1/1] (0.00ns) (grouped into LUT with out node p_mid120)   --->   "%select_ln23_2 = select i1 %icmp_ln26, i32 %p_mid139, i32 %empty_35" [HLS/conv2d.cpp:23]   --->   Operation 106 'select' 'select_ln23_2' <Predicate = (!icmp_ln25 & select_ln23_4)> <Delay = 0.00> <CoreInst = "Sel">   --->   Core 73 'Sel' <Latency = 0> <II = 1> <Delay = 0.69> <FuncUnit> <Opcode : 'select'> <InPorts = 3> <OutPorts = 1>
ST_5 : Operation 107 [1/1] (0.00ns) (grouped into LUT with out node p_mid120)   --->   "%zext_ln23_1 = zext i32 %select_ln23_2" [HLS/conv2d.cpp:23]   --->   Operation 107 'zext' 'zext_ln23_1' <Predicate = (!icmp_ln25 & select_ln23_4)> <Delay = 0.00>
ST_5 : Operation 108 [1/1] (2.55ns)   --->   "%p_mid169 = add i33 %tmp4_cast_mid167_cast, i33 %zext_ln23_5" [HLS/conv2d.cpp:23]   --->   Operation 108 'add' 'p_mid169' <Predicate = (!icmp_ln25 & icmp_ln26 & !select_ln23_4)> <Delay = 2.55> <CoreInst = "Adder">   --->   Core 1 'Adder' <Latency = 0> <II = 1> <Delay = 2.55> <FuncUnit> <Opcode : 'add' 'sub'> <InPorts = 2> <OutPorts = 1>
ST_5 : Operation 109 [1/2] (6.91ns)   --->   "%p_mid110 = mul i32 %p_mid1, i32 %inputWidth_read" [HLS/conv2d.cpp:26]   --->   Operation 109 'mul' 'p_mid110' <Predicate = (!icmp_ln25 & select_ln23_4)> <Delay = 6.91> <CoreInst = "Multiplier">   --->   Core 3 'Multiplier' <Latency = 1> <II = 1> <Delay = 6.91> <FuncUnit> <Opcode : 'mul'> <InPorts = 2> <OutPorts = 1>
ST_5 : Operation 110 [1/1] (0.00ns)   --->   "%p_cast11_mid1 = zext i32 %p_mid118" [HLS/conv2d.cpp:26]   --->   Operation 110 'zext' 'p_cast11_mid1' <Predicate = (!icmp_ln25 & select_ln23_4)> <Delay = 0.00>
ST_5 : Operation 111 [1/1] (2.55ns)   --->   "%tmp4_mid1 = add i33 %zext_ln20_1_cast, i33 %p_cast11_mid1" [HLS/conv2d.cpp:26]   --->   Operation 111 'add' 'tmp4_mid1' <Predicate = (!icmp_ln25 & select_ln23_4)> <Delay = 2.55> <CoreInst = "Adder">   --->   Core 1 'Adder' <Latency = 0> <II = 1> <Delay = 2.55> <FuncUnit> <Opcode : 'add' 'sub'> <InPorts = 2> <OutPorts = 1>
ST_5 : Operation 112 [1/1] (0.00ns) (grouped into LUT with out node p_mid120)   --->   "%tmp4_cast_mid1 = zext i33 %tmp4_mid1" [HLS/conv2d.cpp:26]   --->   Operation 112 'zext' 'tmp4_cast_mid1' <Predicate = (!icmp_ln25 & select_ln23_4)> <Delay = 0.00>
ST_5 : Operation 113 [1/1] (2.59ns) (out node of the LUT)   --->   "%p_mid120 = add i34 %tmp4_cast_mid1, i34 %zext_ln23_1" [HLS/conv2d.cpp:26]   --->   Operation 113 'add' 'p_mid120' <Predicate = (!icmp_ln25 & select_ln23_4)> <Delay = 2.59> <CoreInst = "Adder">   --->   Core 1 'Adder' <Latency = 0> <II = 1> <Delay = 2.59> <FuncUnit> <Opcode : 'add' 'sub'> <InPorts = 2> <OutPorts = 1>

State 6 <SV = 5> <Delay = 6.98>
ST_6 : Operation 114 [1/2] (6.91ns)   --->   "%p_mid137 = mul i32 %tmp2_mid1, i32 %inputHeight_read" [HLS/conv2d.cpp:25]   --->   Operation 114 'mul' 'p_mid137' <Predicate = (!icmp_ln25)> <Delay = 6.91> <CoreInst = "Multiplier">   --->   Core 3 'Multiplier' <Latency = 1> <II = 1> <Delay = 6.91> <FuncUnit> <Opcode : 'mul'> <InPorts = 2> <OutPorts = 1>
ST_6 : Operation 115 [1/1] (0.00ns) (grouped into LUT with out node add_ln23)   --->   "%zext_ln23_6 = zext i33 %p_mid169" [HLS/conv2d.cpp:23]   --->   Operation 115 'zext' 'zext_ln23_6' <Predicate = (!icmp_ln25 & icmp_ln26 & !select_ln23_4)> <Delay = 0.00>
ST_6 : Operation 116 [1/1] (0.00ns) (grouped into LUT with out node add_ln23)   --->   "%select_ln23_6 = select i1 %icmp_ln26, i34 %zext_ln23_6, i34 %empty_39" [HLS/conv2d.cpp:23]   --->   Operation 116 'select' 'select_ln23_6' <Predicate = (!icmp_ln25 & !select_ln23_4)> <Delay = 0.00> <CoreInst = "Sel">   --->   Core 73 'Sel' <Latency = 0> <II = 1> <Delay = 0.91> <FuncUnit> <Opcode : 'select'> <InPorts = 3> <OutPorts = 1>
ST_6 : Operation 117 [1/1] (0.00ns) (grouped into LUT with out node add_ln23)   --->   "%select_ln23_7 = select i1 %select_ln23_4, i34 %p_mid120, i34 %select_ln23_6" [HLS/conv2d.cpp:23]   --->   Operation 117 'select' 'select_ln23_7' <Predicate = (!icmp_ln25)> <Delay = 0.00> <CoreInst = "Sel">   --->   Core 73 'Sel' <Latency = 0> <II = 1> <Delay = 0.91> <FuncUnit> <Opcode : 'select'> <InPorts = 3> <OutPorts = 1>
ST_6 : Operation 118 [1/1] (0.00ns) (grouped into LUT with out node add_ln23)   --->   "%sext_ln27_mid2_v_v_v_v_v = bitconcatenate i36 @_ssdm_op_BitConcatenate.i36.i34.i2, i34 %select_ln23_7, i2 0" [HLS/conv2d.cpp:23]   --->   Operation 118 'bitconcatenate' 'sext_ln27_mid2_v_v_v_v_v' <Predicate = (!icmp_ln25)> <Delay = 0.00>
ST_6 : Operation 119 [1/1] (0.00ns) (grouped into LUT with out node add_ln23)   --->   "%zext_ln23_2 = zext i36 %sext_ln27_mid2_v_v_v_v_v" [HLS/conv2d.cpp:23]   --->   Operation 119 'zext' 'zext_ln23_2' <Predicate = (!icmp_ln25)> <Delay = 0.00>
ST_6 : Operation 120 [1/1] (3.52ns) (out node of the LUT)   --->   "%add_ln23 = add i64 %zext_ln23_2, i64 %coeffs_read" [HLS/conv2d.cpp:23]   --->   Operation 120 'add' 'add_ln23' <Predicate = (!icmp_ln25)> <Delay = 3.52> <CoreInst = "Adder">   --->   Core 1 'Adder' <Latency = 0> <II = 1> <Delay = 3.52> <FuncUnit> <Opcode : 'add' 'sub'> <InPorts = 2> <OutPorts = 1>
ST_6 : Operation 121 [1/1] (0.00ns)   --->   "%sext_ln27_mid2_v = partselect i62 @_ssdm_op_PartSelect.i62.i64.i32.i32, i64 %add_ln23, i32 2, i32 63" [HLS/conv2d.cpp:23]   --->   Operation 121 'partselect' 'sext_ln27_mid2_v' <Predicate = (!icmp_ln25)> <Delay = 0.00>
ST_6 : Operation 122 [1/1] (0.00ns)   --->   "%sext_ln23 = sext i62 %sext_ln27_mid2_v" [HLS/conv2d.cpp:23]   --->   Operation 122 'sext' 'sext_ln23' <Predicate = (!icmp_ln25)> <Delay = 0.00>
ST_6 : Operation 123 [1/1] (0.00ns)   --->   "%cx_cast = zext i32 %select_ln23_5" [HLS/conv2d.cpp:23]   --->   Operation 123 'zext' 'cx_cast' <Predicate = (!icmp_ln25)> <Delay = 0.00>
ST_6 : Operation 124 [1/1] (3.46ns)   --->   "%add_ln30 = add i63 %cx_cast, i63 %sext_ln23" [HLS/conv2d.cpp:30]   --->   Operation 124 'add' 'add_ln30' <Predicate = (!icmp_ln25)> <Delay = 3.46> <CoreInst = "Adder">   --->   Core 1 'Adder' <Latency = 0> <II = 1> <Delay = 3.46> <FuncUnit> <Opcode : 'add' 'sub'> <InPorts = 2> <OutPorts = 1>
ST_6 : Operation 125 [1/1] (0.00ns)   --->   "%sext_ln30 = sext i63 %add_ln30" [HLS/conv2d.cpp:30]   --->   Operation 125 'sext' 'sext_ln30' <Predicate = (!icmp_ln25)> <Delay = 0.00>
ST_6 : Operation 126 [1/1] (0.00ns)   --->   "%gmem_addr = getelementptr i32 %gmem, i64 %sext_ln30" [HLS/conv2d.cpp:30]   --->   Operation 126 'getelementptr' 'gmem_addr' <Predicate = (!icmp_ln25)> <Delay = 0.00>

State 7 <SV = 6> <Delay = 7.30>
ST_7 : Operation 127 [1/1] (0.00ns)   --->   "%specbitsmap_ln0 = specbitsmap void @_ssdm_op_SpecBitsMap, i32 %gmem"   --->   Operation 127 'specbitsmap' 'specbitsmap_ln0' <Predicate = true> <Delay = 0.00>
ST_7 : Operation 128 [1/1] (0.00ns)   --->   "%p_cast7 = zext i32 %empty"   --->   Operation 128 'zext' 'p_cast7' <Predicate = (!icmp_ln26 & !select_ln23_4)> <Delay = 0.00>
ST_7 : Operation 129 [1/1] (0.00ns)   --->   "%p_cast8 = zext i32 %empty_37"   --->   Operation 129 'zext' 'p_cast8' <Predicate = (!icmp_ln26 & !select_ln23_4)> <Delay = 0.00>
ST_7 : Operation 130 [1/1] (2.55ns)   --->   "%tmp3 = add i33 %p_cast7, i33 %p_cast8"   --->   Operation 130 'add' 'tmp3' <Predicate = (!icmp_ln26 & !select_ln23_4)> <Delay = 2.55> <CoreInst = "Adder">   --->   Core 1 'Adder' <Latency = 0> <II = 1> <Delay = 2.55> <FuncUnit> <Opcode : 'add' 'sub'> <InPorts = 2> <OutPorts = 1>
ST_7 : Operation 131 [1/1] (0.00ns)   --->   "%specpipeline_ln0 = specpipeline void @_ssdm_op_SpecPipeline, i32 4294967295, i32 0, i32 1, i32 0, void @p_str"   --->   Operation 131 'specpipeline' 'specpipeline_ln0' <Predicate = true> <Delay = 0.00>
ST_7 : Operation 132 [1/1] (0.00ns)   --->   "%p_cast7_mid1 = zext i32 %p_mid137" [HLS/conv2d.cpp:25]   --->   Operation 132 'zext' 'p_cast7_mid1' <Predicate = (!icmp_ln25 & icmp_ln26 & !select_ln23_4)> <Delay = 0.00>
ST_7 : Operation 133 [1/1] (0.00ns) (grouped into LUT with out node tmp3_mid1)   --->   "%select_ln23_1 = select i1 %icmp_ln26, i32 %p_mid137, i32 %empty" [HLS/conv2d.cpp:23]   --->   Operation 133 'select' 'select_ln23_1' <Predicate = (!icmp_ln25 & select_ln23_4)> <Delay = 0.00> <CoreInst = "Sel">   --->   Core 73 'Sel' <Latency = 0> <II = 1> <Delay = 0.69> <FuncUnit> <Opcode : 'select'> <InPorts = 3> <OutPorts = 1>
ST_7 : Operation 134 [1/1] (0.00ns) (grouped into LUT with out node tmp3_mid1)   --->   "%zext_ln23 = zext i32 %select_ln23_1" [HLS/conv2d.cpp:23]   --->   Operation 134 'zext' 'zext_ln23' <Predicate = (!icmp_ln25 & select_ln23_4)> <Delay = 0.00>
ST_7 : Operation 135 [1/1] (2.55ns)   --->   "%tmp3_mid147 = add i33 %p_cast7_mid1, i33 %p_cast8_mid145_cast" [HLS/conv2d.cpp:25]   --->   Operation 135 'add' 'tmp3_mid147' <Predicate = (!icmp_ln25 & icmp_ln26 & !select_ln23_4)> <Delay = 2.55> <CoreInst = "Adder">   --->   Core 1 'Adder' <Latency = 0> <II = 1> <Delay = 2.55> <FuncUnit> <Opcode : 'add' 'sub'> <InPorts = 2> <OutPorts = 1>
ST_7 : Operation 136 [1/1] (0.00ns) (grouped into LUT with out node add_ln23_1)   --->   "%select_ln23_3 = select i1 %icmp_ln26, i33 %tmp3_mid147, i33 %tmp3" [HLS/conv2d.cpp:23]   --->   Operation 136 'select' 'select_ln23_3' <Predicate = (!icmp_ln25 & !select_ln23_4)> <Delay = 0.00> <CoreInst = "Sel">   --->   Core 73 'Sel' <Latency = 0> <II = 1> <Delay = 0.80> <FuncUnit> <Opcode : 'select'> <InPorts = 3> <OutPorts = 1>
ST_7 : Operation 137 [1/1] (0.00ns) (grouped into LUT with out node tmp3_mid1)   --->   "%p_cast8_mid1 = zext i32 %p_mid110" [HLS/conv2d.cpp:26]   --->   Operation 137 'zext' 'p_cast8_mid1' <Predicate = (!icmp_ln25 & select_ln23_4)> <Delay = 0.00>
ST_7 : Operation 138 [1/1] (2.55ns) (out node of the LUT)   --->   "%tmp3_mid1 = add i33 %zext_ln23, i33 %p_cast8_mid1" [HLS/conv2d.cpp:23]   --->   Operation 138 'add' 'tmp3_mid1' <Predicate = (!icmp_ln25 & select_ln23_4)> <Delay = 2.55> <CoreInst = "Adder">   --->   Core 1 'Adder' <Latency = 0> <II = 1> <Delay = 2.55> <FuncUnit> <Opcode : 'add' 'sub'> <InPorts = 2> <OutPorts = 1>
ST_7 : Operation 139 [1/1] (0.00ns) (grouped into LUT with out node add_ln23_1)   --->   "%select_ln23_8 = select i1 %select_ln23_4, i33 %tmp3_mid1, i33 %select_ln23_3" [HLS/conv2d.cpp:23]   --->   Operation 139 'select' 'select_ln23_8' <Predicate = (!icmp_ln25)> <Delay = 0.00> <CoreInst = "Sel">   --->   Core 73 'Sel' <Latency = 0> <II = 1> <Delay = 0.80> <FuncUnit> <Opcode : 'select'> <InPorts = 3> <OutPorts = 1>
ST_7 : Operation 140 [1/1] (0.00ns) (grouped into LUT with out node add_ln23_1)   --->   "%zext_ln23_3 = zext i33 %select_ln23_8" [HLS/conv2d.cpp:23]   --->   Operation 140 'zext' 'zext_ln23_3' <Predicate = (!icmp_ln25)> <Delay = 0.00>
ST_7 : Operation 141 [1/1] (2.59ns) (out node of the LUT)   --->   "%add_ln23_1 = add i34 %zext_ln23_3, i34 %zext_ln25_cast" [HLS/conv2d.cpp:23]   --->   Operation 141 'add' 'add_ln23_1' <Predicate = (!icmp_ln25)> <Delay = 2.59> <CoreInst = "Adder">   --->   Core 1 'Adder' <Latency = 0> <II = 1> <Delay = 2.59> <FuncUnit> <Opcode : 'add' 'sub'> <InPorts = 2> <OutPorts = 1>
ST_7 : Operation 142 [7/7] (7.30ns)   --->   "%filterValue_req = readreq i1 @_ssdm_op_ReadReq.m_axi.i32P1A, i32 %gmem_addr, i32 1" [HLS/conv2d.cpp:30]   --->   Operation 142 'readreq' 'filterValue_req' <Predicate = (!icmp_ln25)> <Delay = 7.30> <CoreInst = "m_axi">   --->   Core 113 'm_axi' <Latency = 0> <II = 1> <Delay = 1.00> <Adapter> <Opcode : 'read' 'write' 'readreq' 'writereq' 'writeresp'>

State 8 <SV = 7> <Delay = 7.30>
ST_8 : Operation 143 [1/1] (0.00ns)   --->   "%sext_ln27_1_mid2_v_v_v_v_v = bitconcatenate i36 @_ssdm_op_BitConcatenate.i36.i34.i2, i34 %add_ln23_1, i2 0" [HLS/conv2d.cpp:23]   --->   Operation 143 'bitconcatenate' 'sext_ln27_1_mid2_v_v_v_v_v' <Predicate = true> <Delay = 0.00>
ST_8 : Operation 144 [1/1] (0.00ns)   --->   "%zext_ln23_4 = zext i36 %sext_ln27_1_mid2_v_v_v_v_v" [HLS/conv2d.cpp:23]   --->   Operation 144 'zext' 'zext_ln23_4' <Predicate = true> <Delay = 0.00>
ST_8 : Operation 145 [1/1] (3.52ns)   --->   "%add_ln23_2 = add i64 %zext_ln23_4, i64 %input_r_read" [HLS/conv2d.cpp:23]   --->   Operation 145 'add' 'add_ln23_2' <Predicate = true> <Delay = 3.52> <CoreInst = "Adder">   --->   Core 1 'Adder' <Latency = 0> <II = 1> <Delay = 3.52> <FuncUnit> <Opcode : 'add' 'sub'> <InPorts = 2> <OutPorts = 1>
ST_8 : Operation 146 [1/1] (0.00ns)   --->   "%sext_ln27_1_mid2_v = partselect i62 @_ssdm_op_PartSelect.i62.i64.i32.i32, i64 %add_ln23_2, i32 2, i32 63" [HLS/conv2d.cpp:23]   --->   Operation 146 'partselect' 'sext_ln27_1_mid2_v' <Predicate = true> <Delay = 0.00>
ST_8 : Operation 147 [1/1] (0.00ns)   --->   "%sext_ln23_1 = sext i62 %sext_ln27_1_mid2_v" [HLS/conv2d.cpp:23]   --->   Operation 147 'sext' 'sext_ln23_1' <Predicate = true> <Delay = 0.00>
ST_8 : Operation 148 [6/7] (7.30ns)   --->   "%filterValue_req = readreq i1 @_ssdm_op_ReadReq.m_axi.i32P1A, i32 %gmem_addr, i32 1" [HLS/conv2d.cpp:30]   --->   Operation 148 'readreq' 'filterValue_req' <Predicate = true> <Delay = 7.30> <CoreInst = "m_axi">   --->   Core 113 'm_axi' <Latency = 0> <II = 1> <Delay = 1.00> <Adapter> <Opcode : 'read' 'write' 'readreq' 'writereq' 'writeresp'>
ST_8 : Operation 149 [1/1] (3.46ns)   --->   "%add_ln31 = add i63 %cx_cast, i63 %sext_ln23_1" [HLS/conv2d.cpp:31]   --->   Operation 149 'add' 'add_ln31' <Predicate = true> <Delay = 3.46> <CoreInst = "Adder">   --->   Core 1 'Adder' <Latency = 0> <II = 1> <Delay = 3.46> <FuncUnit> <Opcode : 'add' 'sub'> <InPorts = 2> <OutPorts = 1>
ST_8 : Operation 150 [1/1] (0.00ns)   --->   "%sext_ln31 = sext i63 %add_ln31" [HLS/conv2d.cpp:31]   --->   Operation 150 'sext' 'sext_ln31' <Predicate = true> <Delay = 0.00>
ST_8 : Operation 151 [1/1] (0.00ns)   --->   "%gmem_addr_1 = getelementptr i32 %gmem, i64 %sext_ln31" [HLS/conv2d.cpp:31]   --->   Operation 151 'getelementptr' 'gmem_addr_1' <Predicate = true> <Delay = 0.00>

State 9 <SV = 8> <Delay = 7.30>
ST_9 : Operation 152 [5/7] (7.30ns)   --->   "%filterValue_req = readreq i1 @_ssdm_op_ReadReq.m_axi.i32P1A, i32 %gmem_addr, i32 1" [HLS/conv2d.cpp:30]   --->   Operation 152 'readreq' 'filterValue_req' <Predicate = true> <Delay = 7.30> <CoreInst = "m_axi">   --->   Core 113 'm_axi' <Latency = 0> <II = 1> <Delay = 1.00> <Adapter> <Opcode : 'read' 'write' 'readreq' 'writereq' 'writeresp'>

State 10 <SV = 9> <Delay = 7.30>
ST_10 : Operation 153 [4/7] (7.30ns)   --->   "%filterValue_req = readreq i1 @_ssdm_op_ReadReq.m_axi.i32P1A, i32 %gmem_addr, i32 1" [HLS/conv2d.cpp:30]   --->   Operation 153 'readreq' 'filterValue_req' <Predicate = true> <Delay = 7.30> <CoreInst = "m_axi">   --->   Core 113 'm_axi' <Latency = 0> <II = 1> <Delay = 1.00> <Adapter> <Opcode : 'read' 'write' 'readreq' 'writereq' 'writeresp'>
ST_10 : Operation 154 [7/7] (7.30ns)   --->   "%pixelValue_req = readreq i1 @_ssdm_op_ReadReq.m_axi.i32P1A, i32 %gmem_addr_1, i32 1" [HLS/conv2d.cpp:31]   --->   Operation 154 'readreq' 'pixelValue_req' <Predicate = true> <Delay = 7.30> <CoreInst = "m_axi">   --->   Core 113 'm_axi' <Latency = 0> <II = 1> <Delay = 1.00> <Adapter> <Opcode : 'read' 'write' 'readreq' 'writereq' 'writeresp'>

State 11 <SV = 10> <Delay = 7.30>
ST_11 : Operation 155 [3/7] (7.30ns)   --->   "%filterValue_req = readreq i1 @_ssdm_op_ReadReq.m_axi.i32P1A, i32 %gmem_addr, i32 1" [HLS/conv2d.cpp:30]   --->   Operation 155 'readreq' 'filterValue_req' <Predicate = true> <Delay = 7.30> <CoreInst = "m_axi">   --->   Core 113 'm_axi' <Latency = 0> <II = 1> <Delay = 1.00> <Adapter> <Opcode : 'read' 'write' 'readreq' 'writereq' 'writeresp'>
ST_11 : Operation 156 [6/7] (7.30ns)   --->   "%pixelValue_req = readreq i1 @_ssdm_op_ReadReq.m_axi.i32P1A, i32 %gmem_addr_1, i32 1" [HLS/conv2d.cpp:31]   --->   Operation 156 'readreq' 'pixelValue_req' <Predicate = true> <Delay = 7.30> <CoreInst = "m_axi">   --->   Core 113 'm_axi' <Latency = 0> <II = 1> <Delay = 1.00> <Adapter> <Opcode : 'read' 'write' 'readreq' 'writereq' 'writeresp'>

State 12 <SV = 11> <Delay = 7.30>
ST_12 : Operation 157 [2/7] (7.30ns)   --->   "%filterValue_req = readreq i1 @_ssdm_op_ReadReq.m_axi.i32P1A, i32 %gmem_addr, i32 1" [HLS/conv2d.cpp:30]   --->   Operation 157 'readreq' 'filterValue_req' <Predicate = true> <Delay = 7.30> <CoreInst = "m_axi">   --->   Core 113 'm_axi' <Latency = 0> <II = 1> <Delay = 1.00> <Adapter> <Opcode : 'read' 'write' 'readreq' 'writereq' 'writeresp'>
ST_12 : Operation 158 [5/7] (7.30ns)   --->   "%pixelValue_req = readreq i1 @_ssdm_op_ReadReq.m_axi.i32P1A, i32 %gmem_addr_1, i32 1" [HLS/conv2d.cpp:31]   --->   Operation 158 'readreq' 'pixelValue_req' <Predicate = true> <Delay = 7.30> <CoreInst = "m_axi">   --->   Core 113 'm_axi' <Latency = 0> <II = 1> <Delay = 1.00> <Adapter> <Opcode : 'read' 'write' 'readreq' 'writereq' 'writeresp'>

State 13 <SV = 12> <Delay = 7.30>
ST_13 : Operation 159 [1/7] (7.30ns)   --->   "%filterValue_req = readreq i1 @_ssdm_op_ReadReq.m_axi.i32P1A, i32 %gmem_addr, i32 1" [HLS/conv2d.cpp:30]   --->   Operation 159 'readreq' 'filterValue_req' <Predicate = true> <Delay = 7.30> <CoreInst = "m_axi">   --->   Core 113 'm_axi' <Latency = 0> <II = 1> <Delay = 1.00> <Adapter> <Opcode : 'read' 'write' 'readreq' 'writereq' 'writeresp'>
ST_13 : Operation 160 [4/7] (7.30ns)   --->   "%pixelValue_req = readreq i1 @_ssdm_op_ReadReq.m_axi.i32P1A, i32 %gmem_addr_1, i32 1" [HLS/conv2d.cpp:31]   --->   Operation 160 'readreq' 'pixelValue_req' <Predicate = true> <Delay = 7.30> <CoreInst = "m_axi">   --->   Core 113 'm_axi' <Latency = 0> <II = 1> <Delay = 1.00> <Adapter> <Opcode : 'read' 'write' 'readreq' 'writereq' 'writeresp'>

State 14 <SV = 13> <Delay = 7.30>
ST_14 : Operation 161 [1/1] (7.30ns)   --->   "%filterValue = read i32 @_ssdm_op_Read.m_axi.i32P1A, i32 %gmem_addr" [HLS/conv2d.cpp:30]   --->   Operation 161 'read' 'filterValue' <Predicate = true> <Delay = 7.30> <CoreInst = "m_axi">   --->   Core 113 'm_axi' <Latency = 0> <II = 1> <Delay = 1.00> <Adapter> <Opcode : 'read' 'write' 'readreq' 'writereq' 'writeresp'>
ST_14 : Operation 162 [3/7] (7.30ns)   --->   "%pixelValue_req = readreq i1 @_ssdm_op_ReadReq.m_axi.i32P1A, i32 %gmem_addr_1, i32 1" [HLS/conv2d.cpp:31]   --->   Operation 162 'readreq' 'pixelValue_req' <Predicate = true> <Delay = 7.30> <CoreInst = "m_axi">   --->   Core 113 'm_axi' <Latency = 0> <II = 1> <Delay = 1.00> <Adapter> <Opcode : 'read' 'write' 'readreq' 'writereq' 'writeresp'>

State 15 <SV = 14> <Delay = 7.30>
ST_15 : Operation 163 [2/7] (7.30ns)   --->   "%pixelValue_req = readreq i1 @_ssdm_op_ReadReq.m_axi.i32P1A, i32 %gmem_addr_1, i32 1" [HLS/conv2d.cpp:31]   --->   Operation 163 'readreq' 'pixelValue_req' <Predicate = true> <Delay = 7.30> <CoreInst = "m_axi">   --->   Core 113 'm_axi' <Latency = 0> <II = 1> <Delay = 1.00> <Adapter> <Opcode : 'read' 'write' 'readreq' 'writereq' 'writeresp'>

State 16 <SV = 15> <Delay = 7.30>
ST_16 : Operation 164 [1/7] (7.30ns)   --->   "%pixelValue_req = readreq i1 @_ssdm_op_ReadReq.m_axi.i32P1A, i32 %gmem_addr_1, i32 1" [HLS/conv2d.cpp:31]   --->   Operation 164 'readreq' 'pixelValue_req' <Predicate = true> <Delay = 7.30> <CoreInst = "m_axi">   --->   Core 113 'm_axi' <Latency = 0> <II = 1> <Delay = 1.00> <Adapter> <Opcode : 'read' 'write' 'readreq' 'writereq' 'writeresp'>

State 17 <SV = 16> <Delay = 7.30>
ST_17 : Operation 165 [1/1] (7.30ns)   --->   "%pixelValue = read i32 @_ssdm_op_Read.m_axi.i32P1A, i32 %gmem_addr_1" [HLS/conv2d.cpp:31]   --->   Operation 165 'read' 'pixelValue' <Predicate = true> <Delay = 7.30> <CoreInst = "m_axi">   --->   Core 113 'm_axi' <Latency = 0> <II = 1> <Delay = 1.00> <Adapter> <Opcode : 'read' 'write' 'readreq' 'writereq' 'writeresp'>

State 18 <SV = 17> <Delay = 6.91>
ST_18 : Operation 166 [1/1] (0.00ns)   --->   "%sext_ln14 = sext i32 %filterValue" [HLS/conv2d.h:14]   --->   Operation 166 'sext' 'sext_ln14' <Predicate = true> <Delay = 0.00>
ST_18 : Operation 167 [1/1] (0.00ns)   --->   "%sext_ln14_1 = sext i32 %pixelValue" [HLS/conv2d.h:14]   --->   Operation 167 'sext' 'sext_ln14_1' <Predicate = true> <Delay = 0.00>
ST_18 : Operation 168 [2/2] (6.91ns)   --->   "%res = mul i52 %sext_ln14_1, i52 %sext_ln14" [HLS/conv2d.h:14]   --->   Operation 168 'mul' 'res' <Predicate = true> <Delay = 6.91> <CoreInst = "Multiplier">   --->   Core 3 'Multiplier' <Latency = 1> <II = 1> <Delay = 6.91> <FuncUnit> <Opcode : 'mul'> <InPorts = 2> <OutPorts = 1>
ST_18 : Operation 180 [1/1] (0.00ns)   --->   "%acc_load_1 = load i32 %acc"   --->   Operation 180 'load' 'acc_load_1' <Predicate = (icmp_ln25)> <Delay = 0.00>
ST_18 : Operation 181 [1/1] (0.00ns)   --->   "%write_ln0 = write void @_ssdm_op_Write.ap_auto.i32P0A, i32 %acc_out, i32 %acc_load_1"   --->   Operation 181 'write' 'write_ln0' <Predicate = (icmp_ln25)> <Delay = 0.00>
ST_18 : Operation 182 [1/1] (0.00ns)   --->   "%ret_ln0 = ret"   --->   Operation 182 'ret' 'ret_ln0' <Predicate = (icmp_ln25)> <Delay = 0.00>

State 19 <SV = 18> <Delay = 6.91>
ST_19 : Operation 169 [1/2] (6.91ns)   --->   "%res = mul i52 %sext_ln14_1, i52 %sext_ln14" [HLS/conv2d.h:14]   --->   Operation 169 'mul' 'res' <Predicate = true> <Delay = 6.91> <CoreInst = "Multiplier">   --->   Core 3 'Multiplier' <Latency = 1> <II = 1> <Delay = 6.91> <FuncUnit> <Opcode : 'mul'> <InPorts = 2> <OutPorts = 1>
ST_19 : Operation 170 [1/1] (0.00ns)   --->   "%trunc_ln1 = partselect i32 @_ssdm_op_PartSelect.i32.i52.i32.i32, i52 %res, i32 20, i32 51" [HLS/conv2d.h:16]   --->   Operation 170 'partselect' 'trunc_ln1' <Predicate = true> <Delay = 0.00>

State 20 <SV = 19> <Delay = 4.14>
ST_20 : Operation 171 [1/1] (0.00ns)   --->   "%acc_load = load i32 %acc" [HLS/conv2d.cpp:32]   --->   Operation 171 'load' 'acc_load' <Predicate = true> <Delay = 0.00>
ST_20 : Operation 172 [1/1] (0.00ns)   --->   "%specloopname_ln0 = specloopname void @_ssdm_op_SpecLoopName, void @VITIS_LOOP_25_4_VITIS_LOOP_26_5_VITIS_LOOP_27_6_str"   --->   Operation 172 'specloopname' 'specloopname_ln0' <Predicate = true> <Delay = 0.00>
ST_20 : Operation 173 [1/1] (0.00ns)   --->   "%specpipeline_ln0 = specpipeline void @_ssdm_op_SpecPipeline, i32 4294967295, i32 0, i32 1, i32 0, void @p_str"   --->   Operation 173 'specpipeline' 'specpipeline_ln0' <Predicate = true> <Delay = 0.00>
ST_20 : Operation 174 [1/1] (0.00ns)   --->   "%specloopname_ln0 = specloopname void @_ssdm_op_SpecLoopName, void @VITIS_LOOP_26_5_VITIS_LOOP_27_6_str"   --->   Operation 174 'specloopname' 'specloopname_ln0' <Predicate = true> <Delay = 0.00>
ST_20 : Operation 175 [1/1] (0.00ns)   --->   "%specpipeline_ln0 = specpipeline void @_ssdm_op_SpecPipeline, i32 4294967295, i32 0, i32 1, i32 0, void @p_str"   --->   Operation 175 'specpipeline' 'specpipeline_ln0' <Predicate = true> <Delay = 0.00>
ST_20 : Operation 176 [1/1] (0.00ns)   --->   "%specloopname_ln23 = specloopname void @_ssdm_op_SpecLoopName, void @empty_18" [HLS/conv2d.cpp:23]   --->   Operation 176 'specloopname' 'specloopname_ln23' <Predicate = true> <Delay = 0.00>
ST_20 : Operation 177 [1/1] (2.55ns)   --->   "%acc_1 = add i32 %trunc_ln1, i32 %acc_load" [HLS/conv2d.cpp:32]   --->   Operation 177 'add' 'acc_1' <Predicate = true> <Delay = 2.55> <CoreInst = "Adder">   --->   Core 1 'Adder' <Latency = 0> <II = 1> <Delay = 2.55> <FuncUnit> <Opcode : 'add' 'sub'> <InPorts = 2> <OutPorts = 1>
ST_20 : Operation 178 [1/1] (1.58ns)   --->   "%store_ln27 = store i32 %acc_1, i32 %acc" [HLS/conv2d.cpp:27]   --->   Operation 178 'store' 'store_ln27' <Predicate = true> <Delay = 1.58>
ST_20 : Operation 179 [1/1] (0.00ns)   --->   "%br_ln27 = br void %for.inc" [HLS/conv2d.cpp:27]   --->   Operation 179 'br' 'br_ln27' <Predicate = true> <Delay = 0.00>


============================================================
+ Verbose Summary: Timing violations
============================================================
Target clock period: 10ns, clock uncertainty: 2.7ns.

 <State 1>: 1.59ns
The critical path consists of the following:
	'alloca' operation ('indvar_flatten93') [22]  (0 ns)
	'store' operation ('store_ln0') of constant 0 on local variable 'indvar_flatten93' [42]  (1.59 ns)

 <State 2>: 6.91ns
The critical path consists of the following:
	'load' operation ('iChannel') on local variable 'iChannel' [51]  (0 ns)
	'mul' operation ('tmp2') [54]  (6.91 ns)

 <State 3>: 6.91ns
The critical path consists of the following:
	'mul' operation ('tmp2') [54]  (6.91 ns)

 <State 4>: 6.91ns
The critical path consists of the following:
	'mul' operation ('empty') [55]  (6.91 ns)

 <State 5>: 6.91ns
The critical path consists of the following:
	'mul' operation ('empty') [55]  (6.91 ns)

 <State 6>: 6.99ns
The critical path consists of the following:
	'select' operation ('select_ln23_6', HLS/conv2d.cpp:23) [110]  (0 ns)
	'select' operation ('select_ln23_7', HLS/conv2d.cpp:23) [111]  (0 ns)
	'add' operation ('add_ln23', HLS/conv2d.cpp:23) [114]  (3.52 ns)
	'add' operation ('add_ln30', HLS/conv2d.cpp:30) [129]  (3.47 ns)

 <State 7>: 7.3ns
The critical path consists of the following:
	bus request operation ('filterValue_req', HLS/conv2d.cpp:30) on port 'gmem' (HLS/conv2d.cpp:30) [132]  (7.3 ns)

 <State 8>: 7.3ns
The critical path consists of the following:
	bus request operation ('filterValue_req', HLS/conv2d.cpp:30) on port 'gmem' (HLS/conv2d.cpp:30) [132]  (7.3 ns)

 <State 9>: 7.3ns
The critical path consists of the following:
	bus request operation ('filterValue_req', HLS/conv2d.cpp:30) on port 'gmem' (HLS/conv2d.cpp:30) [132]  (7.3 ns)

 <State 10>: 7.3ns
The critical path consists of the following:
	bus request operation ('filterValue_req', HLS/conv2d.cpp:30) on port 'gmem' (HLS/conv2d.cpp:30) [132]  (7.3 ns)

 <State 11>: 7.3ns
The critical path consists of the following:
	bus request operation ('filterValue_req', HLS/conv2d.cpp:30) on port 'gmem' (HLS/conv2d.cpp:30) [132]  (7.3 ns)

 <State 12>: 7.3ns
The critical path consists of the following:
	bus request operation ('filterValue_req', HLS/conv2d.cpp:30) on port 'gmem' (HLS/conv2d.cpp:30) [132]  (7.3 ns)

 <State 13>: 7.3ns
The critical path consists of the following:
	bus request operation ('filterValue_req', HLS/conv2d.cpp:30) on port 'gmem' (HLS/conv2d.cpp:30) [132]  (7.3 ns)

 <State 14>: 7.3ns
The critical path consists of the following:
	bus read operation ('filterValue', HLS/conv2d.cpp:30) on port 'gmem' (HLS/conv2d.cpp:30) [133]  (7.3 ns)

 <State 15>: 7.3ns
The critical path consists of the following:
	bus request operation ('pixelValue_req', HLS/conv2d.cpp:31) on port 'gmem' (HLS/conv2d.cpp:31) [137]  (7.3 ns)

 <State 16>: 7.3ns
The critical path consists of the following:
	bus request operation ('pixelValue_req', HLS/conv2d.cpp:31) on port 'gmem' (HLS/conv2d.cpp:31) [137]  (7.3 ns)

 <State 17>: 7.3ns
The critical path consists of the following:
	bus read operation ('pixelValue', HLS/conv2d.cpp:31) on port 'gmem' (HLS/conv2d.cpp:31) [138]  (7.3 ns)

 <State 18>: 6.91ns
The critical path consists of the following:
	'mul' operation ('res', HLS/conv2d.h:14) [141]  (6.91 ns)

 <State 19>: 6.91ns
The critical path consists of the following:
	'mul' operation ('res', HLS/conv2d.h:14) [141]  (6.91 ns)

 <State 20>: 4.14ns
The critical path consists of the following:
	'load' operation ('acc_load', HLS/conv2d.cpp:32) on local variable 'acc' [74]  (0 ns)
	'add' operation ('acc', HLS/conv2d.cpp:32) [143]  (2.55 ns)
	'store' operation ('store_ln27', HLS/conv2d.cpp:27) of variable 'acc', HLS/conv2d.cpp:32 on local variable 'acc' [152]  (1.59 ns)


============================================================
+ Verbose Summary: Binding
============================================================
N/A
* FSMD analyzer results:
  - Output states:
 - Input state : 
  - Chain level:
	State 1
	State 2
	State 3
	State 4
	State 5
	State 6
	State 7
	State 8
	State 9
	State 10
	State 11
	State 12
	State 13
	State 14
	State 15
	State 16
	State 17
	State 18
	State 19
	State 20


============================================================
+ Verbose Summary: Datapath Resource usage 
============================================================
N/A
