

================================================================
== Vitis HLS Report for 'Conv2D_HW_Pipeline_VITIS_LOOP_25_4_VITIS_LOOP_26_5_VITIS_LOOP_27_6'
================================================================
* Date:           Fri Mar 13 11:33:45 2026

* Version:        2022.2 (Build 3670227 on Oct 13 2022)
* Project:        midterm_vitis
* Solution:       solution1 (Vivado IP Flow Target)
* Product family: zynq
* Target device:  xc7z020-clg400-1


================================================================
== Performance Estimates
================================================================
+ Timing: 
    * Summary: 
    +--------+----------+----------+------------+
    |  Clock |  Target  | Estimated| Uncertainty|
    +--------+----------+----------+------------+
    |ap_clk  |  10.00 ns|  7.300 ns|     2.70 ns|
    +--------+----------+----------+------------+

+ Latency: 
    * Summary: 
    +---------+---------+----------+----------+-----+-----+---------+
    |  Latency (cycles) |  Latency (absolute) |  Interval | Pipeline|
    |   min   |   max   |    min   |    max   | min | max |   Type  |
    +---------+---------+----------+----------+-----+-----+---------+
    |        ?|        ?|         ?|         ?|    ?|    ?|       no|
    +---------+---------+----------+----------+-----+-----+---------+

    + Detail: 
        * Instance: 
        N/A

        * Loop: 
        +---------------------------------------------------+---------+---------+----------+-----------+-----------+------+----------+
        |                                                   |  Latency (cycles) | Iteration|  Initiation Interval  | Trip |          |
        |                     Loop Name                     |   min   |   max   |  Latency |  achieved |   target  | Count| Pipelined|
        +---------------------------------------------------+---------+---------+----------+-----------+-----------+------+----------+
        |- VITIS_LOOP_25_4_VITIS_LOOP_26_5_VITIS_LOOP_27_6  |        ?|        ?|        19|          2|          1|     ?|       yes|
        +---------------------------------------------------+---------+---------+----------+-----------+-----------+------+----------+



================================================================
== Utilization Estimates
================================================================
* Summary: 
+-----------------+---------+-----+--------+-------+-----+
|       Name      | BRAM_18K| DSP |   FF   |  LUT  | URAM|
+-----------------+---------+-----+--------+-------+-----+
|DSP              |        -|    -|       -|      -|    -|
|Expression       |        -|    -|       0|   1543|    -|
|FIFO             |        -|    -|       -|      -|    -|
|Instance         |        -|   12|     660|    200|    -|
|Memory           |        -|    -|       -|      -|    -|
|Multiplexer      |        -|    -|       -|    127|    -|
|Register         |        -|    -|    1855|     96|    -|
+-----------------+---------+-----+--------+-------+-----+
|Total            |        0|   12|    2515|   1966|    0|
+-----------------+---------+-----+--------+-------+-----+
|Available        |      280|  220|  106400|  53200|    0|
+-----------------+---------+-----+--------+-------+-----+
|Utilization (%)  |        0|    5|       2|      3|    0|
+-----------------+---------+-----+--------+-------+-----+

+ Detail: 
    * Instance: 
    +------------------------+--------------------+---------+----+-----+----+-----+
    |        Instance        |       Module       | BRAM_18K| DSP|  FF | LUT| URAM|
    +------------------------+--------------------+---------+----+-----+----+-----+
    |mul_32s_32s_32_2_1_U8   |mul_32s_32s_32_2_1  |        0|   3|  165|  50|    0|
    |mul_32s_32s_32_2_1_U9   |mul_32s_32s_32_2_1  |        0|   3|  165|  50|    0|
    |mul_32s_32s_32_2_1_U10  |mul_32s_32s_32_2_1  |        0|   3|  165|  50|    0|
    |mul_32s_32s_52_2_1_U11  |mul_32s_32s_52_2_1  |        0|   3|  165|  50|    0|
    +------------------------+--------------------+---------+----+-----+----+-----+
    |Total                   |                    |        0|  12|  660| 200|    0|
    +------------------------+--------------------+---------+----+-----+----+-----+

    * DSP: 
    N/A

    * Memory: 
    N/A

    * FIFO: 
    N/A

    * Expression: 
    +---------------------------+----------+----+---+-----+------------+------------+
    |       Variable Name       | Operation| DSP| FF| LUT | Bitwidth P0| Bitwidth P1|
    +---------------------------+----------+----+---+-----+------------+------------+
    |acc_1_fu_717_p2            |         +|   0|  0|   39|          32|          32|
    |add_ln23_1_fu_642_p2       |         +|   0|  0|   41|          34|          34|
    |add_ln23_2_fu_658_p2       |         +|   0|  0|   71|          64|          64|
    |add_ln23_fu_548_p2         |         +|   0|  0|   71|          64|          64|
    |add_ln25_1_fu_368_p2       |         +|   0|  0|  103|          96|           1|
    |add_ln25_fu_316_p2         |         +|   0|  0|   39|          32|           1|
    |add_ln26_1_fu_416_p2       |         +|   0|  0|   71|          64|           1|
    |add_ln26_fu_358_p2         |         +|   0|  0|   39|          32|           1|
    |add_ln27_fu_410_p2         |         +|   0|  0|   39|          32|           1|
    |add_ln30_fu_570_p2         |         +|   0|  0|   70|          63|          63|
    |add_ln31_fu_677_p2         |         +|   0|  0|   70|          63|          63|
    |empty_36_fu_306_p2         |         +|   0|  0|   39|          32|          32|
    |empty_39_fu_476_p2         |         +|   0|  0|   41|          34|          34|
    |p_mid120_fu_515_p2         |         +|   0|  0|   41|          34|          34|
    |p_mid169_fu_498_p2         |         +|   0|  0|   40|          33|          33|
    |p_mid1_fu_397_p2           |         +|   0|  0|   39|          32|          32|
    |tmp3_fu_592_p2             |         +|   0|  0|   40|          33|          33|
    |tmp3_mid147_fu_610_p2      |         +|   0|  0|   40|          33|          33|
    |tmp3_mid1_fu_625_p2        |         +|   0|  0|   40|          33|          33|
    |tmp4_fu_467_p2             |         +|   0|  0|   40|          33|          33|
    |tmp4_mid1_fu_506_p2        |         +|   0|  0|   40|          33|          33|
    |ap_block_pp0_stage1_01001  |       and|   0|  0|    2|           1|           1|
    |ap_block_state7_io         |       and|   0|  0|    2|           1|           1|
    |icmp_ln25_fu_322_p2        |      icmp|   0|  0|   39|          96|          96|
    |icmp_ln26_fu_333_p2        |      icmp|   0|  0|   29|          64|          64|
    |icmp_ln27_fu_346_p2        |      icmp|   0|  0|   18|          32|          32|
    |ap_block_pp0_stage0_11001  |        or|   0|  0|    2|           1|           1|
    |ap_block_pp0_stage1_11001  |        or|   0|  0|    2|           1|           1|
    |or_ln23_fu_386_p2          |        or|   0|  0|    2|           1|           1|
    |select_ln23_1_fu_601_p3    |    select|   0|  0|   32|           1|          32|
    |select_ln23_2_fu_489_p3    |    select|   0|  0|   32|           1|          32|
    |select_ln23_3_fu_615_p3    |    select|   0|  0|   33|           1|          33|
    |select_ln23_4_fu_351_p3    |    select|   0|  0|    2|           1|           1|
    |select_ln23_5_fu_390_p3    |    select|   0|  0|   32|           1|           1|
    |select_ln23_6_fu_524_p3    |    select|   0|  0|   34|           1|          34|
    |select_ln23_7_fu_530_p3    |    select|   0|  0|   34|           1|          34|
    |select_ln23_8_fu_631_p3    |    select|   0|  0|   33|           1|          33|
    |select_ln23_fu_338_p3      |    select|   0|  0|   32|           1|           1|
    |select_ln25_fu_381_p3      |    select|   0|  0|   32|           1|          32|
    |select_ln26_1_fu_421_p3    |    select|   0|  0|   64|           1|           1|
    |select_ln26_fu_405_p3      |    select|   0|  0|   32|           1|          32|
    |ap_enable_pp0              |       xor|   0|  0|    2|           1|           2|
    +---------------------------+----------+----+---+-----+------------+------------+
    |Total                      |          |   0|  0| 1543|        1116|        1120|
    +---------------------------+----------+----+---+-----+------------+------------+

    * Multiplexer: 
    +-------------------------+----+-----------+-----+-----------+
    |           Name          | LUT| Input Size| Bits| Total Bits|
    +-------------------------+----+-----------+-----+-----------+
    |acc_fu_102               |   9|          2|   32|         64|
    |ap_NS_fsm                |  14|          3|    1|          3|
    |ap_done_int              |   9|          2|    1|          2|
    |ap_enable_reg_pp0_iter0  |   9|          2|    1|          2|
    |ap_enable_reg_pp0_iter3  |   9|          2|    1|          2|
    |cx_fu_106                |   9|          2|   32|         64|
    |cy_fu_110                |   9|          2|   32|         64|
    |gmem_blk_n_AR            |   9|          2|    1|          2|
    |gmem_blk_n_R             |   9|          2|    1|          2|
    |iChannel_fu_118          |   9|          2|   32|         64|
    |indvar_flatten93_fu_122  |   9|          2|   96|        192|
    |indvar_flatten_fu_114    |   9|          2|   64|        128|
    |m_axi_gmem_ARADDR        |  14|          3|   64|        192|
    +-------------------------+----+-----------+-----+-----------+
    |Total                    | 127|         28|  358|        781|
    +-------------------------+----+-----------+-----+-----------+

    * Register: 
    +-------------------------------------+----+----+-----+-----------+
    |                 Name                | FF | LUT| Bits| Const Bits|
    +-------------------------------------+----+----+-----+-----------+
    |acc_fu_102                           |  32|   0|   32|          0|
    |add_ln23_1_reg_1017                  |  34|   0|   34|          0|
    |add_ln25_reg_875                     |  32|   0|   32|          0|
    |add_ln26_reg_920                     |  32|   0|   32|          0|
    |ap_CS_fsm                            |   2|   0|    2|          0|
    |ap_done_reg                          |   1|   0|    1|          0|
    |ap_enable_reg_pp0_iter0_reg          |   1|   0|    1|          0|
    |ap_enable_reg_pp0_iter1              |   1|   0|    1|          0|
    |ap_enable_reg_pp0_iter2              |   1|   0|    1|          0|
    |ap_enable_reg_pp0_iter3              |   1|   0|    1|          0|
    |ap_enable_reg_pp0_iter4              |   1|   0|    1|          0|
    |ap_enable_reg_pp0_iter5              |   1|   0|    1|          0|
    |ap_enable_reg_pp0_iter6              |   1|   0|    1|          0|
    |ap_enable_reg_pp0_iter7              |   1|   0|    1|          0|
    |ap_enable_reg_pp0_iter8              |   1|   0|    1|          0|
    |ap_enable_reg_pp0_iter9              |   1|   0|    1|          0|
    |ap_loop_exit_ready_pp0_iter1_reg     |   1|   0|    1|          0|
    |ap_loop_exit_ready_pp0_iter2_reg     |   1|   0|    1|          0|
    |ap_loop_exit_ready_pp0_iter3_reg     |   1|   0|    1|          0|
    |ap_loop_exit_ready_pp0_iter4_reg     |   1|   0|    1|          0|
    |ap_loop_exit_ready_pp0_iter5_reg     |   1|   0|    1|          0|
    |ap_loop_exit_ready_pp0_iter6_reg     |   1|   0|    1|          0|
    |ap_loop_exit_ready_pp0_iter7_reg     |   1|   0|    1|          0|
    |ap_loop_exit_ready_pp0_iter8_reg     |   1|   0|    1|          0|
    |cx_cast_reg_1006                     |  32|   0|   63|         31|
    |cx_fu_106                            |  32|   0|   32|          0|
    |cx_load_reg_886                      |  32|   0|   32|          0|
    |cy_fu_110                            |  32|   0|   32|          0|
    |empty_35_reg_932                     |  32|   0|   32|          0|
    |empty_36_reg_870                     |  32|   0|   32|          0|
    |empty_37_reg_953                     |  32|   0|   32|          0|
    |empty_37_reg_953_pp0_iter2_reg       |  32|   0|   32|          0|
    |empty_38_reg_938                     |  32|   0|   32|          0|
    |empty_39_reg_980                     |  34|   0|   34|          0|
    |empty_reg_974                        |  32|   0|   32|          0|
    |filterValue_reg_1028                 |  32|   0|   32|          0|
    |filterValue_reg_1028_pp0_iter7_reg   |  32|   0|   32|          0|
    |gmem_addr_1_reg_1022                 |  64|   0|   64|          0|
    |gmem_addr_reg_1011                   |  64|   0|   64|          0|
    |iChannel_1_reg_858                   |  32|   0|   32|          0|
    |iChannel_fu_118                      |  32|   0|   32|          0|
    |icmp_ln25_reg_882                    |   1|   0|    1|          0|
    |icmp_ln26_reg_896                    |   1|   0|    1|          0|
    |indvar_flatten93_fu_122              |  96|   0|   96|          0|
    |indvar_flatten93_load_reg_865        |  96|   0|   96|          0|
    |indvar_flatten_fu_114                |  64|   0|   64|          0|
    |indvar_flatten_load_reg_891          |  64|   0|   64|          0|
    |p_cast8_mid145_cast_reg_837          |  32|   0|   33|          1|
    |p_mid110_reg_990                     |  32|   0|   32|          0|
    |p_mid118_reg_969                     |  32|   0|   32|          0|
    |p_mid120_reg_995                     |  34|   0|   34|          0|
    |p_mid137_reg_1000                    |  32|   0|   32|          0|
    |p_mid139_reg_963                     |  32|   0|   32|          0|
    |p_mid169_reg_985                     |  33|   0|   33|          0|
    |p_mid1_reg_948                       |  32|   0|   32|          0|
    |pixelValue_reg_1033                  |  32|   0|   32|          0|
    |select_ln23_4_reg_912                |   1|   0|    1|          0|
    |select_ln23_5_reg_943                |  32|   0|   32|          0|
    |select_ln23_5_reg_943_pp0_iter2_reg  |  32|   0|   32|          0|
    |select_ln23_reg_907                  |  32|   0|   32|          0|
    |tmp2_mid1_reg_958                    |  32|   0|   32|          0|
    |tmp2_reg_927                         |  32|   0|   32|          0|
    |tmp4_cast_mid167_cast_reg_848        |  32|   0|   33|          1|
    |trunc_ln1_reg_1048                   |  32|   0|   32|          0|
    |zext_ln20_1_cast_reg_842             |  32|   0|   33|          1|
    |zext_ln25_cast_reg_832               |  32|   0|   34|          2|
    |icmp_ln25_reg_882                    |  64|  32|    1|          0|
    |icmp_ln26_reg_896                    |  64|  32|    1|          0|
    |select_ln23_4_reg_912                |  64|  32|    1|          0|
    +-------------------------------------+----+----+-----+-----------+
    |Total                                |1855|  96| 1702|         36|
    +-------------------------------------+----+----+-----+-----------+



================================================================
== Interface
================================================================
* Summary: 
+---------------------+-----+-----+------------+--------------------------------------------------------------------+--------------+
|      RTL Ports      | Dir | Bits|  Protocol  |                            Source Object                           |    C Type    |
+---------------------+-----+-----+------------+--------------------------------------------------------------------+--------------+
|ap_clk               |   in|    1|  ap_ctrl_hs|  Conv2D_HW_Pipeline_VITIS_LOOP_25_4_VITIS_LOOP_26_5_VITIS_LOOP_27_6|  return value|
|ap_rst               |   in|    1|  ap_ctrl_hs|  Conv2D_HW_Pipeline_VITIS_LOOP_25_4_VITIS_LOOP_26_5_VITIS_LOOP_27_6|  return value|
|ap_start             |   in|    1|  ap_ctrl_hs|  Conv2D_HW_Pipeline_VITIS_LOOP_25_4_VITIS_LOOP_26_5_VITIS_LOOP_27_6|  return value|
|ap_done              |  out|    1|  ap_ctrl_hs|  Conv2D_HW_Pipeline_VITIS_LOOP_25_4_VITIS_LOOP_26_5_VITIS_LOOP_27_6|  return value|
|ap_idle              |  out|    1|  ap_ctrl_hs|  Conv2D_HW_Pipeline_VITIS_LOOP_25_4_VITIS_LOOP_26_5_VITIS_LOOP_27_6|  return value|
|ap_ready             |  out|    1|  ap_ctrl_hs|  Conv2D_HW_Pipeline_VITIS_LOOP_25_4_VITIS_LOOP_26_5_VITIS_LOOP_27_6|  return value|
|grp_fu_271_p_din0    |  out|   32|  ap_ctrl_hs|  Conv2D_HW_Pipeline_VITIS_LOOP_25_4_VITIS_LOOP_26_5_VITIS_LOOP_27_6|  return value|
|grp_fu_271_p_din1    |  out|   32|  ap_ctrl_hs|  Conv2D_HW_Pipeline_VITIS_LOOP_25_4_VITIS_LOOP_26_5_VITIS_LOOP_27_6|  return value|
|grp_fu_271_p_dout0   |   in|   32|  ap_ctrl_hs|  Conv2D_HW_Pipeline_VITIS_LOOP_25_4_VITIS_LOOP_26_5_VITIS_LOOP_27_6|  return value|
|grp_fu_271_p_ce      |  out|    1|  ap_ctrl_hs|  Conv2D_HW_Pipeline_VITIS_LOOP_25_4_VITIS_LOOP_26_5_VITIS_LOOP_27_6|  return value|
|grp_fu_344_p_din0    |  out|   32|  ap_ctrl_hs|  Conv2D_HW_Pipeline_VITIS_LOOP_25_4_VITIS_LOOP_26_5_VITIS_LOOP_27_6|  return value|
|grp_fu_344_p_din1    |  out|   32|  ap_ctrl_hs|  Conv2D_HW_Pipeline_VITIS_LOOP_25_4_VITIS_LOOP_26_5_VITIS_LOOP_27_6|  return value|
|grp_fu_344_p_dout0   |   in|   32|  ap_ctrl_hs|  Conv2D_HW_Pipeline_VITIS_LOOP_25_4_VITIS_LOOP_26_5_VITIS_LOOP_27_6|  return value|
|grp_fu_344_p_ce      |  out|    1|  ap_ctrl_hs|  Conv2D_HW_Pipeline_VITIS_LOOP_25_4_VITIS_LOOP_26_5_VITIS_LOOP_27_6|  return value|
|grp_fu_348_p_din0    |  out|   32|  ap_ctrl_hs|  Conv2D_HW_Pipeline_VITIS_LOOP_25_4_VITIS_LOOP_26_5_VITIS_LOOP_27_6|  return value|
|grp_fu_348_p_din1    |  out|   32|  ap_ctrl_hs|  Conv2D_HW_Pipeline_VITIS_LOOP_25_4_VITIS_LOOP_26_5_VITIS_LOOP_27_6|  return value|
|grp_fu_348_p_dout0   |   in|   32|  ap_ctrl_hs|  Conv2D_HW_Pipeline_VITIS_LOOP_25_4_VITIS_LOOP_26_5_VITIS_LOOP_27_6|  return value|
|grp_fu_348_p_ce      |  out|    1|  ap_ctrl_hs|  Conv2D_HW_Pipeline_VITIS_LOOP_25_4_VITIS_LOOP_26_5_VITIS_LOOP_27_6|  return value|
|grp_fu_352_p_din0    |  out|   32|  ap_ctrl_hs|  Conv2D_HW_Pipeline_VITIS_LOOP_25_4_VITIS_LOOP_26_5_VITIS_LOOP_27_6|  return value|
|grp_fu_352_p_din1    |  out|   32|  ap_ctrl_hs|  Conv2D_HW_Pipeline_VITIS_LOOP_25_4_VITIS_LOOP_26_5_VITIS_LOOP_27_6|  return value|
|grp_fu_352_p_dout0   |   in|   32|  ap_ctrl_hs|  Conv2D_HW_Pipeline_VITIS_LOOP_25_4_VITIS_LOOP_26_5_VITIS_LOOP_27_6|  return value|
|grp_fu_352_p_ce      |  out|    1|  ap_ctrl_hs|  Conv2D_HW_Pipeline_VITIS_LOOP_25_4_VITIS_LOOP_26_5_VITIS_LOOP_27_6|  return value|
|grp_fu_356_p_din0    |  out|   32|  ap_ctrl_hs|  Conv2D_HW_Pipeline_VITIS_LOOP_25_4_VITIS_LOOP_26_5_VITIS_LOOP_27_6|  return value|
|grp_fu_356_p_din1    |  out|   32|  ap_ctrl_hs|  Conv2D_HW_Pipeline_VITIS_LOOP_25_4_VITIS_LOOP_26_5_VITIS_LOOP_27_6|  return value|
|grp_fu_356_p_dout0   |   in|   32|  ap_ctrl_hs|  Conv2D_HW_Pipeline_VITIS_LOOP_25_4_VITIS_LOOP_26_5_VITIS_LOOP_27_6|  return value|
|grp_fu_356_p_ce      |  out|    1|  ap_ctrl_hs|  Conv2D_HW_Pipeline_VITIS_LOOP_25_4_VITIS_LOOP_26_5_VITIS_LOOP_27_6|  return value|
|grp_fu_363_p_din0    |  out|   32|  ap_ctrl_hs|  Conv2D_HW_Pipeline_VITIS_LOOP_25_4_VITIS_LOOP_26_5_VITIS_LOOP_27_6|  return value|
|grp_fu_363_p_din1    |  out|   32|  ap_ctrl_hs|  Conv2D_HW_Pipeline_VITIS_LOOP_25_4_VITIS_LOOP_26_5_VITIS_LOOP_27_6|  return value|
|grp_fu_363_p_dout0   |   in|   32|  ap_ctrl_hs|  Conv2D_HW_Pipeline_VITIS_LOOP_25_4_VITIS_LOOP_26_5_VITIS_LOOP_27_6|  return value|
|grp_fu_363_p_ce      |  out|    1|  ap_ctrl_hs|  Conv2D_HW_Pipeline_VITIS_LOOP_25_4_VITIS_LOOP_26_5_VITIS_LOOP_27_6|  return value|
|grp_fu_413_p_din0    |  out|   32|  ap_ctrl_hs|  Conv2D_HW_Pipeline_VITIS_LOOP_25_4_VITIS_LOOP_26_5_VITIS_LOOP_27_6|  return value|
|grp_fu_413_p_din1    |  out|   32|  ap_ctrl_hs|  Conv2D_HW_Pipeline_VITIS_LOOP_25_4_VITIS_LOOP_26_5_VITIS_LOOP_27_6|  return value|
|grp_fu_413_p_dout0   |   in|   32|  ap_ctrl_hs|  Conv2D_HW_Pipeline_VITIS_LOOP_25_4_VITIS_LOOP_26_5_VITIS_LOOP_27_6|  return value|
|grp_fu_413_p_ce      |  out|    1|  ap_ctrl_hs|  Conv2D_HW_Pipeline_VITIS_LOOP_25_4_VITIS_LOOP_26_5_VITIS_LOOP_27_6|  return value|
|m_axi_gmem_AWVALID   |  out|    1|       m_axi|                                                                gmem|       pointer|
|m_axi_gmem_AWREADY   |   in|    1|       m_axi|                                                                gmem|       pointer|
|m_axi_gmem_AWADDR    |  out|   64|       m_axi|                                                                gmem|       pointer|
|m_axi_gmem_AWID      |  out|    1|       m_axi|                                                                gmem|       pointer|
|m_axi_gmem_AWLEN     |  out|   32|       m_axi|                                                                gmem|       pointer|
|m_axi_gmem_AWSIZE    |  out|    3|       m_axi|                                                                gmem|       pointer|
|m_axi_gmem_AWBURST   |  out|    2|       m_axi|                                                                gmem|       pointer|
|m_axi_gmem_AWLOCK    |  out|    2|       m_axi|                                                                gmem|       pointer|
|m_axi_gmem_AWCACHE   |  out|    4|       m_axi|                                                                gmem|       pointer|
|m_axi_gmem_AWPROT    |  out|    3|       m_axi|                                                                gmem|       pointer|
|m_axi_gmem_AWQOS     |  out|    4|       m_axi|                                                                gmem|       pointer|
|m_axi_gmem_AWREGION  |  out|    4|       m_axi|                                                                gmem|       pointer|
|m_axi_gmem_AWUSER    |  out|    1|       m_axi|                                                                gmem|       pointer|
|m_axi_gmem_WVALID    |  out|    1|       m_axi|                                                                gmem|       pointer|
|m_axi_gmem_WREADY    |   in|    1|       m_axi|                                                                gmem|       pointer|
|m_axi_gmem_WDATA     |  out|   32|       m_axi|                                                                gmem|       pointer|
|m_axi_gmem_WSTRB     |  out|    4|       m_axi|                                                                gmem|       pointer|
|m_axi_gmem_WLAST     |  out|    1|       m_axi|                                                                gmem|       pointer|
|m_axi_gmem_WID       |  out|    1|       m_axi|                                                                gmem|       pointer|
|m_axi_gmem_WUSER     |  out|    1|       m_axi|                                                                gmem|       pointer|
|m_axi_gmem_ARVALID   |  out|    1|       m_axi|                                                                gmem|       pointer|
|m_axi_gmem_ARREADY   |   in|    1|       m_axi|                                                                gmem|       pointer|
|m_axi_gmem_ARADDR    |  out|   64|       m_axi|                                                                gmem|       pointer|
|m_axi_gmem_ARID      |  out|    1|       m_axi|                                                                gmem|       pointer|
|m_axi_gmem_ARLEN     |  out|   32|       m_axi|                                                                gmem|       pointer|
|m_axi_gmem_ARSIZE    |  out|    3|       m_axi|                                                                gmem|       pointer|
|m_axi_gmem_ARBURST   |  out|    2|       m_axi|                                                                gmem|       pointer|
|m_axi_gmem_ARLOCK    |  out|    2|       m_axi|                                                                gmem|       pointer|
|m_axi_gmem_ARCACHE   |  out|    4|       m_axi|                                                                gmem|       pointer|
|m_axi_gmem_ARPROT    |  out|    3|       m_axi|                                                                gmem|       pointer|
|m_axi_gmem_ARQOS     |  out|    4|       m_axi|                                                                gmem|       pointer|
|m_axi_gmem_ARREGION  |  out|    4|       m_axi|                                                                gmem|       pointer|
|m_axi_gmem_ARUSER    |  out|    1|       m_axi|                                                                gmem|       pointer|
|m_axi_gmem_RVALID    |   in|    1|       m_axi|                                                                gmem|       pointer|
|m_axi_gmem_RREADY    |  out|    1|       m_axi|                                                                gmem|       pointer|
|m_axi_gmem_RDATA     |   in|   32|       m_axi|                                                                gmem|       pointer|
|m_axi_gmem_RLAST     |   in|    1|       m_axi|                                                                gmem|       pointer|
|m_axi_gmem_RID       |   in|    1|       m_axi|                                                                gmem|       pointer|
|m_axi_gmem_RFIFONUM  |   in|    9|       m_axi|                                                                gmem|       pointer|
|m_axi_gmem_RUSER     |   in|    1|       m_axi|                                                                gmem|       pointer|
|m_axi_gmem_RRESP     |   in|    2|       m_axi|                                                                gmem|       pointer|
|m_axi_gmem_BVALID    |   in|    1|       m_axi|                                                                gmem|       pointer|
|m_axi_gmem_BREADY    |  out|    1|       m_axi|                                                                gmem|       pointer|
|m_axi_gmem_BRESP     |   in|    2|       m_axi|                                                                gmem|       pointer|
|m_axi_gmem_BID       |   in|    1|       m_axi|                                                                gmem|       pointer|
|m_axi_gmem_BUSER     |   in|    1|       m_axi|                                                                gmem|       pointer|
|inputWidth           |   in|   32|     ap_none|                                                          inputWidth|        scalar|
|inputHeight          |   in|   32|     ap_none|                                                         inputHeight|        scalar|
|mul_ln20             |   in|   32|     ap_none|                                                            mul_ln20|        scalar|
|select_ln20          |   in|   32|     ap_none|                                                         select_ln20|        scalar|
|convWidth            |   in|   32|     ap_none|                                                           convWidth|        scalar|
|zext_ln20_1          |   in|   32|     ap_none|                                                         zext_ln20_1|        scalar|
|mul_ln3_1            |   in|   96|     ap_none|                                                           mul_ln3_1|        scalar|
|mul_ln3              |   in|   64|     ap_none|                                                             mul_ln3|        scalar|
|p_cast8_mid145       |   in|   32|     ap_none|                                                      p_cast8_mid145|        scalar|
|tmp4_cast_mid167     |   in|   32|     ap_none|                                                    tmp4_cast_mid167|        scalar|
|icmp_ln27_1          |   in|    1|     ap_none|                                                         icmp_ln27_1|        scalar|
|coeffs               |   in|   64|     ap_none|                                                              coeffs|        scalar|
|zext_ln25            |   in|   32|     ap_none|                                                           zext_ln25|        scalar|
|input_r              |   in|   64|     ap_none|                                                             input_r|        scalar|
|acc_out              |  out|   32|      ap_vld|                                                             acc_out|       pointer|
|acc_out_ap_vld       |  out|    1|      ap_vld|                                                             acc_out|       pointer|
+---------------------+-----+-----+------------+--------------------------------------------------------------------+--------------+

