

================================================================
== Synthesis Summary Report of 'Conv2D_HW'
================================================================
+ General Information: 
    * Date:           Fri Mar 13 11:33:46 2026
    * Version:        2022.2 (Build 3670227 on Oct 13 2022)
    * Project:        midterm_vitis
    * Solution:       solution1 (Vivado IP Flow Target)
    * Product family: zynq
    * Target device:  xc7z020-clg400-1
    

+ Performance & Resource Estimates: 
    
    PS: '+' for module; 'o' for loop; '*' for dataflow
    +-------------------------------------------------------------------------+------+------+---------+--------+----------+---------+------+----------+------+----------+-----------+------------+-----+
    |                                 Modules                                 | Issue|      | Latency | Latency| Iteration|         | Trip |          |      |          |           |            |     |
    |                                 & Loops                                 | Type | Slack| (cycles)|  (ns)  |  Latency | Interval| Count| Pipelined| BRAM |    DSP   |     FF    |     LUT    | URAM|
    +-------------------------------------------------------------------------+------+------+---------+--------+----------+---------+------+----------+------+----------+-----------+------------+-----+
    |+ Conv2D_HW                                                              |     -|  0.00|        -|       -|         -|        -|     -|        no|     -|  45 (20%)|  6938 (6%)|  5785 (10%)|    -|
    | o VITIS_LOOP_20_1_VITIS_LOOP_21_2                                       |     -|  7.30|        -|       -|         -|        -|     -|        no|     -|         -|          -|           -|    -|
    |  o VITIS_LOOP_22_3                                                      |     -|  7.30|        -|       -|         -|        -|     -|        no|     -|         -|          -|           -|    -|
    |   + Conv2D_HW_Pipeline_VITIS_LOOP_25_4_VITIS_LOOP_26_5_VITIS_LOOP_27_6  |     -|  0.00|        -|       -|         -|        -|     -|        no|     -|   12 (5%)|  2515 (2%)|   1966 (3%)|    -|
    |    o VITIS_LOOP_25_4_VITIS_LOOP_26_5_VITIS_LOOP_27_6                    |    II|  7.30|        -|       -|        19|        2|     -|       yes|     -|         -|          -|           -|    -|
    +-------------------------------------------------------------------------+------+------+---------+--------+----------+---------+------+----------+------+----------+-----------+------------+-----+


================================================================
== HW Interfaces
================================================================
* M_AXI
+------------+------------+---------------+---------+--------+----------+-----------+--------------+--------------+-------------+-------------+
| Interface  | Data Width | Address Width | Latency | Offset | Register | Max Widen | Max Read     | Max Write    | Num Read    | Num Write   |
|            | (SW->HW)   |               |         |        |          | Bitwidth  | Burst Length | Burst Length | Outstanding | Outstanding |
+------------+------------+---------------+---------+--------+----------+-----------+--------------+--------------+-------------+-------------+
| m_axi_gmem | 32 -> 32   | 64            | 0       | slave  | 0        | 0         | 16           | 16           | 16          | 16          |
+------------+------------+---------------+---------+--------+----------+-----------+--------------+--------------+-------------+-------------+

* S_AXILITE Interfaces
+---------------+------------+---------------+--------+----------+
| Interface     | Data Width | Address Width | Offset | Register |
+---------------+------------+---------------+--------+----------+
| s_axi_control | 32         | 7             | 16     | 0        |
+---------------+------------+---------------+--------+----------+

* S_AXILITE Registers
+---------------+-------------+--------+-------+--------+----------------------------------+----------------------------------------------------------------------+
| Interface     | Register    | Offset | Width | Access | Description                      | Bit Fields                                                           |
+---------------+-------------+--------+-------+--------+----------------------------------+----------------------------------------------------------------------+
| s_axi_control | CTRL        | 0x00   | 32    | RW     | Control signals                  | 0=AP_START 1=AP_DONE 2=AP_IDLE 3=AP_READY 7=AUTO_RESTART 9=INTERRUPT |
| s_axi_control | GIER        | 0x04   | 32    | RW     | Global Interrupt Enable Register | 0=Enable                                                             |
| s_axi_control | IP_IER      | 0x08   | 32    | RW     | IP Interrupt Enable Register     | 0=CHAN0_INT_EN 1=CHAN1_INT_EN                                        |
| s_axi_control | IP_ISR      | 0x0c   | 32    | RW     | IP Interrupt Status Register     | 0=CHAN0_INT_ST 1=CHAN1_INT_ST                                        |
| s_axi_control | input_r_1   | 0x10   | 32    | W      | Data signal of input_r           |                                                                      |
| s_axi_control | input_r_2   | 0x14   | 32    | W      | Data signal of input_r           |                                                                      |
| s_axi_control | output_r_1  | 0x1c   | 32    | W      | Data signal of output_r          |                                                                      |
| s_axi_control | output_r_2  | 0x20   | 32    | W      | Data signal of output_r          |                                                                      |
| s_axi_control | coeffs_1    | 0x28   | 32    | W      | Data signal of coeffs            |                                                                      |
| s_axi_control | coeffs_2    | 0x2c   | 32    | W      | Data signal of coeffs            |                                                                      |
| s_axi_control | numChannels | 0x34   | 32    | W      | Data signal of numChannels       |                                                                      |
| s_axi_control | numFilters  | 0x3c   | 32    | W      | Data signal of numFilters        |                                                                      |
| s_axi_control | inputWidth  | 0x44   | 32    | W      | Data signal of inputWidth        |                                                                      |
| s_axi_control | inputHeight | 0x4c   | 32    | W      | Data signal of inputHeight       |                                                                      |
| s_axi_control | convWidth   | 0x54   | 32    | W      | Data signal of convWidth         |                                                                      |
| s_axi_control | convHeight  | 0x5c   | 32    | W      | Data signal of convHeight        |                                                                      |
+---------------+-------------+--------+-------+--------+----------------------------------+----------------------------------------------------------------------+

* TOP LEVEL CONTROL
+-----------+------------+-----------+
| Interface | Type       | Ports     |
+-----------+------------+-----------+
| ap_clk    | clock      | ap_clk    |
| ap_rst_n  | reset      | ap_rst_n  |
| interrupt | interrupt  | interrupt |
| ap_ctrl   | ap_ctrl_hs |           |
+-----------+------------+-----------+


================================================================
== SW I/O Information
================================================================
* Top Function Arguments
+-------------+-----------+--------------+
| Argument    | Direction | Datatype     |
+-------------+-----------+--------------+
| input       | inout     | int*         |
| output      | inout     | int*         |
| coeffs      | inout     | int*         |
| numChannels | in        | unsigned int |
| numFilters  | in        | unsigned int |
| inputWidth  | in        | unsigned int |
| inputHeight | in        | unsigned int |
| convWidth   | in        | unsigned int |
| convHeight  | in        | unsigned int |
+-------------+-----------+--------------+

* SW-to-HW Mapping
+-------------+---------------+-----------+----------+---------------------------------------+
| Argument    | HW Interface  | HW Type   | HW Usage | HW Info                               |
+-------------+---------------+-----------+----------+---------------------------------------+
| input       | m_axi_gmem    | interface |          |                                       |
| input       | s_axi_control | interface | offset   |                                       |
| output      | m_axi_gmem    | interface |          |                                       |
| output      | s_axi_control | interface | offset   |                                       |
| coeffs      | m_axi_gmem    | interface |          |                                       |
| coeffs      | s_axi_control | register  | offset   | name=coeffs_1 offset=0x28 range=32    |
| coeffs      | s_axi_control | register  | offset   | name=coeffs_2 offset=0x2c range=32    |
| numChannels | s_axi_control | register  |          | name=numChannels offset=0x34 range=32 |
| numFilters  | s_axi_control | register  |          | name=numFilters offset=0x3c range=32  |
| inputWidth  | s_axi_control | register  |          | name=inputWidth offset=0x44 range=32  |
| inputHeight | s_axi_control | register  |          | name=inputHeight offset=0x4c range=32 |
| convWidth   | s_axi_control | register  |          | name=convWidth offset=0x54 range=32   |
| convHeight  | s_axi_control | register  |          | name=convHeight offset=0x5c range=32  |
+-------------+---------------+-----------+----------+---------------------------------------+


================================================================
== M_AXI Burst Information
================================================================
 Note: All burst requests might be further partitioned into multiple requests during RTL generation based on max_read_burst_length or max_write_burst_length settings.

* Inferred Burst Summary
+--------------+-----------------+-----------+----------+-------+----------------------+
| HW Interface | Loop            | Direction | Length   | Width | Location             |
+--------------+-----------------+-----------+----------+-------+----------------------+
| m_axi_gmem   | VITIS_LOOP_22_3 | write     | variable | 32    | HLS/conv2d.cpp:22:24 |
+--------------+-----------------+-----------+----------+-------+----------------------+

* Inferred Bursts and Widening Missed
+--------------+----------+-----------------+-------------------------------------------------------------------------------------------------------+------------+----------------------+
| HW Interface | Variable | Loop            | Problem                                                                                               | Resolution | Location             |
+--------------+----------+-----------------+-------------------------------------------------------------------------------------------------------+------------+----------------------+
| m_axi_gmem   | coeffs   | VITIS_LOOP_26_5 | Stride is incompatible                                                                                | 214-230    | HLS/conv2d.cpp:26:28 |
| m_axi_gmem   | input    | VITIS_LOOP_26_5 | Stride is incompatible                                                                                | 214-230    | HLS/conv2d.cpp:26:28 |
| m_axi_gmem   | output   | VITIS_LOOP_21_2 | Stride is incompatible                                                                                | 214-230    | HLS/conv2d.cpp:21:22 |
| m_axi_gmem   | output   | VITIS_LOOP_22_3 | Could not widen since type i32 size is greater than or equal to the max_widen_bitwidth threshold of 0 | 214-353    | HLS/conv2d.cpp:22:24 |
| m_axi_gmem   | coeffs   | VITIS_LOOP_27_6 | Could not widen since type i32 size is greater than or equal to the max_widen_bitwidth threshold of 0 | 214-353    | HLS/conv2d.cpp:27:30 |
| m_axi_gmem   | input    | VITIS_LOOP_27_6 | Could not widen since type i32 size is greater than or equal to the max_widen_bitwidth threshold of 0 | 214-353    | HLS/conv2d.cpp:27:30 |
| m_axi_gmem   |          |                 | Could not burst due to multiple potential reads to the same bundle in the same region.                | 214-224    | HLS/conv2d.cpp:27:30 |
+--------------+----------+-----------------+-------------------------------------------------------------------------------------------------------+------------+----------------------+

    * Resolution URL: www.xilinx.com/cgi-bin/docs/rdoc?v=2022.2;t=hls+guidance;d=XXX-YYY.html (replace XXX-YYY with column value)

================================================================
== Bind Op Report
================================================================
+-----------------------------------------------------------------------+-----+--------+-------------+-----+--------+---------+
| Name                                                                  | DSP | Pragma | Variable    | Op  | Impl   | Latency |
+-----------------------------------------------------------------------+-----+--------+-------------+-----+--------+---------+
| + Conv2D_HW                                                           | 45  |        |             |     |        |         |
|   sub_fu_266_p2                                                       | -   |        | sub         | add | fabric | 0       |
|   sub6_fu_287_p2                                                      | -   |        | sub6        | add | fabric | 0       |
|   mul_32s_32s_32_2_1_U32                                              | 3   |        | mul_ln20    | mul | auto   | 1       |
|   mul_32ns_32ns_64_2_1_U30                                            | 3   |        | mul_ln3     | mul | auto   | 1       |
|   mul_32s_32s_32_2_1_U36                                              | 6   |        | mul_ln3_1   | mul | auto   | 4       |
|   mul_32s_32s_32_2_1_U35                                              | 3   |        | mul_ln3_2   | mul | auto   | 1       |
|   add_ln20_fu_305_p2                                                  | -   |        | add_ln20    | add | fabric | 0       |
|   mul_32s_32s_32_2_1_U37                                              | -   |        | add_ln20_1  | add | fabric | 0       |
|   mul_32s_32s_32_2_1_U38                                              | 3   |        | mul_ln20_1  | mul | auto   | 1       |
|   mul_32s_32s_32_2_1_U35                                              | 3   |        | mul_ln20_2  | mul | auto   | 1       |
|   mul_32s_32s_32_2_1_U36                                              | 3   |        | mul_ln20_3  | mul | auto   | 1       |
|   mul_32s_32s_32_2_1_U38                                              | 3   |        | mul_ln20_4  | mul | auto   | 1       |
|   mul_32s_32s_32_2_1_U37                                              | 3   |        | empty_40    | mul | auto   | 1       |
|   empty_41_fu_370_p2                                                  | -   |        | empty_41    | add | fabric | 0       |
|   empty_42_fu_388_p2                                                  | -   |        | empty_42    | add | fabric | 0       |
|   mul_32s_32s_32_2_1_U39                                              | 3   |        | p_mid143    | mul | auto   | 1       |
|   add_ln22_fu_422_p2                                                  | -   |        | add_ln22    | add | fabric | 0       |
|   add_ln21_fu_428_p2                                                  | -   |        | add_ln21    | add | fabric | 0       |
|  + Conv2D_HW_Pipeline_VITIS_LOOP_25_4_VITIS_LOOP_26_5_VITIS_LOOP_27_6 | 12  |        |             |     |        |         |
|    mul_32s_32s_32_2_1_U8                                              | 3   |        | empty       | mul | auto   | 1       |
|    empty_36_fu_306_p2                                                 | -   |        | empty_36    | add | fabric | 0       |
|    tmp3_fu_592_p2                                                     | -   |        | tmp3        | add | fabric | 0       |
|    tmp4_fu_467_p2                                                     | -   |        | tmp4        | add | fabric | 0       |
|    empty_39_fu_476_p2                                                 | -   |        | empty_39    | add | fabric | 0       |
|    add_ln25_fu_316_p2                                                 | -   |        | add_ln25    | add | fabric | 0       |
|    add_ln25_1_fu_368_p2                                               | -   |        | add_ln25_1  | add | fabric | 0       |
|    mul_32s_32s_32_2_1_U10                                             | 3   |        | p_mid137    | mul | auto   | 1       |
|    tmp3_mid147_fu_610_p2                                              | -   |        | tmp3_mid147 | add | fabric | 0       |
|    p_mid169_fu_498_p2                                                 | -   |        | p_mid169    | add | fabric | 0       |
|    add_ln26_fu_358_p2                                                 | -   |        | add_ln26    | add | fabric | 0       |
|    p_mid1_fu_397_p2                                                   | -   |        | p_mid1      | add | fabric | 0       |
|    mul_32s_32s_32_2_1_U9                                              | 3   |        | p_mid110    | mul | auto   | 1       |
|    tmp3_mid1_fu_625_p2                                                | -   |        | tmp3_mid1   | add | fabric | 0       |
|    tmp4_mid1_fu_506_p2                                                | -   |        | tmp4_mid1   | add | fabric | 0       |
|    p_mid120_fu_515_p2                                                 | -   |        | p_mid120    | add | fabric | 0       |
|    add_ln23_fu_548_p2                                                 | -   |        | add_ln23    | add | fabric | 0       |
|    add_ln23_1_fu_642_p2                                               | -   |        | add_ln23_1  | add | fabric | 0       |
|    add_ln23_2_fu_658_p2                                               | -   |        | add_ln23_2  | add | fabric | 0       |
|    add_ln30_fu_570_p2                                                 | -   |        | add_ln30    | add | fabric | 0       |
|    add_ln31_fu_677_p2                                                 | -   |        | add_ln31    | add | fabric | 0       |
|    mul_32s_32s_52_2_1_U11                                             | 3   |        | res         | mul | auto   | 1       |
|    acc_1_fu_717_p2                                                    | -   |        | acc_1       | add | fabric | 0       |
|    add_ln27_fu_410_p2                                                 | -   |        | add_ln27    | add | fabric | 0       |
|    add_ln26_1_fu_416_p2                                               | -   |        | add_ln26_1  | add | fabric | 0       |
+-----------------------------------------------------------------------+-----+--------+-------------+-----+--------+---------+


================================================================
== Bind Storage Report
================================================================
  No bind storage info in design

================================================================
== Pragma Report
================================================================
* Valid Pragma Syntax
+-----------+--------------------------------+---------------------------------------------+
| Type      | Options                        | Location                                    |
+-----------+--------------------------------+---------------------------------------------+
| interface | s_axilite port=numChannels     | HLS/conv2d.cpp:8 in conv2d_hw, numChannels  |
| interface | s_axilite port=numFilters      | HLS/conv2d.cpp:9 in conv2d_hw, numFilters   |
| interface | s_axilite port=inputWidth      | HLS/conv2d.cpp:10 in conv2d_hw, inputWidth  |
| interface | s_axilite port=inputHeight     | HLS/conv2d.cpp:11 in conv2d_hw, inputHeight |
| interface | s_axilite port=convWidth       | HLS/conv2d.cpp:12 in conv2d_hw, convWidth   |
| interface | s_axilite port=convHeight      | HLS/conv2d.cpp:13 in conv2d_hw, convHeight  |
| interface | s_axilite port=return          | HLS/conv2d.cpp:14 in conv2d_hw, return      |
| interface | m_axi port=input offset=slave  | HLS/conv2d.cpp:16 in conv2d_hw, input       |
| interface | m_axi port=output offset=slave | HLS/conv2d.cpp:17 in conv2d_hw, output      |
| interface | m_axi port=coeffs offset=slave | HLS/conv2d.cpp:18 in conv2d_hw, coeffs      |
+-----------+--------------------------------+---------------------------------------------+


